Archive member included to satisfy reference by file (symbol)

/opt/devkitpro/devkitARM/bin/../lib/gcc/arm-none-eabi/13.1.0/thumb/libgcc.a(_call_via_rX.o)
                              mm_main_gba.o (_call_via_r1)
/opt/devkitpro/devkitARM/bin/../lib/gcc/arm-none-eabi/13.1.0/thumb/libgcc.a(_aeabi_ldivmod.o)
                              bn_hw_text.o (__aeabi_ldivmod)
/opt/devkitpro/devkitARM/bin/../lib/gcc/arm-none-eabi/13.1.0/thumb/libgcc.a(_aeabi_uldivmod.o)
                              bn_hw_text.o (__aeabi_uldivmod)
/opt/devkitpro/devkitARM/bin/../lib/gcc/arm-none-eabi/13.1.0/thumb/libgcc.a(_udivmoddi4.o)
                              /opt/devkitpro/devkitARM/bin/../lib/gcc/arm-none-eabi/13.1.0/thumb/libgcc.a(_aeabi_ldivmod.o) (__udivmoddi4)

Discarded input sections

 .text          0x00000000        0x0 /opt/devkitpro/devkitARM/bin/../lib/gcc/arm-none-eabi/13.1.0/../../../../arm-none-eabi/lib/thumb/gba_crt0.o
 .data          0x00000000        0x0 /opt/devkitpro/devkitARM/bin/../lib/gcc/arm-none-eabi/13.1.0/../../../../arm-none-eabi/lib/thumb/gba_crt0.o
 .bss           0x00000000        0x0 /opt/devkitpro/devkitARM/bin/../lib/gcc/arm-none-eabi/13.1.0/../../../../arm-none-eabi/lib/thumb/gba_crt0.o
 .text          0x00000000        0x0 /opt/devkitpro/devkitARM/bin/../lib/gcc/arm-none-eabi/13.1.0/thumb/crti.o
 .data          0x00000000        0x0 /opt/devkitpro/devkitARM/bin/../lib/gcc/arm-none-eabi/13.1.0/thumb/crti.o
 .bss           0x00000000        0x0 /opt/devkitpro/devkitARM/bin/../lib/gcc/arm-none-eabi/13.1.0/thumb/crti.o
 .text          0x00000000        0x0 /opt/devkitpro/devkitARM/bin/../lib/gcc/arm-none-eabi/13.1.0/thumb/crtbegin.o
 .data          0x00000000        0x0 /opt/devkitpro/devkitARM/bin/../lib/gcc/arm-none-eabi/13.1.0/thumb/crtbegin.o
 .bss           0x00000000        0x0 /opt/devkitpro/devkitARM/bin/../lib/gcc/arm-none-eabi/13.1.0/thumb/crtbegin.o
 .rodata.all_implied_fbits
                0x00000000       0x24 /opt/devkitpro/devkitARM/bin/../lib/gcc/arm-none-eabi/13.1.0/thumb/crtbegin.o
 .text          0x00000000        0x0 _bn_audio_soundbank.bin.o
 .data          0x00000000        0x0 _bn_audio_soundbank.bin.o
 .bss           0x00000000        0x0 _bn_audio_soundbank.bin.o
 .text          0x00000000        0x0 ball_bn_gfx.o
 .data          0x00000000        0x0 ball_bn_gfx.o
 .bss           0x00000000        0x0 ball_bn_gfx.o
 .text          0x00000000        0x0 eye_bn_gfx.o
 .data          0x00000000        0x0 eye_bn_gfx.o
 .bss           0x00000000        0x0 eye_bn_gfx.o
 .text          0x00000000        0x0 fixed_32x64_font_bn_gfx.o
 .data          0x00000000        0x0 fixed_32x64_font_bn_gfx.o
 .bss           0x00000000        0x0 fixed_32x64_font_bn_gfx.o
 .text          0x00000000        0x0 common_fixed_8x16_font_bn_gfx.o
 .data          0x00000000        0x0 common_fixed_8x16_font_bn_gfx.o
 .bss           0x00000000        0x0 common_fixed_8x16_font_bn_gfx.o
 .rodata        0x00000000     0x1ba0 common_fixed_8x16_font_bn_gfx.o
 .text          0x00000000        0x0 common_fixed_8x8_font_bn_gfx.o
 .data          0x00000000        0x0 common_fixed_8x8_font_bn_gfx.o
 .bss           0x00000000        0x0 common_fixed_8x8_font_bn_gfx.o
 .rodata        0x00000000      0xde0 common_fixed_8x8_font_bn_gfx.o
 .text          0x00000000        0x0 common_variable_16x16_font_bn_gfx.o
 .data          0x00000000        0x0 common_variable_16x16_font_bn_gfx.o
 .bss           0x00000000        0x0 common_variable_16x16_font_bn_gfx.o
 .rodata        0x00000000     0x3720 common_variable_16x16_font_bn_gfx.o
 .text          0x00000000        0x0 common_variable_8x16_font_bn_gfx.o
 .data          0x00000000        0x0 common_variable_8x16_font_bn_gfx.o
 .bss           0x00000000        0x0 common_variable_8x16_font_bn_gfx.o
 .text          0x00000000        0x0 common_variable_8x8_font_bn_gfx.o
 .data          0x00000000        0x0 common_variable_8x8_font_bn_gfx.o
 .bss           0x00000000        0x0 common_variable_8x8_font_bn_gfx.o
 .rodata        0x00000000      0xde0 common_variable_8x8_font_bn_gfx.o
 .group         0x00000000        0xc eye_screen.o
 .text          0x00000000        0x0 eye_screen.o
 .data          0x00000000        0x0 eye_screen.o
 .bss           0x00000000        0x0 eye_screen.o
 .text          0x00000000        0x0 main.o
 .data          0x00000000        0x0 main.o
 .bss           0x00000000        0x0 main.o
 .group         0x00000000        0xc title_screen.o
 .group         0x00000000        0x8 title_screen.o
 .group         0x00000000        0xc title_screen.o
 .text          0x00000000        0x0 title_screen.o
 .data          0x00000000        0x0 title_screen.o
 .bss           0x00000000        0x0 title_screen.o
 .group         0x00000000        0xc common_info.o
 .text          0x00000000        0x0 common_info.o
 .data          0x00000000        0x0 common_info.o
 .bss           0x00000000        0x0 common_info.o
[...]
Memory Configuration

Name             Origin             Length             Attributes
rom              0x08000000         0x02000000
iwram            0x03000000         0x00008000
ewram            0x02000000         0x00040000
*default*        0x00000000         0xffffffff

Linker script and memory map

                0x08000000                        __text_start = ORIGIN (rom)
                0x02040000                        __eheap_end = (ORIGIN (ewram) + LENGTH (ewram))
                0x03000000                        __iwram_start = ORIGIN (iwram)
                0x03008000                        __iwram_top = (ORIGIN (iwram) + LENGTH (iwram))
                0x03007fa0                        __sp_irq = (__iwram_top - 0x60)
                0x03007f00                        __sp_usr = (__sp_irq - 0xa0)
                0x03007ff8                        __irq_flags = 0x3007ff8
                0x08000000                        . = __text_start

.crt0           0x08000000      0x210
 *(.crt0)
 .crt0          0x08000000      0x210 /opt/devkitpro/devkitARM/bin/../lib/gcc/arm-none-eabi/13.1.0/../../../../arm-none-eabi/lib/thumb/gba_crt0.o
                0x08000000                _start
                0x080000c4                __boot_method
                0x080000c5                __slave_number
                0x080000e0                start_vector
                0x08000210                        . = ALIGN (0x4)

.init           0x08000210        0xc
 *(SORT_NONE(.init))
 .init          0x08000210        0x4 /opt/devkitpro/devkitARM/bin/../lib/gcc/arm-none-eabi/13.1.0/thumb/crti.o
                0x08000210                _init
 .init          0x08000214        0x8 /opt/devkitpro/devkitARM/bin/../lib/gcc/arm-none-eabi/13.1.0/thumb/crtn.o

.plt            0x0800021c        0x0
 *(.plt)
                0x0800021c                        . = ALIGN (0x4)

.text           0x08000220    0x15048
 *(EXCLUDE_FILE(*.iwram*) .text*)
 .text.__do_global_dtors_aux
                0x08000220       0x2c /opt/devkitpro/devkitARM/bin/../lib/gcc/arm-none-eabi/13.1.0/thumb/crtbegin.o
 .text.frame_dummy
                0x0800024c       0x24 /opt/devkitpro/devkitARM/bin/../lib/gcc/arm-none-eabi/13.1.0/thumb/crtbegin.o
 .text._ZN4Game10eye_screenEv
                0x08000270      0x1a4 eye_screen.o
                0x08000270                Game::eye_screen()
 .text.startup.main
                0x08000414       0x14 main.o
                0x08000414                main
 .text._ZN3_bn6assert9show_argsIJA16_ciA4_ciEEEvPKcS5_S5_iDpRKT_
                0x08000428       0x6c title_screen.o
                0x08000428                void _bn::assert::show_args<char [16], int, char [4], int>(char const*, char const*, char const*, int, char const (&) [16], int const&, char const (&) [4], int const&)
 .text._ZN4Game12title_screenEv
                0x08000494      0x368 title_screen.o
                0x08000494                Game::title_screen()
 .text._ZN3_bn6assert9show_argsIA16_ciEEvPKcS4_S4_iRKT_RKT0_
                0x080007fc       0x58 common_info.o
                0x080007fc                void _bn::assert::show_args<char [16], int>(char const*, char const*, char const*, int, char const (&) [16], int const&)
 .text._ZN3_bn6assert9show_argsIA15_ciEEvPKcS4_S4_iRKT_RKT0_
                0x08000854       0x58 common_stats.o
                0x08000854                void _bn::assert::show_args<char [15], int>(char const*, char const*, char const*, int, char const (&) [15], int const&)
 .text._ZN2bn13ostringstream6appendILi12EEEvNS_7fixed_tIXT_EEE
                0x080008ac       0xa0 common_stats.o
                0x080008ac                void bn::ostringstream::append<12>(bn::fixed_t<12>)
 .text._ZN2bn13ostringstream11append_argsIiJA4_ciEEEvRKT_DpRKT0_.isra.0
                0x0800094c       0x24 bn_affine_bg_animate_actions.o
 .text._ZN3_bn6assert9show_argsIA15_cEEvPKcS4_S4_iRKT_
                0x08000970       0x50 bn_affine_bg_animate_actions.o
                0x08000970                void _bn::assert::show_args<char [15]>(char const*, char const*, char const*, int, char const (&) [15])
 .text._ZN3_bn6assert9show_argsIA23_ciEEvPKcS4_S4_iRKT_RKT0_
                0x080009c0       0x58 bn_affine_bg_animate_actions.o
                0x080009c0                void _bn::assert::show_args<char [23], int>(char const*, char const*, char const*, int, char const (&) [23], int const&)
 .text._ZN3_bn6assert9show_argsIA24_ciEEvPKcS4_S4_iRKT_RKT0_
                0x08000a18       0x58 bn_affine_bg_animate_actions.o
                0x08000a18                void _bn::assert::show_args<char [24], int>(char const*, char const*, char const*, int, char const (&) [24], int const&)
 .text._ZN3_bn6assert9show_argsIA28_ciEEvPKcS4_S4_iRKT_RKT0_
                0x08000a70       0x58 bn_affine_bg_animate_actions.o
                0x08000a70                void _bn::assert::show_args<char [28], int>(char const*, char const*, char const*, int, char const (&) [28], int const&)
 .text._ZN3_bn6assert9show_argsIJA28_ciA4_ciEEEvPKcS5_S5_iDpRKT_
                0x08000ac8       0x5c bn_affine_bg_animate_actions.o
                0x08000ac8                void _bn::assert::show_args<char [28], int, char [4], int>(char const*, char const*, char const*, int, char const (&) [28], int const&, char const (&) [4], int const&)
 .text._ZN3_bn6assert9show_argsIJA19_ciA4_ciEEEvPKcS5_S5_iDpRKT_
                0x08000b24       0x5c bn_affine_bg_animate_actions.o
                0x08000b24                void _bn::assert::show_args<char [19], int, char [4], int>(char const*, char const*, char const*, int, char const (&) [19], int const&, char const (&) [4], int const&)
 .text._ZN2bn13audio_manager12_GLOBAL__N_111static_dataD2Ev
                0x08000b80        0x4 bn_audio_manager.o
 .text._ZN2bn13audio_manager4initEv
                0x08000b84       0x48 bn_audio_manager.o
                0x08000b84                bn::audio_manager::init()
 .text._ZN2bn13audio_manager7disableEv
                0x08000bcc        0xc bn_audio_manager.o
                0x08000bcc                bn::audio_manager::disable()
 .text._ZN2bn13audio_manager10sound_dataEt
                0x08000bd8       0x64 bn_audio_manager.o
                0x08000bd8                bn::audio_manager::sound_data(unsigned short)
 .text._ZN2bn13audio_manager6updateEv
                0x08000c3c        0xc bn_audio_manager.o
                0x08000c3c                bn::audio_manager::update()
 .text._ZN2bn13audio_manager6commitEv
                0x08000c48        0xc bn_audio_manager.o
                0x08000c48                bn::audio_manager::commit()
 .text._ZN2bn13audio_manager4stopEv
                0x08000c54       0x6c bn_audio_manager.o
                0x08000c54                bn::audio_manager::stop()
 .text._ZN3_bn6assert9show_argsIA18_ciEEvPKcS4_S4_iRKT_RKT0_
                0x08000cc0       0x58 bn_audio_manager.o
                0x08000cc0                void _bn::assert::show_args<char [18], int>(char const*, char const*, char const*, int, char const (&) [18], int const&)
 .text._ZN3_bn6assert9show_argsIA14_ciEEvPKcS4_S4_iRKT_RKT0_
                0x08000d18       0x58 bn_audio_manager.o
                0x08000d18                void _bn::assert::show_args<char [14], int>(char const*, char const*, char const*, int, char const (&) [14], int const&)
 .text._ZN3_bn6assert9show_argsIA26_ciEEvPKcS4_S4_iRKT_RKT0_
                0x08000d70       0x58 bn_audio_manager.o
                0x08000d70                void _bn::assert::show_args<char [26], int>(char const*, char const*, char const*, int, char const (&) [26], int const&)
 .text._ZN3_bn6assert9show_argsIA33_cEEvPKcS4_S4_iRKT_
                0x08000dc8       0x50 bn_audio_manager.o
                0x08000dc8                void _bn::assert::show_args<char [33]>(char const*, char const*, char const*, int, char const (&) [33])
 .text._ZN3_bn6assert9show_argsIA25_cEEvPKcS4_S4_iRKT_
                0x08000e18       0x50 bn_audio_manager.o
                0x08000e18                void _bn::assert::show_args<char [25]>(char const*, char const*, char const*, int, char const (&) [25])
 .text._ZN3_bn6assert9show_argsIA24_cEEvPKcS4_S4_iRKT_
                0x08000e68       0x50 bn_audio_manager.o
                0x08000e68                void _bn::assert::show_args<char [24]>(char const*, char const*, char const*, int, char const (&) [24])
 .text._ZN3_bn6assert9show_argsIA20_cEEvPKcS4_S4_iRKT_
                0x08000eb8       0x50 bn_audio_manager.o
                0x08000eb8                void _bn::assert::show_args<char [20]>(char const*, char const*, char const*, int, char const (&) [20])
 .text._ZN3_bn6assert9show_argsIA26_cEEvPKcS4_S4_iRKT_
                0x08000f08       0x50 bn_audio_manager.o
                0x08000f08                void _bn::assert::show_args<char [26]>(char const*, char const*, char const*, int, char const (&) [26])
 .text._ZN3_bn6assert9show_argsIA25_cN2bn7fixed_tILi12EEEEEvPKcS7_S7_iRKT_RKT0_
                0x08000f58       0x58 bn_audio_manager.o
                0x08000f58                void _bn::assert::show_args<char [25], bn::fixed_t<12> >(char const*, char const*, char const*, int, char const (&) [25], bn::fixed_t<12> const&)
 .text._ZNK2bn10music_item4playENS_7fixed_tILi12EEE
                0x08000fb0       0xb8 bn_audio_manager.o
                0x08000fb0                bn::music_item::play(bn::fixed_t<12>) const
 .text._ZN3_bn6assert9show_argsIA25_ciEEvPKcS4_S4_iRKT_RKT0_
                0x08001068       0x58 bn_audio_manager.o
                0x08001068                void _bn::assert::show_args<char [25], int>(char const*, char const*, char const*, int, char const (&) [25], int const&)
 .text._ZN2bn13audio_manager16execute_commandsEv
                0x080010c0      0x714 bn_audio_manager.o
                0x080010c0                bn::audio_manager::execute_commands()
 .text._ZN3_bn6assert9show_argsIA17_cEEvPKcS4_S4_iRKT_
                0x080017d4       0x50 bn_audio_manager.o
                0x080017d4                void _bn::assert::show_args<char [17]>(char const*, char const*, char const*, int, char const (&) [17])
 .text.startup._GLOBAL__sub_I__ZN2bn5audio16update_on_vblankEv
                0x08001824       0x98 bn_audio_manager.o
 .text._ZN3_bn6assert9show_argsIA23_cEEvPKcS4_S4_iRKT_
                0x080018bc       0x50 bn_best_fit_allocator.o
                0x080018bc                void _bn::assert::show_args<char [23]>(char const*, char const*, char const*, int, char const (&) [23])
 .text._ZN2bn18best_fit_allocatorD2Ev
                0x0800190c       0x38 bn_best_fit_allocator.o
                0x0800190c                bn::best_fit_allocator::~best_fit_allocator()
                0x0800190c                bn::best_fit_allocator::~best_fit_allocator()
 .text._ZN3_bn6assert9show_argsIA20_ciEEvPKcS4_S4_iRKT_RKT0_
                0x08001944       0x58 bn_best_fit_allocator.o
                0x08001944                void _bn::assert::show_args<char [20], int>(char const*, char const*, char const*, int, char const (&) [20], int const&)
 .text._ZN3_bn6assert9show_argsIA14_cEEvPKcS4_S4_iRKT_
                0x0800199c       0x50 bn_best_fit_allocator.o
                0x0800199c                void _bn::assert::show_args<char [14]>(char const*, char const*, char const*, int, char const (&) [14])
 .text._ZN3_bn6assert9show_argsIA21_cEEvPKcS4_S4_iRKT_
                0x080019ec       0x50 bn_best_fit_allocator.o
                0x080019ec                void _bn::assert::show_args<char [21]>(char const*, char const*, char const*, int, char const (&) [21])
 .text._ZN2bn18best_fit_allocator5resetEPvi
                0x08001a3c       0xbc bn_best_fit_allocator.o
                0x08001a3c                bn::best_fit_allocator::reset(void*, int)
 .text._ZN2bn17bg_blocks_manager12_GLOBAL__N_117_hw_commit_offsetEPKtjtPt
                0x08001af8       0x90 bn_bg_blocks_manager.o
 .text._ZN2bn13ostringstream11append_argsIiJA4_ciEEEvRKT_DpRKT0_.isra.0
                0x08001b88       0x24 bn_bg_blocks_manager.o
 .text._ZNK2bn18regular_bg_map_ptr2idEv
                0x08001bac       0x18 bn_bg_blocks_manager.o
                0x08001bac                bn::regular_bg_map_ptr::id() const
 .text._ZNK2bn18regular_bg_map_ptr10dimensionsEv
                0x08001bc4       0x20 bn_bg_blocks_manager.o
                0x08001bc4                bn::regular_bg_map_ptr::dimensions() const
 .text._ZNK2bn20regular_bg_tiles_ptr3cbbEv
                0x08001be4       0x18 bn_bg_blocks_manager.o
                0x08001be4                bn::regular_bg_tiles_ptr::cbb() const
 .text._ZNK2bn17affine_bg_map_ptr2idEv
                0x08001bfc       0x18 bn_bg_blocks_manager.o
                0x08001bfc                bn::affine_bg_map_ptr::id() const
 .text._ZNK2bn17affine_bg_map_ptr10dimensionsEv
                0x08001c14       0x20 bn_bg_blocks_manager.o
                0x08001c14                bn::affine_bg_map_ptr::dimensions() const
 .text._ZNK2bn19affine_bg_tiles_ptr3cbbEv
                0x08001c34       0x18 bn_bg_blocks_manager.o
                0x08001c34                bn::affine_bg_tiles_ptr::cbb() const
 .text._ZN2bn17bg_blocks_manager15decrease_usagesEi
                0x08001c4c       0x98 bn_bg_blocks_manager.o
                0x08001c4c                bn::bg_blocks_manager::decrease_usages(int)
 .text._ZN2bn17bg_blocks_manager12_GLOBAL__N_111static_dataD2Ev
                0x08001ce4       0x54 bn_bg_blocks_manager.o
 .text._ZN2bn17bg_blocks_manager12_GLOBAL__N_110items_list12insert_afterEiRKNS1_9item_typeE.constprop.0
                0x08001d38      0x26c bn_bg_blocks_manager.o
 .text._ZN2bn17bg_blocks_manager4initEv
                0x08001fa4       0xbc bn_bg_blocks_manager.o
                0x08001fa4                bn::bg_blocks_manager::init()
 .text._ZN2bn17bg_blocks_manager11must_commitEi
                0x08002060       0x18 bn_bg_blocks_manager.o
                0x08002060                bn::bg_blocks_manager::must_commit(int)
 .text._ZN2bn17bg_blocks_manager6updateEv
                0x08002078      0x258 bn_bg_blocks_manager.o
                0x08002078                bn::bg_blocks_manager::update()
 .text._ZN3_bn6assert9show_argsIJA22_ciA4_ciEEEvPKcS5_S5_iDpRKT_
                0x080022d0       0x5c bn_bg_blocks_manager.o
                0x080022d0                void _bn::assert::show_args<char [22], int, char [4], int>(char const*, char const*, char const*, int, char const (&) [22], int const&, char const (&) [4], int const&)
 .text._ZN3_bn6assert9show_argsIJA58_ciA4_ciEEEvPKcS5_S5_iDpRKT_
                0x0800232c       0x5c bn_bg_blocks_manager.o
                0x0800232c                void _bn::assert::show_args<char [58], int, char [4], int>(char const*, char const*, char const*, int, char const (&) [58], int const&, char const (&) [4], int const&)
 .text._ZN3_bn6assert9show_argsIA27_ciEEvPKcS4_S4_iRKT_RKT0_
                0x08002388       0x58 bn_bg_blocks_manager.o
                0x08002388                void _bn::assert::show_args<char [27], int>(char const*, char const*, char const*, int, char const (&) [27], int const&)
 .text._ZN2bn17bg_blocks_manager12_GLOBAL__N_110_hw_commitEPKtNS_16compression_typeEibPt
                0x080023e0       0x6c bn_bg_blocks_manager.o
 .text._ZN3_bn6assert9show_argsIA22_ciEEvPKcS4_S4_iRKT_RKT0_
                0x0800244c       0x58 bn_bg_blocks_manager.o
                0x0800244c                void _bn::assert::show_args<char [22], int>(char const*, char const*, char const*, int, char const (&) [22], int const&)
 .text._ZN3_bn6assert9show_argsIA19_cEEvPKcS4_S4_iRKT_
                0x080024a4       0x50 bn_bg_blocks_manager.o
                0x080024a4                void _bn::assert::show_args<char [19]>(char const*, char const*, char const*, int, char const (&) [19])
 .text._ZN3_bn6assert9show_argsIA31_cEEvPKcS4_S4_iRKT_
                0x080024f4       0x50 bn_bg_blocks_manager.o
                0x080024f4                void _bn::assert::show_args<char [31]>(char const*, char const*, char const*, int, char const (&) [31])
 .text._ZN3_bn6assert9show_argsIA22_cEEvPKcS4_S4_iRKT_
                0x08002544       0x50 bn_bg_blocks_manager.o
                0x08002544                void _bn::assert::show_args<char [22]>(char const*, char const*, char const*, int, char const (&) [22])
 .text._ZNK2bn17affine_bg_map_ptr5tilesEv
                0x08002594       0x48 bn_bg_blocks_manager.o
                0x08002594                bn::affine_bg_map_ptr::tiles() const
 .text._ZNK2bn18regular_bg_map_ptr5tilesEv
                0x080025dc       0x48 bn_bg_blocks_manager.o
                0x080025dc                bn::regular_bg_map_ptr::tiles() const
 .text._ZNK2bn18regular_bg_map_ptr3bppEv
                0x08002624       0x4c bn_bg_blocks_manager.o
                0x08002624                bn::regular_bg_map_ptr::bpp() const
 .text._ZN2bn17bg_blocks_manager21update_affine_map_rowEiii
                0x08002670      0x164 bn_bg_blocks_manager.o
                0x08002670                bn::bg_blocks_manager::update_affine_map_row(int, int, int)
 .text._ZN2bn17bg_blocks_manager28update_affine_map_bottom_rowEiii
                0x080027d4       0x2c bn_bg_blocks_manager.o
                0x080027d4                bn::bg_blocks_manager::update_affine_map_bottom_row(int, int, int)
 .text._ZN2bn17bg_blocks_manager23set_affine_map_positionEiii
                0x08002800      0x20c bn_bg_blocks_manager.o
                0x08002800                bn::bg_blocks_manager::set_affine_map_position(int, int, int)
 .text._ZN2bn17bg_blocks_manager21update_affine_map_colEiii
                0x08002a0c      0x350 bn_bg_blocks_manager.o
                0x08002a0c                bn::bg_blocks_manager::update_affine_map_col(int, int, int)
 .text._ZN2bn17bg_blocks_manager27update_affine_map_right_colEiii
                0x08002d5c       0x2c bn_bg_blocks_manager.o
                0x08002d5c                bn::bg_blocks_manager::update_affine_map_right_col(int, int, int)
 .text._ZN2bn17bg_blocks_manager22update_regular_map_rowEiii
                0x08002d88      0x17c bn_bg_blocks_manager.o
                0x08002d88                bn::bg_blocks_manager::update_regular_map_row(int, int, int)
 .text._ZN2bn17bg_blocks_manager22update_regular_map_colEiii
                0x08002f04      0x1f8 bn_bg_blocks_manager.o
                0x08002f04                bn::bg_blocks_manager::update_regular_map_col(int, int, int)
 .text._ZN2bn17bg_blocks_manager24set_regular_map_positionEiii
                0x080030fc      0x200 bn_bg_blocks_manager.o
                0x080030fc                bn::bg_blocks_manager::set_regular_map_position(int, int, int)
 .text._ZN2bn17bg_blocks_manager12_GLOBAL__N_112_commit_itemERKNS1_9item_typeEb
                0x080032fc      0x1ac bn_bg_blocks_manager.o
 .text._ZN2bn17bg_blocks_manager19commit_uncompressedEb
                0x080034a8       0x58 bn_bg_blocks_manager.o
                0x080034a8                bn::bg_blocks_manager::commit_uncompressed(bool)
 .text._ZN2bn17bg_blocks_manager17commit_compressedEv
                0x08003500       0x48 bn_bg_blocks_manager.o
                0x08003500                bn::bg_blocks_manager::commit_compressed()
 .text._ZN3_bn6assert9show_argsIA39_ciEEvPKcS4_S4_iRKT_RKT0_
                0x08003548       0x58 bn_bg_blocks_manager.o
                0x08003548                void _bn::assert::show_args<char [39], int>(char const*, char const*, char const*, int, char const (&) [39], int const&)
 .text.startup._GLOBAL__sub_I__ZN2bn7bg_maps16used_cells_countEv
                0x080035a0       0x88 bn_bg_blocks_manager.o
 .text._ZN2bn11bgs_manager12_GLOBAL__N_111static_dataD2Ev
                0x08003628       0x10 bn_bgs_manager.o
 .text._ZN2bn11bgs_manager12_GLOBAL__N_133_update_item_hw_affine_attributesERKNS1_9item_typeE
                0x08003638       0x48 bn_bgs_manager.o
 .text._ZN2bn11bgs_manager4initEv
                0x08003680       0x8c bn_bgs_manager.o
                0x08003680                bn::bgs_manager::init()
 .text._ZN2bn11bgs_manager5hw_idEPv
                0x0800370c        0x8 bn_bgs_manager.o
                0x0800370c                bn::bgs_manager::hw_id(void*)
 .text._ZN2bn11bgs_manager11hw_positionEPv
                0x08003714        0x4 bn_bgs_manager.o
                0x08003714                bn::bgs_manager::hw_position(void*)
 .text._ZN2bn11bgs_manager14mat_attributesEPv
                0x08003718        0x4 bn_bgs_manager.o
                0x08003718                bn::bgs_manager::mat_attributes(void*)
 .text._ZN2bn11bgs_manager20update_windows_flagsEPj
                0x0800371c       0x7c bn_bgs_manager.o
                0x0800371c                bn::bgs_manager::update_windows_flags(unsigned int*)
 .text._ZN2bn11bgs_manager14update_camerasEv
                0x08003798      0x14c bn_bgs_manager.o
                0x08003798                bn::bgs_manager::update_cameras()
 .text._ZN2bn11bgs_manager36fill_hblank_effect_regular_positionsEiPKNS_7fixed_tILi12EEEPt
                0x080038e4       0x38 bn_bgs_manager.o
                0x080038e4                bn::bgs_manager::fill_hblank_effect_regular_positions(int, bn::fixed_t<12> const*, unsigned short*)
 .text._ZN2bn11bgs_manager45fill_hblank_effect_pivot_horizontal_positionsEPvPKNS_7fixed_tILi12EEEPj
                0x0800391c       0x24 bn_bgs_manager.o
                0x0800391c                bn::bgs_manager::fill_hblank_effect_pivot_horizontal_positions(void*, bn::fixed_t<12> const*, unsigned int*)
 .text._ZN2bn11bgs_manager43fill_hblank_effect_pivot_vertical_positionsEPvPKNS_7fixed_tILi12EEEPj
                0x08003940       0x24 bn_bgs_manager.o
                0x08003940                bn::bgs_manager::fill_hblank_effect_pivot_vertical_positions(void*, bn::fixed_t<12> const*, unsigned int*)
 .text._ZN2bn11bgs_manager6commitEb
                0x08003964       0x58 bn_bgs_manager.o
                0x08003964                bn::bgs_manager::commit(bool)
 .text._ZN2bn11bgs_manager4stopEv
                0x080039bc       0x28 bn_bgs_manager.o
                0x080039bc                bn::bgs_manager::stop()
 .text._ZN3_bn6assert9show_argsIA30_cEEvPKcS4_S4_iRKT_
                0x080039e4       0x50 bn_bgs_manager.o
                0x080039e4                void _bn::assert::show_args<char [30]>(char const*, char const*, char const*, int, char const (&) [30])
 .text._ZN3_bn6assert9show_argsIA27_cEEvPKcS4_S4_iRKT_
                0x08003a34       0x50 bn_bgs_manager.o
                0x08003a34                void _bn::assert::show_args<char [27]>(char const*, char const*, char const*, int, char const (&) [27])
 .text._ZN3_bn6assert9show_argsIA46_cEEvPKcS4_S4_iRKT_
                0x08003a84       0x50 bn_bgs_manager.o
                0x08003a84                void _bn::assert::show_args<char [46]>(char const*, char const*, char const*, int, char const (&) [46])
 .text._ZN2bn11bgs_manager15rebuild_handlesEv.part.0
                0x08003ad4      0x1a8 bn_bgs_manager.o
 .text._ZN3_bn6assert9show_argsIA16_cN2bn7fixed_tILi12EEEEEvPKcS7_S7_iRKT_RKT0_
                0x08003c7c       0x58 bn_bgs_manager.o
                0x08003c7c                void _bn::assert::show_args<char [16], bn::fixed_t<12> >(char const*, char const*, char const*, int, char const (&) [16], bn::fixed_t<12> const&)
 .text._ZN2bn11bgs_manager37fill_hblank_effect_regular_attributesEPvPKNS_21regular_bg_attributesEPt
                0x08003cd4      0x108 bn_bgs_manager.o
                0x08003cd4                bn::bgs_manager::fill_hblank_effect_regular_attributes(void*, bn::regular_bg_attributes const*, unsigned short*)
 .text._ZN2bn11bgs_manager6updateEv
                0x08003ddc      0x164 bn_bgs_manager.o
                0x08003ddc                bn::bgs_manager::update()
 .text._ZN2bn11bgs_manager15commit_big_mapsEv
                0x08003f40      0x1d0 bn_bgs_manager.o
                0x08003f40                bn::bgs_manager::commit_big_maps()
 .text._ZN2bn11bgs_manager36fill_hblank_effect_affine_attributesEPvPKNS_20affine_bg_attributesEPt
                0x08004110      0x10c bn_bgs_manager.o
                0x08004110                bn::bgs_manager::fill_hblank_effect_affine_attributes(void*, bn::affine_bg_attributes const*, unsigned short*)
 .text._ZN2bn11bgs_manager11regular_mapEPv
                0x0800421c       0x34 bn_bgs_manager.o
                0x0800421c                bn::bgs_manager::regular_map(void*)
 .text._ZN2bn11bgs_manager10affine_mapEPv
                0x08004250       0x34 bn_bgs_manager.o
                0x08004250                bn::bgs_manager::affine_map(void*)
 .text._ZN3_bn6assert9show_argsIA13_cEEvPKcS4_S4_iRKT_
                0x08004284       0x50 bn_bgs_manager.o
                0x08004284                void _bn::assert::show_args<char [13]>(char const*, char const*, char const*, int, char const (&) [13])
 .text.startup._GLOBAL__sub_I__ZN2bn3bgs16used_items_countEv
                0x080042d4       0x90 bn_bgs_manager.o
 .text._ZN2bn10camera_ptrC2ERKS0_
                0x08004364       0x20 bn_cameras_manager.o
                0x08004364                bn::camera_ptr::camera_ptr(bn::camera_ptr const&)
                0x08004364                bn::camera_ptr::camera_ptr(bn::camera_ptr const&)
 .text._ZN2bn10camera_ptraSERKS0_
                0x08004384       0x54 bn_cameras_manager.o
                0x08004384                bn::camera_ptr::operator=(bn::camera_ptr const&)
 .text._ZN2bn10camera_ptrD2Ev
                0x080043d8       0x38 bn_cameras_manager.o
                0x080043d8                bn::camera_ptr::~camera_ptr()
                0x080043d8                bn::camera_ptr::~camera_ptr()
 .text._ZNK2bn10camera_ptr8positionEv
                0x08004410       0x14 bn_cameras_manager.o
                0x08004410                bn::camera_ptr::position() const
 .text._ZN2bn15cameras_manager4initEv
                0x08004424       0x24 bn_cameras_manager.o
                0x08004424                bn::cameras_manager::init()
 .text._ZN2bn15cameras_manager6updateEv
                0x08004448       0x28 bn_cameras_manager.o
                0x08004448                bn::cameras_manager::update()
 .text.startup._GLOBAL__sub_I__ZN2bn7cameras16used_items_countEv
                0x08004470       0x24 bn_cameras_manager.o
 .text._ZN2bn4core12_GLOBAL__N_14stopEb
                0x08004494       0x58 bn_core.o
 .text._ZN2bn4core12_GLOBAL__N_111update_implEv
                0x080044ec      0x114 bn_core.o
 .text._ZN2bn4core6updateEv
                0x08004600       0x6c bn_core.o
                0x08004600                bn::core::update()
 .text._ZN2bn4core4initERKNS_8optionalINS_5colorEEERKNS_11string_viewE
                0x0800466c      0x12c bn_core.o
                0x0800466c                bn::core::init(bn::optional<bn::color> const&, bn::string_view const&)
 .text._ZN2bn4core4initEv
                0x08004798       0x24 bn_core.o
                0x08004798                bn::core::init()
 .text._ZN2bn4core9on_vblankEv
                0x080047bc       0x2c bn_core.o
                0x080047bc                bn::core::on_vblank()
 .text._ZN2bn11string_viewC2EPKc
                0x080047e8       0x40 bn_core.o
                0x080047e8                bn::string_view::string_view(char const*)
                0x080047e8                bn::string_view::string_view(char const*)
 .text._ZN3_bn6assert12_GLOBAL__N_110_show_implEPKcS3_S3_iRKN2bn11string_viewE
                0x08004828       0x80 bn_core.o
 .text._ZN3_bn6assert4showEPKcS2_S2_iRKN2bn12istring_baseE
                0x080048a8       0x18 bn_core.o
                0x080048a8                _bn::assert::show(char const*, char const*, char const*, int, bn::istring_base const&)
 .text._ZN3_bn6assert9show_argsIA18_cEEvPKcS4_S4_iRKT_
                0x080048c0       0x50 bn_core.o
                0x080048c0                void _bn::assert::show_args<char [18]>(char const*, char const*, char const*, int, char const (&) [18])
 .text.startup._GLOBAL__sub_I__ZN2bn4core4initEv
                0x08004910       0x4c bn_core.o
 .text._ZN2bn15display_manager12_GLOBAL__N_111static_dataD2Ev
                0x0800495c       0x34 bn_display_manager.o
 .text._ZN2bn15display_manager12_GLOBAL__N_134_update_rect_windows_hw_boundariesEi
                0x08004990       0x80 bn_display_manager.o
 .text._ZN2bn15display_manager4initEv
                0x08004a10       0xa4 bn_display_manager.o
                0x08004a10                bn::display_manager::init()
 .text._ZN2bn15display_manager8set_modeEi
                0x08004ab4       0x1c bn_display_manager.o
                0x08004ab4                bn::display_manager::set_mode(int)
 .text._ZN2bn15display_manager14set_bg_enabledEib
                0x08004ad0       0x18 bn_display_manager.o
                0x08004ad0                bn::display_manager::set_bg_enabled(int, bool)
 .text._ZN2bn15display_manager15disable_all_bgsEv
                0x08004ae8       0x14 bn_display_manager.o
                0x08004ae8                bn::display_manager::disable_all_bgs()
 .text._ZN2bn15display_manager36fill_mosaic_hblank_effect_attributesEPKNS_17mosaic_attributesEPt
                0x08004afc       0xb4 bn_display_manager.o
                0x08004afc                bn::display_manager::fill_mosaic_hblank_effect_attributes(bn::mosaic_attributes const*, unsigned short*)
 .text._ZN2bn15display_manager27set_blending_top_bg_enabledEib
                0x08004bb0       0x20 bn_display_manager.o
                0x08004bb0                bn::display_manager::set_blending_top_bg_enabled(int, bool)
 .text._ZN2bn15display_manager30set_blending_bottom_bg_enabledEib
                0x08004bd0       0x20 bn_display_manager.o
                0x08004bd0                bn::display_manager::set_blending_bottom_bg_enabled(int, bool)
 .text._ZN2bn15display_manager32blending_transparency_top_weightEv
                0x08004bf0       0x18 bn_display_manager.o
                0x08004bf0                bn::display_manager::blending_transparency_top_weight()
 .text._ZN2bn15display_manager35blending_transparency_bottom_weightEv
                0x08004c08       0x28 bn_display_manager.o
                0x08004c08                bn::display_manager::blending_transparency_bottom_weight()
 .text._ZN2bn15display_manager51fill_blending_transparency_hblank_effect_attributesEPKNS_32blending_transparency_attributesEPt
                0x08004c30       0x30 bn_display_manager.o
                0x08004c30                bn::display_manager::fill_blending_transparency_hblank_effect_attributes(bn::blending_transparency_attributes const*, unsigned short*)
 .text._ZN2bn15display_manager21blending_fade_enabledEv
                0x08004c60        0xc bn_display_manager.o
                0x08004c60                bn::display_manager::blending_fade_enabled()
 .text._ZN2bn15display_manager39fill_blending_fade_hblank_effect_alphasEPKNS_19blending_fade_alphaEPt
                0x08004c6c       0x24 bn_display_manager.o
                0x08004c6c                bn::display_manager::fill_blending_fade_hblank_effect_alphas(bn::blending_fade_alpha const*, unsigned short*)
 .text._ZN2bn15display_manager26update_windows_visible_bgsEv
                0x08004c90       0x14 bn_display_manager.o
                0x08004c90                bn::display_manager::update_windows_visible_bgs()
 .text._ZN2bn15display_manager36rect_window_hw_horizontal_boundariesEi
                0x08004ca4       0x14 bn_display_manager.o
                0x08004ca4                bn::display_manager::rect_window_hw_horizontal_boundaries(int)
 .text._ZN2bn15display_manager34rect_window_hw_vertical_boundariesEi
                0x08004cb8       0x14 bn_display_manager.o
                0x08004cb8                bn::display_manager::rect_window_hw_vertical_boundaries(int)
 .text._ZN2bn15display_manager52fill_rect_window_hblank_effect_horizontal_boundariesERKSt4pairIiiEPKS1_INS_7fixed_tILi12EEES6_EPt
                0x08004ccc      0x13c bn_display_manager.o
                0x08004ccc                bn::display_manager::fill_rect_window_hblank_effect_horizontal_boundaries(std::pair<int, int> const&, std::pair<bn::fixed_t<12>, bn::fixed_t<12> > const*, unsigned short*)
 .text._ZN2bn15display_manager50fill_rect_window_hblank_effect_vertical_boundariesERKSt4pairIiiEPKS1_INS_7fixed_tILi12EEES6_EPt
                0x08004e08      0x13c bn_display_manager.o
                0x08004e08                bn::display_manager::fill_rect_window_hblank_effect_vertical_boundaries(std::pair<int, int> const&, std::pair<bn::fixed_t<12>, bn::fixed_t<12> > const*, unsigned short*)
 .text._ZN2bn15display_manager36fill_green_swap_hblank_effect_statesEPKbPt
                0x08004f44       0x38 bn_display_manager.o
                0x08004f44                bn::display_manager::fill_green_swap_hblank_effect_states(bool const*, unsigned short*)
 .text._ZN2bn15display_manager14update_camerasEv
                0x08004f7c       0x40 bn_display_manager.o
                0x08004f7c                bn::display_manager::update_cameras()
 .text._ZN2bn15display_manager6updateEv
                0x08004fbc      0x264 bn_display_manager.o
                0x08004fbc                bn::display_manager::update()
 .text._ZN2bn15display_manager6commitEv
                0x08005220      0x12c bn_display_manager.o
                0x08005220                bn::display_manager::commit()
 .text._ZN2bn15display_manager4stopEv
                0x0800534c       0x30 bn_display_manager.o
                0x0800534c                bn::display_manager::stop()
 .text._ZN3_bn6assert9show_argsIA66_cEEvPKcS4_S4_iRKT_
                0x0800537c       0x50 bn_display_manager.o
                0x0800537c                void _bn::assert::show_args<char [66]>(char const*, char const*, char const*, int, char const (&) [66])
 .text.startup._GLOBAL__sub_I__ZNK2bn6window7show_bgERKNS_14regular_bg_ptrE
                0x080053cc       0xa4 bn_display_manager.o
 .text._ZN2bn12gpio_manager5sleepEv
                0x08005470       0x28 bn_gpio_manager.o
                0x08005470                bn::gpio_manager::sleep()
 .text._ZN2bn22hblank_effects_manager12_GLOBAL__N_19item_type18_output_values_ptrEv
                0x08005498       0x40 bn_hblank_effects_manager.o
 .text._ZN2bn22hblank_effects_manager7disableEv
                0x080054d8       0x24 bn_hblank_effects_manager.o
                0x080054d8                bn::hblank_effects_manager::disable()
 .text._ZN2bn22hblank_effects_manager4stopEv
                0x080054fc       0x38 bn_hblank_effects_manager.o
                0x080054fc                bn::hblank_effects_manager::stop()
 .text._ZN2bn22hblank_effects_manager6commitEv
                0x08005534       0x88 bn_hblank_effects_manager.o
                0x08005534                bn::hblank_effects_manager::commit()
 .text._ZN2bn22hblank_effects_manager12_GLOBAL__N_110_is_uint32ENS0_12handler_typeE
                0x080055bc       0x64 bn_hblank_effects_manager.o
 .text._ZN2bn22hblank_effects_manager12_GLOBAL__N_19item_type12check_updateEv
                0x08005620     0x1640 bn_hblank_effects_manager.o
 .text._ZN2bn22hblank_effects_manager6updateEv
                0x08006c60      0x1ec bn_hblank_effects_manager.o
                0x08006c60                bn::hblank_effects_manager::update()
 .text._ZN2bn22hblank_effects_manager4initEv
                0x08006e4c      0x190 bn_hblank_effects_manager.o
                0x08006e4c                bn::hblank_effects_manager::init()
 .text.startup._GLOBAL__sub_I__ZN2bn4hbes10used_countEv
                0x08006fdc       0xe8 bn_hblank_effects_manager.o
 .text._ZN2bn12hdma_manager4initEv
                0x080070c4       0x40 bn_hdma_manager.o
                0x080070c4                bn::hdma_manager::init()
 .text._ZN2bn12hdma_manager10force_stopEv
                0x08007104       0x3c bn_hdma_manager.o
                0x08007104                bn::hdma_manager::force_stop()
 .text._ZN2bn12hdma_manager7disableEv
                0x08007140       0x30 bn_hdma_manager.o
                0x08007140                bn::hdma_manager::disable()
 .text._ZN2bn12hdma_manager6updateEv
                0x08007170       0x6c bn_hdma_manager.o
                0x08007170                bn::hdma_manager::update()
 .text._ZN2bn12hdma_manager6commitEb
                0x080071dc      0x120 bn_hdma_manager.o
                0x080071dc                bn::hdma_manager::commit(bool)
 .text.startup._GLOBAL__sub_I__ZN2bn4hdma7runningEv
                0x080072fc       0x34 bn_hdma_manager.o
 .text._ZN2bn6keypad10right_heldEv
                0x08007330       0x10 bn_keypad_manager.o
                0x08007330                bn::keypad::right_held()
 .text._ZN2bn6keypad9left_heldEv
                0x08007340       0x10 bn_keypad_manager.o
                0x08007340                bn::keypad::left_held()
 .text._ZN2bn6keypad11any_pressedEv
                0x08007350       0x10 bn_keypad_manager.o
                0x08007350                bn::keypad::any_pressed()
 .text._ZN2bn14keypad_manager4stopEv
                0x08007360        0x4 bn_keypad_manager.o
                0x08007360                bn::keypad_manager::stop()
 .text._ZN2bn14keypad_manager6updateEv
                0x08007364       0xa8 bn_keypad_manager.o
                0x08007364                bn::keypad_manager::update()
 .text._ZN2bn14keypad_manager4initERKNS_11string_viewE
                0x0800740c       0x64 bn_keypad_manager.o
                0x0800740c                bn::keypad_manager::init(bn::string_view const&)
 .text._ZN2bn12link_manager4initEv
                0x08007470        0xc bn_link_manager.o
                0x08007470                bn::link_manager::init()
 .text._ZN2bn12link_manager6activeEv
                0x0800747c        0xc bn_link_manager.o
                0x0800747c                bn::link_manager::active()
 .text._ZN2bn12link_manager7disableEv
                0x08007488       0x18 bn_link_manager.o
                0x08007488                bn::link_manager::disable()
 .text._ZN2bn14memory_manager12_GLOBAL__N_111static_dataD2Ev
                0x080074a0       0x10 bn_memory_manager.o
 .text._ZN2bn14memory_manager4initEv
                0x080074b0       0x2c bn_memory_manager.o
                0x080074b0                bn::memory_manager::init()
 .text.startup._GLOBAL__sub_I__Znwj
                0x080074dc       0x20 bn_memory_manager.o
 .text._ZN2bn16palettes_manager12_GLOBAL__N_111static_dataD2Ev
                0x080074fc        0x4 bn_palettes_manager.o
 .text._ZN2bn2hw8palettes9grayscaleEPKNS_5colorEiiPS2_.part.0
                0x08007500       0x40 bn_palettes_manager.o
 .text._ZN2bn14bg_palette_ptrC2ERKS0_
                0x08007540       0x2c bn_palettes_manager.o
                0x08007540                bn::bg_palette_ptr::bg_palette_ptr(bn::bg_palette_ptr const&)
                0x08007540                bn::bg_palette_ptr::bg_palette_ptr(bn::bg_palette_ptr const&)
 .text._ZNK2bn14bg_palette_ptr3bppEv
                0x0800756c       0x20 bn_palettes_manager.o
                0x0800756c                bn::bg_palette_ptr::bpp() const
 .text._ZN2bn18sprite_palette_ptrC2ERKS0_
                0x0800758c       0x1c bn_palettes_manager.o
                0x0800758c                bn::sprite_palette_ptr::sprite_palette_ptr(bn::sprite_palette_ptr const&)
                0x0800758c                bn::sprite_palette_ptr::sprite_palette_ptr(bn::sprite_palette_ptr const&)
 .text._ZNK2bn18sprite_palette_ptr3bppEv
                0x080075a8       0x1c bn_palettes_manager.o
                0x080075a8                bn::sprite_palette_ptr::bpp() const
 .text._ZNK2bn13palettes_bank10log_statusEv
                0x080075c4      0x17c bn_palettes_manager.o
                0x080075c4                bn::palettes_bank::log_status() const
 .text._ZN2bn13palettes_bank10find_bpp_4ERKNS_4spanIKNS_5colorEEEt
                0x08007740      0x11c bn_palettes_manager.o
                0x08007740                bn::palettes_bank::find_bpp_4(bn::span<bn::color const> const&, unsigned short)
 .text._ZNK2bn13palettes_bank20retrieve_commit_dataEv
                0x0800785c       0x4c bn_palettes_manager.o
                0x0800785c                bn::palettes_bank::retrieve_commit_data() const
 .text._ZNK2bn13palettes_bank21_apply_global_effectsEiPNS_5colorE
                0x080078a8      0x13c bn_palettes_manager.o
                0x080078a8                bn::palettes_bank::_apply_global_effects(int, bn::color*) const
 .text._ZNK2bn13palettes_bank25fill_hblank_effect_colorsEPKNS_5colorEPt
                0x080079e4       0x30 bn_palettes_manager.o
                0x080079e4                bn::palettes_bank::fill_hblank_effect_colors(bn::color const*, unsigned short*) const
 .text._ZNK2bn13palettes_bank7palette13apply_effectsEiPNS_5colorE
                0x08007a14       0xbc bn_palettes_manager.o
                0x08007a14                bn::palettes_bank::palette::apply_effects(int, bn::color*) const
 .text._ZNK2bn13palettes_bank25fill_hblank_effect_colorsEiPKNS_5colorEPt
                0x08007ad0       0x44 bn_palettes_manager.o
                0x08007ad0                bn::palettes_bank::fill_hblank_effect_colors(int, bn::color const*, unsigned short*) const
 .text._ZN2bn13palettes_bank15_update_paletteEi
                0x08007b14       0x74 bn_palettes_manager.o
                0x08007b14                bn::palettes_bank::_update_palette(int)
 .text._ZN2bn13palettes_bank6updateEv
                0x08007b88      0x134 bn_palettes_manager.o
                0x08007b88                bn::palettes_bank::update()
 .text._ZN2bn13palettes_bankC2Ev
                0x08007cbc       0xd4 bn_palettes_manager.o
                0x08007cbc                bn::palettes_bank::palettes_bank()
                0x08007cbc                bn::palettes_bank::palettes_bank()
 .text._ZN2bn16palettes_manager4initERKNS_8optionalINS_5colorEEE
                0x08007d90      0x184 bn_palettes_manager.o
                0x08007d90                bn::palettes_manager::init(bn::optional<bn::color> const&)
 .text._ZN2bn16palettes_manager20sprite_palettes_bankEv
                0x08007f14        0x8 bn_palettes_manager.o
                0x08007f14                bn::palettes_manager::sprite_palettes_bank()
 .text._ZN2bn16palettes_manager16bg_palettes_bankEv
                0x08007f1c        0x8 bn_palettes_manager.o
                0x08007f1c                bn::palettes_manager::bg_palettes_bank()
 .text._ZN2bn16palettes_manager6updateEv
                0x08007f24       0x20 bn_palettes_manager.o
                0x08007f24                bn::palettes_manager::update()
 .text._ZN2bn16palettes_manager6commitEb
                0x08007f44      0x108 bn_palettes_manager.o
                0x08007f44                bn::palettes_manager::commit(bool)
 .text._ZN2bn16palettes_manager4stopEv
                0x0800804c       0x20 bn_palettes_manager.o
                0x0800804c                bn::palettes_manager::stop()
 .text._ZN3_bn6assert9show_argsIA35_cEEvPKcS4_S4_iRKT_
                0x0800806c       0x50 bn_palettes_manager.o
                0x0800806c                void _bn::assert::show_args<char [35]>(char const*, char const*, char const*, int, char const (&) [35])
 .text._ZN2bn13palettes_bank11colors_hashERKNS_4spanIKNS_5colorEEE
                0x080080bc       0x48 bn_palettes_manager.o
                0x080080bc                bn::palettes_bank::colors_hash(bn::span<bn::color const> const&)
 .text._ZN3_bn6assert9show_argsIJA43_ciA38_cA42_cEEEvPKcS6_S6_iDpRKT_
                0x08008104       0x68 bn_palettes_manager.o
                0x08008104                void _bn::assert::show_args<char [43], int, char [38], char [42]>(char const*, char const*, char const*, int, char const (&) [43], int const&, char const (&) [38], char const (&) [42])
 .text._ZN2bn13palettes_bank12create_bpp_8ERKNS_4spanIKNS_5colorEEENS_16compression_typeEb
                0x0800816c      0x230 bn_palettes_manager.o
                0x0800816c                bn::palettes_bank::create_bpp_8(bn::span<bn::color const> const&, bn::compression_type, bool)
 .text._ZNK2bn19sprite_palette_item10decompressENS_4spanINS_5colorEEE
                0x0800839c      0x16c bn_palettes_manager.o
                0x0800839c                bn::sprite_palette_item::decompress(bn::span<bn::color>) const
 .text._ZN2bn14iunordered_mapItsNS_15identity_hasherENS_8equal_toItEEE21insert_or_assign_hashEjOSt4pairIKtsE.isra.0
                0x08008508      0x110 bn_palettes_manager.o
 .text._ZN2bn13palettes_bank12create_bpp_4ERKNS_4spanIKNS_5colorEEEtb
                0x08008618      0x174 bn_palettes_manager.o
                0x08008618                bn::palettes_bank::create_bpp_4(bn::span<bn::color const> const&, unsigned short, bool)
 .text._ZN2bn12_GLOBAL__N_112_create_implERKNS_19sprite_palette_itemEb
                0x0800878c       0x7c bn_palettes_manager.o
 .text._ZN2bn18sprite_palette_ptr6createERKNS_19sprite_palette_itemE
                0x08008808       0x48 bn_palettes_manager.o
                0x08008808                bn::sprite_palette_ptr::create(bn::sprite_palette_item const&)
 .text._ZN2bn13palettes_bank30_erase_bpp_4_indexes_map_indexEt
                0x08008850      0x1e0 bn_palettes_manager.o
                0x08008850                bn::palettes_bank::_erase_bpp_4_indexes_map_index(unsigned short)
 .text._ZN2bn13palettes_bank15decrease_usagesEi
                0x08008a30       0x80 bn_palettes_manager.o
                0x08008a30                bn::palettes_bank::decrease_usages(int)
 .text._ZN2bn14bg_palette_ptraSERKS0_
                0x08008ab0       0x4c bn_palettes_manager.o
                0x08008ab0                bn::bg_palette_ptr::operator=(bn::bg_palette_ptr const&)
 .text._ZN2bn14bg_palette_ptrD2Ev
                0x08008afc       0x20 bn_palettes_manager.o
                0x08008afc                bn::bg_palette_ptr::~bg_palette_ptr()
                0x08008afc                bn::bg_palette_ptr::~bg_palette_ptr()
 .text._ZN2bn18sprite_palette_ptrD2Ev
                0x08008b1c       0x20 bn_palettes_manager.o
                0x08008b1c                bn::sprite_palette_ptr::~sprite_palette_ptr()
                0x08008b1c                bn::sprite_palette_ptr::~sprite_palette_ptr()
 .text.startup._GLOBAL__sub_I__ZN2bn11bg_palettes17used_colors_countEv
                0x08008b3c       0x34 bn_palettes_manager.o
 .text._ZN2bn26sprite_affine_mats_manager12_GLOBAL__N_119_sprite_double_sizeILi32ELi16EEEbiiiii
                0x08008b70       0x84 bn_sprite_affine_mats_manager.o
 .text._ZN2bn26sprite_affine_mats_manager12_GLOBAL__N_119_sprite_double_sizeILi16ELi32EEEbiiiii
                0x08008bf4       0x84 bn_sprite_affine_mats_manager.o
 .text._ZN2bn26sprite_affine_mats_manager12_GLOBAL__N_111static_dataD2Ev
                0x08008c78       0x3c bn_sprite_affine_mats_manager.o
 .text._ZNK2bn26sprite_affine_mats_manager12_GLOBAL__N_19item_type18sprite_double_sizeEiRKNS_17sprite_shape_sizeE.isra.0
                0x08008cb4      0x1ac bn_sprite_affine_mats_manager.o
 .text._ZN2bn26sprite_affine_mats_manager12_GLOBAL__N_124_update_flipped_identityEi
                0x08008e60       0xbc bn_sprite_affine_mats_manager.o
 .text._ZNK2bn21sprite_affine_mat_ptr15horizontal_flipEv
                0x08008f1c       0x18 bn_sprite_affine_mats_manager.o
                0x08008f1c                bn::sprite_affine_mat_ptr::horizontal_flip() const
 .text._ZNK2bn21sprite_affine_mat_ptr13vertical_flipEv
                0x08008f34       0x18 bn_sprite_affine_mats_manager.o
                0x08008f34                bn::sprite_affine_mat_ptr::vertical_flip() const
 .text._ZNK2bn21sprite_affine_mat_ptr16flipped_identityEv
                0x08008f4c       0x14 bn_sprite_affine_mats_manager.o
                0x08008f4c                bn::sprite_affine_mat_ptr::flipped_identity() const
 .text._ZN2bn26sprite_affine_mats_manager13attach_spriteEiRNS_24intrusive_list_node_typeE
                0x08008f60       0x2c bn_sprite_affine_mats_manager.o
                0x08008f60                bn::sprite_affine_mats_manager::attach_sprite(int, bn::intrusive_list_node_type&)
 .text._ZN2bn26sprite_affine_mats_manager18sprite_double_sizeEiRKNS_17sprite_shape_sizeE
                0x08008f8c       0x4c bn_sprite_affine_mats_manager.o
                0x08008f8c                bn::sprite_affine_mats_manager::sprite_double_size(int, bn::sprite_shape_size const&)
 .text._ZN2bn26sprite_affine_mats_manager20retrieve_commit_dataEv
                0x08008fd8       0x38 bn_sprite_affine_mats_manager.o
                0x08008fd8                bn::sprite_affine_mats_manager::retrieve_commit_data()
 .text._ZN3_bn6assert9show_argsIA37_cEEvPKcS4_S4_iRKT_
                0x08009010       0x50 bn_sprite_affine_mats_manager.o
                0x08009010                void _bn::assert::show_args<char [37]>(char const*, char const*, char const*, int, char const (&) [37])
 .text._ZN2bn26sprite_affine_mats_manager9set_scaleEiNS_7fixed_tILi12EEE
                0x08009060      0x144 bn_sprite_affine_mats_manager.o
                0x08009060                bn::sprite_affine_mats_manager::set_scale(int, bn::fixed_t<12>)
 .text._ZN2bn21sprite_affine_mat_ptr9set_scaleENS_7fixed_tILi12EEE
                0x080091a4       0x14 bn_sprite_affine_mats_manager.o
                0x080091a4                bn::sprite_affine_mat_ptr::set_scale(bn::fixed_t<12>)
 .text._ZN3_bn6assert9show_argsIA16_cEEvPKcS4_S4_iRKT_
                0x080091b8       0x50 bn_sprite_affine_mats_manager.o
                0x080091b8                void _bn::assert::show_args<char [16]>(char const*, char const*, char const*, int, char const (&) [16])
 .text._ZN2bn26sprite_affine_mats_manager12_GLOBAL__N_115_new_item_indexEv
                0x08009208       0xd8 bn_sprite_affine_mats_manager.o
 .text._ZN2bn21sprite_affine_mat_ptr6createERKNS_21affine_mat_attributesE
                0x080092e0      0x10c bn_sprite_affine_mats_manager.o
                0x080092e0                bn::sprite_affine_mat_ptr::create(bn::affine_mat_attributes const&)
 .text._ZN2bn26sprite_affine_mats_manager15decrease_usagesEi.part.0
                0x080093ec       0x70 bn_sprite_affine_mats_manager.o
 .text._ZN2bn21sprite_affine_mat_ptrD2Ev
                0x0800945c       0x34 bn_sprite_affine_mats_manager.o
                0x0800945c                bn::sprite_affine_mat_ptr::~sprite_affine_mat_ptr()
                0x0800945c                bn::sprite_affine_mat_ptr::~sprite_affine_mat_ptr()
 .text._ZN2bn26sprite_affine_mats_manager6updateEv
                0x08009490      0x2fc bn_sprite_affine_mats_manager.o
                0x08009490                bn::sprite_affine_mats_manager::update()
 .text._ZN2bn26sprite_affine_mats_manager4initEPv
                0x0800978c      0x108 bn_sprite_affine_mats_manager.o
                0x0800978c                bn::sprite_affine_mats_manager::init(void*)
 .text._ZN2bn26sprite_affine_mats_manager14dettach_spriteEiRNS_24intrusive_list_node_typeE
                0x08009894       0x4c bn_sprite_affine_mats_manager.o
                0x08009894                bn::sprite_affine_mats_manager::dettach_sprite(int, bn::intrusive_list_node_type&)
 .text.startup._GLOBAL__sub_I__ZN2bn18sprite_affine_mats10used_countEv
                0x080098e0       0xb4 bn_sprite_affine_mats_manager.o
 .text._ZN2bn22isprite_animate_action9_set_refsERNS_10sprite_ptrERNS_17sprite_tiles_itemERNS_7ivectorItEE
                0x08009994        0x4 bn_sprite_animate_actions.o
                0x08009994                bn::isprite_animate_action::_set_refs(bn::sprite_ptr&, bn::sprite_tiles_item&, bn::ivector<unsigned short>&)
 .text._ZN2bn22isprite_animate_action16set_wait_updatesEi
                0x08009998       0x68 bn_sprite_animate_actions.o
                0x08009998                bn::isprite_animate_action::set_wait_updates(int)
 .text._ZN3_bn6assert9show_argsIA33_ciEEvPKcS4_S4_iRKT_RKT0_
                0x08009a00       0x58 bn_sprite_animate_actions.o
                0x08009a00                void _bn::assert::show_args<char [33], int>(char const*, char const*, char const*, int, char const (&) [33], int const&)
 .text._ZN2bn22isprite_animate_action24_assign_graphics_indexesERKNS_4spanIKtEE
                0x08009a58       0x84 bn_sprite_animate_actions.o
                0x08009a58                bn::isprite_animate_action::_assign_graphics_indexes(bn::span<unsigned short const> const&)
 .text._ZN2bn22isprite_animate_action6updateEv
                0x08009adc       0xb8 bn_sprite_animate_actions.o
                0x08009adc                bn::isprite_animate_action::update()
 .text._ZN2bn22isprite_animate_actionaSEOS0_
                0x08009b94       0xc8 bn_sprite_animate_actions.o
                0x08009b94                bn::isprite_animate_action::operator=(bn::isprite_animate_action&&)
 .text._ZN2bn12_GLOBAL__N_114_setup_builderERKNS_21sprite_text_generatorERNS_14sprite_builderE
                0x08009c5c       0x68 bn_sprite_text_generator.o
 .text._ZN2bn21sprite_text_generator5_initEv
                0x08009cc4      0x1ac bn_sprite_text_generator.o
                0x08009cc4                bn::sprite_text_generator::_init()
 .text._ZN2bn21sprite_text_generatorC2ERKNS_11sprite_fontE
                0x08009e70       0x38 bn_sprite_text_generator.o
                0x08009e70                bn::sprite_text_generator::sprite_text_generator(bn::sprite_font const&)
                0x08009e70                bn::sprite_text_generator::sprite_text_generator(bn::sprite_font const&)
 .text._ZN3_bn6assert9show_argsIA54_cEEvPKcS4_S4_iRKT_
                0x08009ea8       0x50 bn_sprite_text_generator.o
                0x08009ea8                void _bn::assert::show_args<char [54]>(char const*, char const*, char const*, int, char const (&) [54])
 .text._ZN3_bn6assert9show_argsIJA25_ciA4_ctEEEvPKcS5_S5_iDpRKT_
                0x08009ef8       0x6c bn_sprite_text_generator.o
                0x08009ef8                void _bn::assert::show_args<char [25], int, char [4], unsigned short>(char const*, char const*, char const*, int, char const (&) [25], int const&, char const (&) [4], unsigned short const&)
 .text._ZN2bn14utf8_characterC2ERKc
                0x08009f64      0x140 bn_sprite_text_generator.o
                0x08009f64                bn::utf8_character::utf8_character(char const&)
                0x08009f64                bn::utf8_character::utf8_character(char const&)
 .text._ZN2bn12_GLOBAL__N_115_graphics_indexEcRKNS_23utf8_characters_map_refEPKcRi.part.0
                0x0800a0a4       0x8c bn_sprite_text_generator.o
 .text._ZN3_bn6assert9show_argsIJA20_ccA9_cN2bn11string_viewEA2_cEEEvPKcS8_S8_iDpRKT_
                0x0800a130       0x70 bn_sprite_text_generator.o
                0x0800a130                void _bn::assert::show_args<char [20], char, char [9], bn::string_view, char [2]>(char const*, char const*, char const*, int, char const (&) [20], char const&, char const (&) [9], bn::string_view const&, char const (&) [2])
 .text._ZNK2bn21sprite_text_generator5widthERKNS_11string_viewE
                0x0800a1a0      0x244 bn_sprite_text_generator.o
                0x0800a1a0                bn::sprite_text_generator::width(bn::string_view const&) const
 .text._ZN3_bn6assert9show_argsIA55_cEEvPKcS4_S4_iRKT_
                0x0800a3e4       0x50 bn_sprite_text_generator.o
                0x0800a3e4                void _bn::assert::show_args<char [55]>(char const*, char const*, char const*, int, char const (&) [55])
 .text._ZN2bn12_GLOBAL__N_120_build_sprite_assertILNS_11sprite_sizeE2EEEPNS_4tileERKNS_21sprite_text_generatorERKNS_18sprite_palette_ptrERKNS_13fixed_point_tILi12EEERNS_7ivectorINS_10sprite_ptrEEE
                0x0800a434      0x1a8 bn_sprite_text_generator.o
 .text._ZN2bn12_GLOBAL__N_120_build_sprite_assertILNS_11sprite_sizeE1EEEPNS_4tileERKNS_21sprite_text_generatorERKNS_18sprite_palette_ptrERKNS_13fixed_point_tILi12EEERNS_7ivectorINS_10sprite_ptrEEE
                0x0800a5dc      0x1a8 bn_sprite_text_generator.o
 .text._ZN2bn12_GLOBAL__N_19_generateILb0EEEbRKNS_21sprite_text_generatorERKNS_13fixed_point_tILi12EEERKNS_11string_viewERKNS_23utf8_characters_map_refEiibRNS_7ivectorINS_10sprite_ptrEEE.isra.0
                0x0800a784     0x11c8 bn_sprite_text_generator.o
 .text._ZNK2bn21sprite_text_generator8generateENS_7fixed_tILi12EEES2_RKNS_11string_viewERNS_7ivectorINS_10sprite_ptrEEE
                0x0800b94c       0x3c bn_sprite_text_generator.o
                0x0800b94c                bn::sprite_text_generator::generate(bn::fixed_t<12>, bn::fixed_t<12>, bn::string_view const&, bn::ivector<bn::sprite_ptr>&) const
 .text._ZNK2bn16sprite_tiles_ptr2idEv
                0x0800b988       0x18 bn_sprite_tiles_manager.o
                0x0800b988                bn::sprite_tiles_ptr::id() const
 .text._ZNK2bn16sprite_tiles_ptr11tiles_countEv
                0x0800b9a0       0x18 bn_sprite_tiles_manager.o
                0x0800b9a0                bn::sprite_tiles_ptr::tiles_count() const
 .text._ZN2bn20sprite_tiles_manager10log_statusEv
                0x0800b9b8      0x1f0 bn_sprite_tiles_manager.o
                0x0800b9b8                bn::sprite_tiles_manager::log_status()
 .text._ZN2bn20sprite_tiles_manager19commit_uncompressedEb
                0x0800bba8       0xdc bn_sprite_tiles_manager.o
                0x0800bba8                bn::sprite_tiles_manager::commit_uncompressed(bool)
 .text._ZN3_bn6assert9show_argsIA27_chEEvPKcS4_S4_iRKT_RKT0_
                0x0800bc84       0x58 bn_sprite_tiles_manager.o
                0x0800bc84                void _bn::assert::show_args<char [27], unsigned char>(char const*, char const*, char const*, int, char const (&) [27], unsigned char const&)
 .text._ZN3_bn6assert9show_argsIJA44_cPKN2bn4tileEA4_cS6_EEEvPKcS9_S9_iDpRKT_
                0x0800bcdc       0x6c bn_sprite_tiles_manager.o
                0x0800bcdc                void _bn::assert::show_args<char [44], bn::tile const*, char [4], bn::tile const*>(char const*, char const*, char const*, int, char const (&) [44], bn::tile const* const&, char const (&) [4], bn::tile const* const&)
 .text._ZN3_bn6assert9show_argsIJA46_ciA4_cjEEEvPKcS5_S5_iDpRKT_
                0x0800bd48       0x6c bn_sprite_tiles_manager.o
                0x0800bd48                void _bn::assert::show_args<char [46], int, char [4], unsigned int>(char const*, char const*, char const*, int, char const (&) [46], int const&, char const (&) [4], unsigned int const&)
 .text._ZN2bn20sprite_tiles_manager12_GLOBAL__N_110_hw_commitEPKNS_4tileENS_16compression_typeEii
                0x0800bdb4       0x9c bn_sprite_tiles_manager.o
 .text._ZN2bn20sprite_tiles_manager17commit_compressedEv
                0x0800be50       0x68 bn_sprite_tiles_manager.o
                0x0800be50                bn::sprite_tiles_manager::commit_compressed()
 .text._ZN3_bn6assert9show_argsIJA28_cA15_cPKN2bn4tileEA16_ciA34_cNS4_11string_viewEEEEvPKcSC_SC_iDpRKT_
                0x0800beb8       0x84 bn_sprite_tiles_manager.o
                0x0800beb8                void _bn::assert::show_args<char [28], char [15], bn::tile const*, char [16], int, char [34], bn::string_view>(char const*, char const*, char const*, int, char const (&) [28], char const (&) [15], bn::tile const* const&, char const (&) [16], int const&, char const (&) [34], bn::string_view const&)
 .text._ZN3_bn6assert9show_argsIJA44_ciA34_cN2bn11string_viewEEEEvPKcS7_S7_iDpRKT_
                0x0800bf3c       0x68 bn_sprite_tiles_manager.o
                0x0800bf3c                void _bn::assert::show_args<char [44], int, char [34], bn::string_view>(char const*, char const*, char const*, int, char const (&) [44], int const&, char const (&) [34], bn::string_view const&)
 .text._ZN2bn20sprite_tiles_manager4initEv
                0x0800bfa4      0x190 bn_sprite_tiles_manager.o
                0x0800bfa4                bn::sprite_tiles_manager::init()
 .text._ZN2bn20sprite_tiles_manager12_GLOBAL__N_122_insert_to_commit_itemEiRNS1_9item_typeE.part.0
                0x0800c134       0x6c bn_sprite_tiles_manager.o
 .text._ZN2bn20sprite_tiles_manager12_GLOBAL__N_117_insert_free_itemEiPt
                0x0800c1a0       0xcc bn_sprite_tiles_manager.o
 .text._ZN2bn20sprite_tiles_manager12_GLOBAL__N_116_erase_free_itemEi
                0x0800c26c       0xe4 bn_sprite_tiles_manager.o
 .text._ZN2bn20sprite_tiles_manager12_GLOBAL__N_121_erase_to_commit_itemEiRNS1_9item_typeE.part.0
                0x0800c350       0xa4 bn_sprite_tiles_manager.o
 .text._ZN2bn20sprite_tiles_manager15decrease_usagesEi
                0x0800c3f4      0x13c bn_sprite_tiles_manager.o
                0x0800c3f4                bn::sprite_tiles_manager::decrease_usages(int)
 .text._ZN2bn16sprite_tiles_ptrD2Ev
                0x0800c530       0x18 bn_sprite_tiles_manager.o
                0x0800c530                bn::sprite_tiles_ptr::~sprite_tiles_ptr()
                0x0800c530                bn::sprite_tiles_ptr::~sprite_tiles_ptr()
 .text._ZN2bn20sprite_tiles_manager12_GLOBAL__N_110_find_implEPKNS_4tileENS_16compression_typeEi
                0x0800c548      0x28c bn_sprite_tiles_manager.o
 .text._ZN2bn20sprite_tiles_manager4vramEi
                0x0800c7d4       0x4c bn_sprite_tiles_manager.o
                0x0800c7d4                bn::sprite_tiles_manager::vram(int)
 .text._ZN2bn16sprite_tiles_ptr4vramEv
                0x0800c820       0x14 bn_sprite_tiles_manager.o
                0x0800c820                bn::sprite_tiles_ptr::vram()
 .text._ZNK2bn17sprite_tiles_item10find_tilesEi
                0x0800c834       0xc8 bn_sprite_tiles_manager.o
                0x0800c834                bn::sprite_tiles_item::find_tiles(int) const
 .text._ZN2bn20sprite_tiles_manager12_GLOBAL__N_122_insert_items_map_itemEPKNS_4tileEi
                0x0800c8fc       0xc0 bn_sprite_tiles_manager.o
 .text._ZN2bn20sprite_tiles_manager12_GLOBAL__N_121_erase_items_map_itemEPKNS_4tileE
                0x0800c9bc      0x220 bn_sprite_tiles_manager.o
 .text._ZN2bn20sprite_tiles_manager12_GLOBAL__N_112_create_itemEiPKNS_4tileENS_16compression_typeEib
                0x0800cbdc      0x1d0 bn_sprite_tiles_manager.o
 .text._ZN2bn20sprite_tiles_manager12_GLOBAL__N_114_allocate_implEi
                0x0800cdac       0xf8 bn_sprite_tiles_manager.o
 .text._ZN2bn20sprite_tiles_manager8allocateEiNS_8bpp_modeE
                0x0800cea4       0xc4 bn_sprite_tiles_manager.o
                0x0800cea4                bn::sprite_tiles_manager::allocate(int, bn::bpp_mode)
 .text._ZN2bn16sprite_tiles_ptr8allocateEiNS_8bpp_modeE
                0x0800cf68       0x18 bn_sprite_tiles_manager.o
                0x0800cf68                bn::sprite_tiles_ptr::allocate(int, bn::bpp_mode)
 .text._ZN2bn20sprite_tiles_manager6updateEv
                0x0800cf80      0x1b0 bn_sprite_tiles_manager.o
                0x0800cf80                bn::sprite_tiles_manager::update()
 .text._ZN2bn20sprite_tiles_manager12_GLOBAL__N_112_create_implEPKNS_4tileENS_16compression_typeEi
                0x0800d130      0x1fc bn_sprite_tiles_manager.o
 .text._ZN2bn20sprite_tiles_manager6createERKNS_4spanIKNS_4tileEEENS_16compression_typeE
                0x0800d32c       0x90 bn_sprite_tiles_manager.o
                0x0800d32c                bn::sprite_tiles_manager::create(bn::span<bn::tile const> const&, bn::compression_type)
 .text._ZN2bn16sprite_tiles_ptr6createERKNS_17sprite_tiles_itemE
                0x0800d3bc       0x84 bn_sprite_tiles_manager.o
                0x0800d3bc                bn::sprite_tiles_ptr::create(bn::sprite_tiles_item const&)
 .text._ZN2bn16sprite_tiles_ptr6createERKNS_17sprite_tiles_itemEi
                0x0800d440       0xbc bn_sprite_tiles_manager.o
                0x0800d440                bn::sprite_tiles_ptr::create(bn::sprite_tiles_item const&, int)
 .text._ZNK2bn17sprite_tiles_item12create_tilesEi
                0x0800d4fc       0xbc bn_sprite_tiles_manager.o
                0x0800d4fc                bn::sprite_tiles_item::create_tiles(int) const
 .text.startup._GLOBAL__sub_I__ZN2bn12sprite_tiles16used_tiles_countEv
                0x0800d5b8      0x12c bn_sprite_tiles_manager.o
 .text._ZN2bn15sprites_manager12_GLOBAL__N_132_always_update_indexes_to_commitERKNS_20sprites_manager_itemE
                0x0800d6e4       0x48 bn_sprites_manager.o
 .text._ZN2bn15sprites_manager12_GLOBAL__N_111static_dataD2Ev
                0x0800d72c       0x44 bn_sprites_manager.o
 .text._ZN2bn13ostringstream11append_argsIiJA4_ciEEEvRKT_DpRKT0_.isra.0
                0x0800d770       0x24 bn_sprites_manager.o
 .text._ZN2bn15sprites_manager12_GLOBAL__N_123_update_item_dimensionsERNS_20sprites_manager_itemE
                0x0800d794       0xcc bn_sprites_manager.o
 .text._ZN2bn10sprite_ptrC2ERKS0_
                0x0800d860        0xc bn_sprites_manager.o
                0x0800d860                bn::sprite_ptr::sprite_ptr(bn::sprite_ptr const&)
                0x0800d860                bn::sprite_ptr::sprite_ptr(bn::sprite_ptr const&)
 .text._ZNK2bn10sprite_ptr1xEv
                0x0800d86c        0x8 bn_sprites_manager.o
                0x0800d86c                bn::sprite_ptr::x() const
 .text._ZN2bn10sprite_ptr5set_xENS_7fixed_tILi12EEE
                0x0800d874       0x48 bn_sprites_manager.o
                0x0800d874                bn::sprite_ptr::set_x(bn::fixed_t<12>)
 .text._ZNK2bn10sprite_ptr1yEv
                0x0800d8bc        0x8 bn_sprites_manager.o
                0x0800d8bc                bn::sprite_ptr::y() const
 .text._ZN2bn10sprite_ptr5set_yENS_7fixed_tILi12EEE
                0x0800d8c4       0x48 bn_sprites_manager.o
                0x0800d8c4                bn::sprite_ptr::set_y(bn::fixed_t<12>)
 .text._ZN2bn10sprite_ptr11set_visibleEb
                0x0800d90c       0x64 bn_sprites_manager.o
                0x0800d90c                bn::sprite_ptr::set_visible(bool)
 .text._ZN2bn15sprites_manager4initEv
                0x0800d970       0xd0 bn_sprites_manager.o
                0x0800d970                bn::sprites_manager::init()
 .text._ZN2bn15sprites_manager5hw_idEPv
                0x0800da40        0x8 bn_sprites_manager.o
                0x0800da40                bn::sprites_manager::hw_id(void*)
 .text._ZN2bn15sprites_manager5shapeEPv
                0x0800da48        0x8 bn_sprites_manager.o
                0x0800da48                bn::sprites_manager::shape(void*)
 .text._ZN2bn15sprites_manager4sizeEPv
                0x0800da50        0x8 bn_sprites_manager.o
                0x0800da50                bn::sprites_manager::size(void*)
 .text._ZN2bn15sprites_manager10shape_sizeEPv
                0x0800da58       0x14 bn_sprites_manager.o
                0x0800da58                bn::sprites_manager::shape_size(void*)
 .text._ZN2bn15sprites_manager11hw_positionEPv
                0x0800da6c        0x4 bn_sprites_manager.o
                0x0800da6c                bn::sprites_manager::hw_position(void*)
 .text._ZN2bn15sprites_manager9view_modeEPv
                0x0800da70        0xc bn_sprites_manager.o
                0x0800da70                bn::sprites_manager::view_mode(void*)
 .text._ZN2bn15sprites_manager10affine_matEPv
                0x0800da7c        0x4 bn_sprites_manager.o
                0x0800da7c                bn::sprites_manager::affine_mat(void*)
 .text._ZN2bn15sprites_manager22reserved_handles_countEv
                0x0800da80       0x10 bn_sprites_manager.o
                0x0800da80                bn::sprites_manager::reserved_handles_count()
 .text._ZN2bn15sprites_manager39fill_hblank_effect_horizontal_positionsEPviPKNS_7fixed_tILi12EEEPt
                0x0800da90       0x44 bn_sprites_manager.o
                0x0800da90                bn::sprites_manager::fill_hblank_effect_horizontal_positions(void*, int, bn::fixed_t<12> const*, unsigned short*)
 .text._ZN2bn15sprites_manager37fill_hblank_effect_vertical_positionsEPviPKNS_7fixed_tILi12EEEPt
                0x0800dad4       0x44 bn_sprites_manager.o
                0x0800dad4                bn::sprites_manager::fill_hblank_effect_vertical_positions(void*, int, bn::fixed_t<12> const*, unsigned short*)
 .text._ZN2bn15sprites_manager35fill_hblank_effect_first_attributesEiNS_12sprite_shapeENS_8bpp_modeEiPKNS_23sprite_first_attributesEPt
                0x0800db18      0x108 bn_sprites_manager.o
                0x0800db18                bn::sprites_manager::fill_hblank_effect_first_attributes(int, bn::sprite_shape, bn::bpp_mode, int, bn::sprite_first_attributes const*, unsigned short*)
 .text._ZN2bn15sprites_manager44fill_hblank_effect_regular_second_attributesEPviNS_11sprite_sizeEPKNS_32sprite_regular_second_attributesEPt
                0x0800dc20       0x60 bn_sprites_manager.o
                0x0800dc20                bn::sprites_manager::fill_hblank_effect_regular_second_attributes(void*, int, bn::sprite_size, bn::sprite_regular_second_attributes const*, unsigned short*)
 .text._ZN2bn15sprites_manager43fill_hblank_effect_affine_second_attributesEPviNS_11sprite_sizeEPKNS_31sprite_affine_second_attributesEPt
                0x0800dc80       0x58 bn_sprites_manager.o
                0x0800dc80                bn::sprites_manager::fill_hblank_effect_affine_second_attributes(void*, int, bn::sprite_size, bn::sprite_affine_second_attributes const*, unsigned short*)
 .text._ZN2bn15sprites_manager14update_camerasEv
                0x0800dcd8       0x20 bn_sprites_manager.o
                0x0800dcd8                bn::sprites_manager::update_cameras()
 .text._ZN2bn15sprites_manager23update_auto_double_sizeEPv
                0x0800dcf8       0x2c bn_sprites_manager.o
                0x0800dcf8                bn::sprites_manager::update_auto_double_size(void*)
 .text._ZN2bn15sprites_manager6commitEb
                0x0800dd24       0xa4 bn_sprites_manager.o
                0x0800dd24                bn::sprites_manager::commit(bool)
 .text._ZN2bn14sprite_builder20set_blending_enabledEb
                0x0800ddc8       0x3c bn_sprites_manager.o
                0x0800ddc8                bn::sprite_builder::set_blending_enabled(bool)
 .text._ZNK2bn17sprite_shape_size6heightEv.isra.0
                0x0800de04       0xd0 bn_sprites_manager.o
 .text._ZNK2bn17sprite_shape_size5widthEv.isra.0
                0x0800ded4       0xcc bn_sprites_manager.o
 .text._ZN2bn15sprites_manager12_GLOBAL__N_118_remove_affine_matERNS_20sprites_manager_itemE
                0x0800dfa0       0xe8 bn_sprites_manager.o
 .text._ZN2bn15sprites_manager42remove_identity_affine_mat_when_not_neededEPv
                0x0800e088        0xc bn_sprites_manager.o
                0x0800e088                bn::sprites_manager::remove_identity_affine_mat_when_not_needed(void*)
 .text._ZN2bn14sprite_builder15release_paletteEv
                0x0800e094       0x6c bn_sprites_manager.o
                0x0800e094                bn::sprite_builder::release_palette()
 .text._ZN2bn14sprite_builder13release_tilesEv
                0x0800e100       0x6c bn_sprites_manager.o
                0x0800e100                bn::sprite_builder::release_tiles()
 .text._ZN2bn15sprites_manager7paletteEPv
                0x0800e16c       0x34 bn_sprites_manager.o
                0x0800e16c                bn::sprites_manager::palette(void*)
 .text._ZN2bn20sprites_manager_item13_builder_initERKNS_14sprite_builderE
                0x0800e1a0      0x36c bn_sprites_manager.o
                0x0800e1a0                bn::sprites_manager_item::_builder_init(bn::sprite_builder const&)
 .text._ZNK2bn20sprites_manager_item15new_double_sizeEi.part.0
                0x0800e50c       0x30 bn_sprites_manager.o
 .text._ZN2bn15sprites_manager12_GLOBAL__N_118_assign_affine_matEbRNS_20sprites_manager_itemEONS_21sprite_affine_mat_ptrE
                0x0800e53c      0x120 bn_sprites_manager.o
 .text._ZN2bn15sprites_manager18set_new_affine_matEPvRNS_21affine_mat_attributesE
                0x0800e65c       0x94 bn_sprites_manager.o
                0x0800e65c                bn::sprites_manager::set_new_affine_mat(void*, bn::affine_mat_attributes&)
 .text._ZN2bn10sprite_ptr20set_double_size_modeENS_23sprite_double_size_modeE
                0x0800e6f0       0x94 bn_sprites_manager.o
                0x0800e6f0                bn::sprite_ptr::set_double_size_mode(bn::sprite_double_size_mode)
 .text._ZN2bn14sprite_builder11set_z_orderEi
                0x0800e784       0x48 bn_sprites_manager.o
                0x0800e784                bn::sprite_builder::set_z_order(int)
 .text._ZN2bn14sprite_builderC2ERKNS_17sprite_shape_sizeENS_16sprite_tiles_ptrENS_18sprite_palette_ptrE
                0x0800e7cc      0x274 bn_sprites_manager.o
                0x0800e7cc                bn::sprite_builder::sprite_builder(bn::sprite_shape_size const&, bn::sprite_tiles_ptr, bn::sprite_palette_ptr)
                0x0800e7cc                bn::sprite_builder::sprite_builder(bn::sprite_shape_size const&, bn::sprite_tiles_ptr, bn::sprite_palette_ptr)
 .text._ZN2bn15sprites_manager9set_tilesEPvONS_16sprite_tiles_ptrE
                0x0800ea40      0x268 bn_sprites_manager.o
                0x0800ea40                bn::sprites_manager::set_tiles(void*, bn::sprite_tiles_ptr&&)
 .text._ZN2bn10sprite_ptr9set_tilesEONS_16sprite_tiles_ptrE
                0x0800eca8       0x10 bn_sprites_manager.o
                0x0800eca8                bn::sprite_ptr::set_tiles(bn::sprite_tiles_ptr&&)
 .text._ZN2bn10sprite_ptr9set_tilesERKNS_17sprite_tiles_itemEi
                0x0800ecb8       0x80 bn_sprites_manager.o
                0x0800ecb8                bn::sprite_ptr::set_tiles(bn::sprite_tiles_item const&, int)
 .text._ZN2bn14sprite_builder15set_bg_priorityEi
                0x0800ed38       0x38 bn_sprites_manager.o
                0x0800ed38                bn::sprite_builder::set_bg_priority(int)
 .text._ZN2bn15sprites_manager6updateEv
                0x0800ed70      0x150 bn_sprites_manager.o
                0x0800ed70                bn::sprites_manager::update()
 .text._ZN3_bn6assert9show_argsIJA27_ciA4_ciEEEvPKcS5_S5_iDpRKT_
                0x0800eec0       0x5c bn_sprites_manager.o
                0x0800eec0                void _bn::assert::show_args<char [27], int, char [4], int>(char const*, char const*, char const*, int, char const (&) [27], int const&, char const (&) [4], int const&)
 .text._ZN2bn15sprites_manager35fill_hblank_effect_third_attributesENS_17sprite_shape_sizeEPKNS_23sprite_third_attributesEPt
                0x0800ef1c      0x2f0 bn_sprites_manager.o
                0x0800ef1c                bn::sprites_manager::fill_hblank_effect_third_attributes(bn::sprite_shape_size, bn::sprite_third_attributes const*, unsigned short*)
 .text._ZN2bn14sorted_sprites6sorter6insertERNS_20sprites_manager_itemE
                0x0800f20c      0x170 bn_sprites_manager.o
                0x0800f20c                bn::sorted_sprites::sorter::insert(bn::sprites_manager_item&)
 .text._ZN2bn15sprites_manager6createEONS_14sprite_builderE
                0x0800f37c      0x190 bn_sprites_manager.o
                0x0800f37c                bn::sprites_manager::create(bn::sprite_builder&&)
 .text._ZN2bn10sprite_ptr6createEONS_14sprite_builderE
                0x0800f50c       0x14 bn_sprites_manager.o
                0x0800f50c                bn::sprite_ptr::create(bn::sprite_builder&&)
 .text._ZN2bn15sprites_manager6createERKNS_13fixed_point_tILi12EEERKNS_17sprite_shape_sizeEONS_16sprite_tiles_ptrEONS_18sprite_palette_ptrE
                0x0800f520      0x1dc bn_sprites_manager.o
                0x0800f520                bn::sprites_manager::create(bn::fixed_point_t<12> const&, bn::sprite_shape_size const&, bn::sprite_tiles_ptr&&, bn::sprite_palette_ptr&&)
 .text._ZNK2bn11sprite_item13create_spriteENS_7fixed_tILi12EEES2_
                0x0800f6fc       0x44 bn_sprites_manager.o
                0x0800f6fc                bn::sprite_item::create_sprite(bn::fixed_t<12>, bn::fixed_t<12>) const
 .text._ZN2bn15sprites_manager15decrease_usagesEPv
                0x0800f740      0x180 bn_sprites_manager.o
                0x0800f740                bn::sprites_manager::decrease_usages(void*)
 .text._ZN2bn10sprite_ptrD2Ev
                0x0800f8c0       0x18 bn_sprites_manager.o
                0x0800f8c0                bn::sprite_ptr::~sprite_ptr()
                0x0800f8c0                bn::sprite_ptr::~sprite_ptr()
 .text._ZN2bn10sprite_ptr9set_scaleENS_7fixed_tILi12EEE
                0x0800f8d8       0xbc bn_sprites_manager.o
                0x0800f8d8                bn::sprite_ptr::set_scale(bn::fixed_t<12>)
 .text.startup._GLOBAL__sub_I__ZN2bn7sprites16used_items_countEv
                0x0800f994       0xac bn_sprites_manager.o
 .text._ZN2bn13ostringstreamC2ERNS_12istring_baseE
                0x0800fa40        0x8 bn_sstream.o
                0x0800fa40                bn::ostringstream::ostringstream(bn::istring_base&)
                0x0800fa40                bn::ostringstream::ostringstream(bn::istring_base&)
 .text._ZNK2bn13ostringstream4sizeEv
                0x0800fa48        0x8 bn_sstream.o
                0x0800fa48                bn::ostringstream::size() const
 .text._ZN2bn13ostringstream6appendEPKc
                0x0800fa50       0xa4 bn_sstream.o
                0x0800fa50                bn::ostringstream::append(char const*)
 .text._ZN2bn13ostringstream6appendEi
                0x0800faf4       0xa4 bn_sstream.o
                0x0800faf4                bn::ostringstream::append(int)
 .text._ZN2bn13ostringstream6appendERKNS_11string_viewE
                0x0800fb98       0xb8 bn_sstream.o
                0x0800fb98                bn::ostringstream::append(bn::string_view const&)
 .text._ZN2bn13ostringstream6appendEj
                0x0800fc50       0xa4 bn_sstream.o
                0x0800fc50                bn::ostringstream::append(unsigned int)
 .text._ZN2bn13ostringstream6appendEPKv
                0x0800fcf4       0xfc bn_sstream.o
                0x0800fcf4                bn::ostringstream::append(void const*)
 .text._ZN2bn13ostringstream16_append_fractionEji
                0x0800fdf0      0x104 bn_sstream.o
                0x0800fdf0                bn::ostringstream::_append_fraction(unsigned int, int)
 .text._ZN2bn13ostringstream6appendEc
                0x0800fef4       0x44 bn_sstream.o
                0x0800fef4                bn::ostringstream::append(char)
 .text._ZN2bn18igeneric_pool_baseC2EPci
                0x0800ff38       0x10 bn_translation_unit.o
                0x0800ff38                bn::igeneric_pool_base::igeneric_pool_base(char*, int)
                0x0800ff38                bn::igeneric_pool_base::igeneric_pool_base(char*, int)
 .text._ZN2bn18igeneric_pool_base5_freeEPc
                0x0800ff48       0x10 bn_translation_unit.o
                0x0800ff48                bn::igeneric_pool_base::_free(char*)
 .text._ZN2bn5timerC2Ev
                0x0800ff58       0x24 bn_translation_unit.o
                0x0800ff58                bn::timer::timer()
                0x0800ff58                bn::timer::timer()
 .text._ZNK2bn5timer13elapsed_ticksEv
                0x0800ff7c       0x28 bn_translation_unit.o
                0x0800ff7c                bn::timer::elapsed_ticks() const
 .text._ZN2bn5timer7restartEv
                0x0800ffa4       0x24 bn_translation_unit.o
                0x0800ffa4                bn::timer::restart()
 .text._ZN2bn3logERKNS_12istring_baseE
                0x0800ffc8       0x58 bn_translation_unit.o
                0x0800ffc8                bn::log(bn::istring_base const&)
 .text._ZN2bn18igeneric_pool_baseD2Ev
                0x08010020       0x30 bn_translation_unit.o
                0x08010020                bn::igeneric_pool_base::~igeneric_pool_base()
                0x08010020                bn::igeneric_pool_base::~igeneric_pool_base()
 .text._ZN2bn18igeneric_pool_base9_allocateEv
                0x08010050       0x48 bn_translation_unit.o
                0x08010050                bn::igeneric_pool_base::_allocate()
 .text._ZN2bn2hw5audio12_GLOBAL__N_111static_dataD2Ev
                0x08010098       0x18 bn_hw_audio.o
 .text._ZN2bn2hw5audio12_GLOBAL__N_17_commitEv
                0x080100b0       0x48 bn_hw_audio.o
 .text._ZN2bn2hw5audio12_GLOBAL__N_115_vblank_handlerEv
                0x080100f8       0x24 bn_hw_audio.o
 .text._ZN2bn2hw5audio4initEv
                0x0801011c       0x9c bn_hw_audio.o
                0x0801011c                bn::hw::audio::init()
 .text._ZN2bn2hw5audio7disableEv
                0x080101b8       0x34 bn_hw_audio.o
                0x080101b8                bn::hw::audio::disable()
 .text._ZN2bn2hw5audio13music_playingEv
                0x080101ec       0x20 bn_hw_audio.o
                0x080101ec                bn::hw::audio::music_playing()
 .text._ZN2bn2hw5audio10play_musicEib
                0x0801020c       0x1c bn_hw_audio.o
                0x0801020c                bn::hw::audio::play_music(int, bool)
 .text._ZN2bn2hw5audio10stop_musicEv
                0x08010228       0x18 bn_hw_audio.o
                0x08010228                bn::hw::audio::stop_music()
 .text._ZN2bn2hw5audio11pause_musicEv
                0x08010240       0x18 bn_hw_audio.o
                0x08010240                bn::hw::audio::pause_music()
 .text._ZN2bn2hw5audio12resume_musicEv
                0x08010258       0x18 bn_hw_audio.o
                0x08010258                bn::hw::audio::resume_music()
 .text._ZN2bn2hw5audio17dmg_music_playingEv
                0x08010270       0x2c bn_hw_audio.o
                0x08010270                bn::hw::audio::dmg_music_playing()
 .text._ZN2bn2hw5audio14stop_dmg_musicEv
                0x0801029c       0x28 bn_hw_audio.o
                0x0801029c                bn::hw::audio::stop_dmg_music()
 .text._ZN2bn2hw5audio15pause_dmg_musicEv
                0x080102c4       0x28 bn_hw_audio.o
                0x080102c4                bn::hw::audio::pause_dmg_music()
 .text._ZN2bn2hw5audio16resume_dmg_musicEv
                0x080102ec       0x28 bn_hw_audio.o
                0x080102ec                bn::hw::audio::resume_dmg_music()
 .text._ZN2bn2hw5audio18dmg_music_positionERiS2_
                0x08010314       0x2c bn_hw_audio.o
                0x08010314                bn::hw::audio::dmg_music_position(int&, int&)
 .text._ZN2bn2hw5audio6updateEv
                0x08010340       0x14 bn_hw_audio.o
                0x08010340                bn::hw::audio::update()
 .text._ZN3_bn6assert9show_argsIA47_ciEEvPKcS4_S4_iRKT_RKT0_
                0x08010354       0x58 bn_hw_audio.o
                0x08010354                void _bn::assert::show_args<char [47], int>(char const*, char const*, char const*, int, char const (&) [47], int const&)
 .text._ZN2bn2hw5audio14play_dmg_musicEPKvNS_14dmg_music_typeEib
                0x080103ac       0x8c bn_hw_audio.o
                0x080103ac                bn::hw::audio::play_dmg_music(void const*, bn::dmg_music_type, int, bool)
 .text._ZN2bn2hw5audio22set_dmg_music_positionEii
                0x08010438       0x54 bn_hw_audio.o
                0x08010438                bn::hw::audio::set_dmg_music_position(int, int)
 .text._ZN2bn2hw5audio20set_dmg_music_volumeEii
                0x0801048c       0x40 bn_hw_audio.o
                0x0801048c                bn::hw::audio::set_dmg_music_volume(int, int)
 .text._ZN3_bn6assert9show_argsIA20_cjEEvPKcS4_S4_iRKT_RKT0_
                0x080104cc       0x58 bn_hw_audio.o
                0x080104cc                void _bn::assert::show_args<char [20], unsigned int>(char const*, char const*, char const*, int, char const (&) [20], unsigned int const&)
 .text._ZN2bn2hw5audio6commitEv
                0x08010524       0x58 bn_hw_audio.o
                0x08010524                bn::hw::audio::commit()
 .text._ZN2bn2hw5audio12_GLOBAL__N_119_add_sound_to_queueEit
                0x0801057c       0xa0 bn_hw_audio.o
 .text._ZN2bn2hw5audio12_GLOBAL__N_123_erase_sound_from_queueEt
                0x0801061c       0x90 bn_hw_audio.o
 .text._ZN2bn2hw5audio10stop_soundEt
                0x080106ac       0x20 bn_hw_audio.o
                0x080106ac                bn::hw::audio::stop_sound(unsigned short)
 .text._ZN2bn2hw5audio13release_soundEt
                0x080106cc       0x20 bn_hw_audio.o
                0x080106cc                bn::hw::audio::release_sound(unsigned short)
 .text._ZN2bn2hw5audio15stop_all_soundsEv
                0x080106ec       0x6c bn_hw_audio.o
                0x080106ec                bn::hw::audio::stop_all_sounds()
 .text._ZN2bn2hw5audio12_GLOBAL__N_119_check_sounds_queueEv.part.0
                0x08010758       0x98 bn_hw_audio.o
 .text._ZN2bn2hw5audio10play_soundEiiiii
                0x080107f0       0x48 bn_hw_audio.o
                0x080107f0                bn::hw::audio::play_sound(int, int, int, int, int)
 .text._ZN2bn2hw5audio10play_soundEii
                0x08010838       0x34 bn_hw_audio.o
                0x08010838                bn::hw::audio::play_sound(int, int)
 .text._ZN2bn2hw5audio19update_sounds_queueEv
                0x0801086c       0x90 bn_hw_audio.o
                0x0801086c                bn::hw::audio::update_sounds_queue()
 .text.startup._GLOBAL__sub_I__ZN2bn2hw5audio4initEv
                0x080108fc       0x40 bn_hw_audio.o
 .text.__libc_init_array
                0x0801093c       0x50 bn_hw_common.bn_noflto.o
                0x0801093c                __libc_init_array
 .text.__aeabi_atexit
                0x0801098c        0x4 bn_hw_common.bn_noflto.o
                0x0801098c                __aeabi_atexit
 .text._ZN3_bn6assert9show_argsIA40_cEEvPKcS4_S4_iRKT_
                0x08010990       0x50 bn_hw_common.bn_noflto.o
                0x08010990                void _bn::assert::show_args<char [40]>(char const*, char const*, char const*, int, char const (&) [40])
 .text.__aeabi_idiv0
                0x080109e0       0x24 bn_hw_common.bn_noflto.o
                0x080109e0                __aeabi_idiv0
 .text._ZN2bn2hw4gpio4initEv
                0x08010a04        0x8 bn_hw_gpio.bn_noflto.o
                0x08010a04                bn::hw::gpio::init()
 .text._ZN2bn2hw4link12_GLOBAL__N_119_resetStateCallbackEv
                0x08010a0c       0x4c bn_hw_link.o
 .text._ZN2bn2hw4link4initEv
                0x08010a58      0x120 bn_hw_link.o
                0x08010a58                bn::hw::link::init()
 .text._ZN2bn2hw4link6activeEv
                0x08010b78       0x10 bn_hw_link.o
                0x08010b78                bn::hw::link::active()
 .text._ZN2bn2hw4link7disableEv
                0x08010b88       0x6c bn_hw_link.o
                0x08010b88                bn::hw::link::disable()
 .text._ZN2bn2hw4link6commitEv
                0x08010bf4       0x30 bn_hw_link.o
                0x08010bf4                bn::hw::link::commit()
 .text._ZN2bn2hw4link11_timer_intrEv
                0x08010c24       0xf8 bn_hw_link.o
                0x08010c24                bn::hw::link::_timer_intr()
 .text._ZN2bn2hw4link12_serial_intrEv
                0x08010d1c      0x1bc bn_hw_link.o
                0x08010d1c                bn::hw::link::_serial_intr()
 .text._ZN2bn2hw4link12_GLOBAL__N_117_sendDataCallbackEv
                0x08010ed8       0xe4 bn_hw_link.o
 .text._ZN2bn2hw4link12_GLOBAL__N_124_receiveResponseCallbackERKNS_2lc12LinkResponseE
                0x08010fbc      0x15c bn_hw_link.o
 .text.startup._GLOBAL__sub_I__ZN2bn2hw4link4initEv
                0x08011118       0x68 bn_hw_link.o
 .text._ZN2bn2hw6memory4initEv
                0x08011180        0x4 bn_hw_memory.o
                0x08011180                bn::hw::memory::init()
 .text._ZN2bn2hw8palettes8contrastEPKNS_5colorEiiPS2_
                0x08011184       0x18 bn_hw_palettes.o
                0x08011184                bn::hw::palettes::contrast(bn::color const*, int, int, bn::color*)
 .text._ZN2bn2hw8palettes9intensityEPKNS_5colorEiiPS2_
                0x0801119c       0x18 bn_hw_palettes.o
                0x0801119c                bn::hw::palettes::intensity(bn::color const*, int, int, bn::color*)
 .text._ZN2bn2hw8palettes9hue_shiftEPKNS_5colorEiiPS2_
                0x080111b4      0x154 bn_hw_palettes.o
                0x080111b4                bn::hw::palettes::hue_shift(bn::color const*, int, int, bn::color*)
 .text._ZN2bn2hw8palettes6rotateEPKNS_5colorEiiPS2_
                0x08011308       0x2c bn_hw_palettes.o
                0x08011308                bn::hw::palettes::rotate(bn::color const*, int, int, bn::color*)
 .text._ZN2bn2hw4show5errorERKNS_11system_fontERKNS_11string_viewES7_S7_iS7_S7_
                0x08011334      0x418 bn_hw_show.o
                0x08011334                bn::hw::show::error(bn::system_font const&, bn::string_view const&, bn::string_view const&, bn::string_view const&, int, bn::string_view const&, bn::string_view const&)
 .text._ZN2bn2hw4sram4initEv
                0x0801174c       0x18 bn_hw_sram.bn_noflto.o
                0x0801174c                bn::hw::sram::init()
 .text._ZN2bn11system_fontC2Ev
                0x08011764       0x18 bn_hw_system_font.o
                0x08011764                bn::system_font::system_font()
                0x08011764                bn::system_font::system_font()
 .text._ZNK2bn11system_font8tte_fontEv
                0x0801177c        0x4 bn_hw_system_font.o
                0x0801177c                bn::system_font::tte_font() const
 .text._ZN2bn2hw4text5parseEPKvRNS_5arrayIcLi32EEE
                0x08011780       0x30 bn_hw_text.o
                0x08011780                bn::hw::text::parse(void const*, bn::array<char, 32>&)
 .text._ZN2bn2hw4text5parseEjRNS_5arrayIcLi32EEE
                0x080117b0       0xa0 bn_hw_text.o
                0x080117b0                bn::hw::text::parse(unsigned int, bn::array<char, 32>&)
 .text._ZN2bn2hw4text5parseEiRNS_5arrayIcLi32EEE
                0x08011850       0xbc bn_hw_text.o
                0x08011850                bn::hw::text::parse(int, bn::array<char, 32>&)
 .text._Z7VgmStopv
                0x0801190c       0xc0 vgm.o
                0x0801190c                VgmStop()
 .text._Z7VgmPlayPKhb
                0x080119cc       0x28 vgm.o
                0x080119cc                VgmPlay(unsigned char const*, bool)
 .text._Z13VgmIntrVblankv
                0x080119f4       0x80 vgm.o
                0x080119f4                VgmIntrVblank()
 .text._Z9VgmActivev
                0x08011a74       0x10 vgm.o
                0x08011a74                VgmActive()
 .text._Z16VgmGetOffsetPlayv
                0x08011a84        0xc vgm.o
                0x08011a84                VgmGetOffsetPlay()
 .text._Z16VgmSetOffsetPlayj
                0x08011a90       0x10 vgm.o
                0x08011a90                VgmSetOffsetPlay(unsigned int)
 .text._Z8VgmPausev
                0x08011aa0       0x20 vgm.o
                0x08011aa0                VgmPause()
 .text._Z9VgmResumev
                0x08011ac0       0x18 vgm.o
                0x08011ac0                VgmResume()
 .text.clr_grayscale
                0x08011ad8       0x7c tonc_color.o
                0x08011ad8                clr_grayscale
 .text.sbmp16_rect
                0x08011b54       0x6c tonc_sbmp16.o
                0x08011b54                sbmp16_rect
 .text.bmp16_drawg_b1cts
                0x08011bc0       0xb0 bmp16_drawg_b1cs.o
                0x08011bc0                bmp16_drawg_b1cts
 .text.bmp16_erase
                0x08011c70       0x24 tte_init_bmp.o
                0x08011c70                bmp16_erase
 .text.tte_init_bmp
                0x08011c94       0x60 tte_init_bmp.o
                0x08011c94                tte_init_bmp
 .text.dummy_drawg
                0x08011cf4        0x4 tte_main.o
                0x08011cf4                dummy_drawg
 .text.dummy_erase
                0x08011cf8        0x4 tte_main.o
                0x08011cf8                dummy_erase
 .text.tte_init_base
                0x08011cfc       0x68 tte_main.o
                0x08011cfc                tte_init_base
 .text.utf8_decode_char
                0x08011d64       0xb4 tte_main.o
                0x08011d64                utf8_decode_char
 .text.tte_write
                0x08011e18       0xe8 tte_main.o
                0x08011e18                tte_write
 .text.tte_get_text_size
                0x08011f00       0xa4 tte_main.o
                0x08011f00                tte_get_text_size
 .text.tte_set_margins
                0x08011fa4       0x18 tte_main.o
                0x08011fa4                tte_set_margins
 .text.IRQ_Init
                0x08011fbc       0x48 interrupts_gba.o
                0x08011fbc                IRQ_Init
 .text.IRQ_SetHandler
                0x08012004        0xc interrupts_gba.o
                0x08012004                IRQ_SetHandler
 .text.IRQ_Enable
                0x08012010       0x60 interrupts_gba.o
                0x08012010                IRQ_Enable
 .text.IRQ_Disable
                0x08012070       0x5c interrupts_gba.o
                0x08012070                IRQ_Disable
 .text.channel3_refresh_registers
                0x080120cc       0xd0 gbt_player.o
 .text.gbt_refresh_pattern_ptr
                0x0801219c       0x84 gbt_player.o
 .text.gbt_ch1234_nop
                0x08012220        0x4 gbt_player.o
 .text.gbt_ch1234_speed
                0x08012224       0x10 gbt_player.o
 .text.gbt_ch1234_jump_pattern
                0x08012234       0x14 gbt_player.o
 .text.gbt_ch1234_jump_position
                0x08012248       0x1c gbt_player.o
 .text.gbt_ch1234_event
                0x08012264       0x24 gbt_player.o
 .text.gbt_ch1_pan
                0x08012288       0x10 gbt_player.o
 .text.gbt_ch1_cut_note
                0x08012298       0x10 gbt_player.o
 .text.gbt_ch1_arpeggio
                0x080122a8       0x34 gbt_player.o
 .text.gbt_ch1_vibrato
                0x080122dc       0x20 gbt_player.o
 .text.gbt_ch1_volslide
                0x080122fc       0x10 gbt_player.o
 .text.gbt_ch2_pan
                0x0801230c       0x10 gbt_player.o
 .text.gbt_ch2_cut_note
                0x0801231c       0x10 gbt_player.o
 .text.gbt_ch2_arpeggio
                0x0801232c       0x34 gbt_player.o
 .text.gbt_ch2_vibrato
                0x08012360       0x20 gbt_player.o
 .text.gbt_ch2_volslide
                0x08012380       0x10 gbt_player.o
 .text.gbt_ch3_pan
                0x08012390       0x10 gbt_player.o
 .text.gbt_ch3_cut_note