Archive member included to satisfy reference by file (symbol)

/opt/devkitpro/devkitARM/bin/../lib/gcc/arm-none-eabi/13.1.0/thumb/libgcc.a(_call_via_rX.o)
                              mm_main_gba.o (_call_via_r1)
/opt/devkitpro/devkitARM/bin/../lib/gcc/arm-none-eabi/13.1.0/thumb/libgcc.a(_aeabi_ldivmod.o)
                              bn_hw_text.o (__aeabi_ldivmod)
/opt/devkitpro/devkitARM/bin/../lib/gcc/arm-none-eabi/13.1.0/thumb/libgcc.a(_aeabi_uldivmod.o)
                              bn_hw_text.o (__aeabi_uldivmod)
/opt/devkitpro/devkitARM/bin/../lib/gcc/arm-none-eabi/13.1.0/thumb/libgcc.a(_udivmoddi4.o)
                              /opt/devkitpro/devkitARM/bin/../lib/gcc/arm-none-eabi/13.1.0/thumb/libgcc.a(_aeabi_ldivmod.o) (__udivmoddi4)

Discarded input sections

 .text          0x00000000        0x0 /opt/devkitpro/devkitARM/bin/../lib/gcc/arm-none-eabi/13.1.0/../../../../arm-none-eabi/lib/thumb/gba_crt0.o
 .data          0x00000000        0x0 /opt/devkitpro/devkitARM/bin/../lib/gcc/arm-none-eabi/13.1.0/../../../../arm-none-eabi/lib/thumb/gba_crt0.o
 .bss           0x00000000        0x0 /opt/devkitpro/devkitARM/bin/../lib/gcc/arm-none-eabi/13.1.0/../../../../arm-none-eabi/lib/thumb/gba_crt0.o
 .text          0x00000000        0x0 /opt/devkitpro/devkitARM/bin/../lib/gcc/arm-none-eabi/13.1.0/thumb/crti.o
 .data          0x00000000        0x0 /opt/devkitpro/devkitARM/bin/../lib/gcc/arm-none-eabi/13.1.0/thumb/crti.o
 .bss           0x00000000        0x0 /opt/devkitpro/devkitARM/bin/../lib/gcc/arm-none-eabi/13.1.0/thumb/crti.o
 .text          0x00000000        0x0 /opt/devkitpro/devkitARM/bin/../lib/gcc/arm-none-eabi/13.1.0/thumb/crtbegin.o
 .data          0x00000000        0x0 /opt/devkitpro/devkitARM/bin/../lib/gcc/arm-none-eabi/13.1.0/thumb/crtbegin.o
 .bss           0x00000000        0x0 /opt/devkitpro/devkitARM/bin/../lib/gcc/arm-none-eabi/13.1.0/thumb/crtbegin.o
 .rodata.all_implied_fbits
                0x00000000       0x24 /opt/devkitpro/devkitARM/bin/../lib/gcc/arm-none-eabi/13.1.0/thumb/crtbegin.o
 .text          0x00000000        0x0 _bn_audio_soundbank.bin.o
 .data          0x00000000        0x0 _bn_audio_soundbank.bin.o
 .bss           0x00000000        0x0 _bn_audio_soundbank.bin.o
 .text          0x00000000        0x0 ball_bn_gfx.o
 .data          0x00000000        0x0 ball_bn_gfx.o
 .bss           0x00000000        0x0 ball_bn_gfx.o
 .text          0x00000000        0x0 fixed_32x64_font_bn_gfx.o
 .data          0x00000000        0x0 fixed_32x64_font_bn_gfx.o
 .bss           0x00000000        0x0 fixed_32x64_font_bn_gfx.o
 .text          0x00000000        0x0 common_fixed_8x16_font_bn_gfx.o
 .data          0x00000000        0x0 common_fixed_8x16_font_bn_gfx.o
 .bss           0x00000000        0x0 common_fixed_8x16_font_bn_gfx.o
 .rodata        0x00000000     0x1ba0 common_fixed_8x16_font_bn_gfx.o
 .text          0x00000000        0x0 common_fixed_8x8_font_bn_gfx.o
 .data          0x00000000        0x0 common_fixed_8x8_font_bn_gfx.o
 .bss           0x00000000        0x0 common_fixed_8x8_font_bn_gfx.o
 .rodata        0x00000000      0xde0 common_fixed_8x8_font_bn_gfx.o
 .text          0x00000000        0x0 common_variable_16x16_font_bn_gfx.o
 .data          0x00000000        0x0 common_variable_16x16_font_bn_gfx.o
 .bss           0x00000000        0x0 common_variable_16x16_font_bn_gfx.o
 .rodata        0x00000000     0x3720 common_variable_16x16_font_bn_gfx.o
 .text          0x00000000        0x0 common_variable_8x16_font_bn_gfx.o
 .data          0x00000000        0x0 common_variable_8x16_font_bn_gfx.o
 .bss           0x00000000        0x0 common_variable_8x16_font_bn_gfx.o
 .text          0x00000000        0x0 common_variable_8x8_font_bn_gfx.o
 .data          0x00000000        0x0 common_variable_8x8_font_bn_gfx.o
 .bss           0x00000000        0x0 common_variable_8x8_font_bn_gfx.o
 .rodata        0x00000000      0xde0 common_variable_8x8_font_bn_gfx.o
 .text          0x00000000        0x0 main.o
 .data          0x00000000        0x0 main.o
 .bss           0x00000000        0x0 main.o
 .group         0x00000000        0xc title_screen.o
 .group         0x00000000        0x8 title_screen.o
 .group         0x00000000        0xc title_screen.o
 .text          0x00000000        0x0 title_screen.o
 .data          0x00000000        0x0 title_screen.o
 .bss           0x00000000        0x0 title_screen.o
 .group         0x00000000        0xc common_info.o
 .text          0x00000000        0x0 common_info.o
 .data          0x00000000        0x0 common_info.o
 .bss           0x00000000        0x0 common_info.o
 .text._ZN6common4info15_update_spritesEv
                0x00000000       0x9c common_info.o
 .text._ZN6common4info15set_show_alwaysEb
                0x00000000       0x28 common_info.o
 .text._ZN6common4info6updateEv
                0x00000000       0x30 common_info.o
 .rodata._ZN6common4infoC2ERKN2bn11string_viewERKNS1_4spanIS3_EERNS1_21sprite_text_generatorE.str1.4
[...]
Memory Configuration

Name             Origin             Length             Attributes
rom              0x08000000         0x02000000
iwram            0x03000000         0x00008000
ewram            0x02000000         0x00040000
*default*        0x00000000         0xffffffff

Linker script and memory map

                0x08000000                        __text_start = ORIGIN (rom)
                0x02040000                        __eheap_end = (ORIGIN (ewram) + LENGTH (ewram))
                0x03000000                        __iwram_start = ORIGIN (iwram)
                0x03008000                        __iwram_top = (ORIGIN (iwram) + LENGTH (iwram))
                0x03007fa0                        __sp_irq = (__iwram_top - 0x60)
                0x03007f00                        __sp_usr = (__sp_irq - 0xa0)
                0x03007ff8                        __irq_flags = 0x3007ff8
                0x08000000                        . = __text_start

.crt0           0x08000000      0x210
 *(.crt0)
 .crt0          0x08000000      0x210 /opt/devkitpro/devkitARM/bin/../lib/gcc/arm-none-eabi/13.1.0/../../../../arm-none-eabi/lib/thumb/gba_crt0.o
                0x08000000                _start
                0x080000c4                __boot_method
                0x080000c5                __slave_number
                0x080000e0                start_vector
                0x08000210                        . = ALIGN (0x4)

.init           0x08000210        0xc
 *(SORT_NONE(.init))
 .init          0x08000210        0x4 /opt/devkitpro/devkitARM/bin/../lib/gcc/arm-none-eabi/13.1.0/thumb/crti.o
                0x08000210                _init
 .init          0x08000214        0x8 /opt/devkitpro/devkitARM/bin/../lib/gcc/arm-none-eabi/13.1.0/thumb/crtn.o

.plt            0x0800021c        0x0
 *(.plt)
                0x0800021c                        . = ALIGN (0x4)

.text           0x08000220    0x14c90
 *(EXCLUDE_FILE(*.iwram*) .text*)
 .text.__do_global_dtors_aux
                0x08000220       0x2c /opt/devkitpro/devkitARM/bin/../lib/gcc/arm-none-eabi/13.1.0/thumb/crtbegin.o
 .text.frame_dummy
                0x0800024c       0x24 /opt/devkitpro/devkitARM/bin/../lib/gcc/arm-none-eabi/13.1.0/thumb/crtbegin.o
 .text.startup.main
                0x08000270       0x10 main.o
                0x08000270                main
 .text._ZN3_bn6assert9show_argsIJA16_ciA4_ciEEEvPKcS5_S5_iDpRKT_
                0x08000280       0x6c title_screen.o
                0x08000280                void _bn::assert::show_args<char [16], int, char [4], int>(char const*, char const*, char const*, int, char const (&) [16], int const&, char const (&) [4], int const&)
 .text._ZN4Game12title_screenEv
                0x080002ec      0x2e8 title_screen.o
                0x080002ec                Game::title_screen()
 .text._ZN3_bn6assert9show_argsIA16_ciEEvPKcS4_S4_iRKT_RKT0_
                0x080005d4       0x58 common_info.o
                0x080005d4                void _bn::assert::show_args<char [16], int>(char const*, char const*, char const*, int, char const (&) [16], int const&)
 .text._ZN3_bn6assert9show_argsIA15_ciEEvPKcS4_S4_iRKT_RKT0_
                0x0800062c       0x58 common_stats.o
                0x0800062c                void _bn::assert::show_args<char [15], int>(char const*, char const*, char const*, int, char const (&) [15], int const&)
 .text._ZN2bn13ostringstream6appendILi12EEEvNS_7fixed_tIXT_EEE
                0x08000684       0xa0 common_stats.o
                0x08000684                void bn::ostringstream::append<12>(bn::fixed_t<12>)
 .text._ZN2bn13ostringstream11append_argsIiJA4_ciEEEvRKT_DpRKT0_.isra.0
                0x08000724       0x24 bn_affine_bg_animate_actions.o
 .text._ZN3_bn6assert9show_argsIA15_cEEvPKcS4_S4_iRKT_
                0x08000748       0x50 bn_affine_bg_animate_actions.o
                0x08000748                void _bn::assert::show_args<char [15]>(char const*, char const*, char const*, int, char const (&) [15])
 .text._ZN3_bn6assert9show_argsIA23_ciEEvPKcS4_S4_iRKT_RKT0_
                0x08000798       0x58 bn_affine_bg_animate_actions.o
                0x08000798                void _bn::assert::show_args<char [23], int>(char const*, char const*, char const*, int, char const (&) [23], int const&)
 .text._ZN3_bn6assert9show_argsIA24_ciEEvPKcS4_S4_iRKT_RKT0_
                0x080007f0       0x58 bn_affine_bg_animate_actions.o
                0x080007f0                void _bn::assert::show_args<char [24], int>(char const*, char const*, char const*, int, char const (&) [24], int const&)
 .text._ZN3_bn6assert9show_argsIA28_ciEEvPKcS4_S4_iRKT_RKT0_
                0x08000848       0x58 bn_affine_bg_animate_actions.o
                0x08000848                void _bn::assert::show_args<char [28], int>(char const*, char const*, char const*, int, char const (&) [28], int const&)
 .text._ZN3_bn6assert9show_argsIJA28_ciA4_ciEEEvPKcS5_S5_iDpRKT_
                0x080008a0       0x5c bn_affine_bg_animate_actions.o
                0x080008a0                void _bn::assert::show_args<char [28], int, char [4], int>(char const*, char const*, char const*, int, char const (&) [28], int const&, char const (&) [4], int const&)
 .text._ZN3_bn6assert9show_argsIJA19_ciA4_ciEEEvPKcS5_S5_iDpRKT_
                0x080008fc       0x5c bn_affine_bg_animate_actions.o
                0x080008fc                void _bn::assert::show_args<char [19], int, char [4], int>(char const*, char const*, char const*, int, char const (&) [19], int const&, char const (&) [4], int const&)
 .text._ZN2bn13audio_manager12_GLOBAL__N_111static_dataD2Ev
                0x08000958        0x4 bn_audio_manager.o
 .text._ZN2bn13audio_manager4initEv
                0x0800095c       0x48 bn_audio_manager.o
                0x0800095c                bn::audio_manager::init()
 .text._ZN2bn13audio_manager7disableEv
                0x080009a4        0xc bn_audio_manager.o
                0x080009a4                bn::audio_manager::disable()
 .text._ZN2bn13audio_manager10sound_dataEt
                0x080009b0       0x64 bn_audio_manager.o
                0x080009b0                bn::audio_manager::sound_data(unsigned short)
 .text._ZN2bn13audio_manager6updateEv
                0x08000a14        0xc bn_audio_manager.o
                0x08000a14                bn::audio_manager::update()
 .text._ZN2bn13audio_manager6commitEv
                0x08000a20        0xc bn_audio_manager.o
                0x08000a20                bn::audio_manager::commit()
 .text._ZN2bn13audio_manager4stopEv
                0x08000a2c       0x6c bn_audio_manager.o
                0x08000a2c                bn::audio_manager::stop()
 .text._ZN3_bn6assert9show_argsIA18_ciEEvPKcS4_S4_iRKT_RKT0_
                0x08000a98       0x58 bn_audio_manager.o
                0x08000a98                void _bn::assert::show_args<char [18], int>(char const*, char const*, char const*, int, char const (&) [18], int const&)
 .text._ZN3_bn6assert9show_argsIA14_ciEEvPKcS4_S4_iRKT_RKT0_
                0x08000af0       0x58 bn_audio_manager.o
                0x08000af0                void _bn::assert::show_args<char [14], int>(char const*, char const*, char const*, int, char const (&) [14], int const&)
 .text._ZN3_bn6assert9show_argsIA26_ciEEvPKcS4_S4_iRKT_RKT0_
                0x08000b48       0x58 bn_audio_manager.o
                0x08000b48                void _bn::assert::show_args<char [26], int>(char const*, char const*, char const*, int, char const (&) [26], int const&)
 .text._ZN3_bn6assert9show_argsIA33_cEEvPKcS4_S4_iRKT_
                0x08000ba0       0x50 bn_audio_manager.o
                0x08000ba0                void _bn::assert::show_args<char [33]>(char const*, char const*, char const*, int, char const (&) [33])
 .text._ZN3_bn6assert9show_argsIA25_cEEvPKcS4_S4_iRKT_
                0x08000bf0       0x50 bn_audio_manager.o
                0x08000bf0                void _bn::assert::show_args<char [25]>(char const*, char const*, char const*, int, char const (&) [25])
 .text._ZN3_bn6assert9show_argsIA24_cEEvPKcS4_S4_iRKT_
                0x08000c40       0x50 bn_audio_manager.o
                0x08000c40                void _bn::assert::show_args<char [24]>(char const*, char const*, char const*, int, char const (&) [24])
 .text._ZN3_bn6assert9show_argsIA20_cEEvPKcS4_S4_iRKT_
                0x08000c90       0x50 bn_audio_manager.o
                0x08000c90                void _bn::assert::show_args<char [20]>(char const*, char const*, char const*, int, char const (&) [20])
 .text._ZN3_bn6assert9show_argsIA26_cEEvPKcS4_S4_iRKT_
                0x08000ce0       0x50 bn_audio_manager.o
                0x08000ce0                void _bn::assert::show_args<char [26]>(char const*, char const*, char const*, int, char const (&) [26])
 .text._ZN3_bn6assert9show_argsIA25_cN2bn7fixed_tILi12EEEEEvPKcS7_S7_iRKT_RKT0_
                0x08000d30       0x58 bn_audio_manager.o
                0x08000d30                void _bn::assert::show_args<char [25], bn::fixed_t<12> >(char const*, char const*, char const*, int, char const (&) [25], bn::fixed_t<12> const&)
 .text._ZNK2bn10music_item4playENS_7fixed_tILi12EEE
                0x08000d88       0xb8 bn_audio_manager.o
                0x08000d88                bn::music_item::play(bn::fixed_t<12>) const
 .text._ZN3_bn6assert9show_argsIA25_ciEEvPKcS4_S4_iRKT_RKT0_
                0x08000e40       0x58 bn_audio_manager.o
                0x08000e40                void _bn::assert::show_args<char [25], int>(char const*, char const*, char const*, int, char const (&) [25], int const&)
 .text._ZN2bn13audio_manager16execute_commandsEv
                0x08000e98      0x714 bn_audio_manager.o
                0x08000e98                bn::audio_manager::execute_commands()
 .text._ZN3_bn6assert9show_argsIA17_cEEvPKcS4_S4_iRKT_
                0x080015ac       0x50 bn_audio_manager.o
                0x080015ac                void _bn::assert::show_args<char [17]>(char const*, char const*, char const*, int, char const (&) [17])
 .text.startup._GLOBAL__sub_I__ZN2bn5audio16update_on_vblankEv
                0x080015fc       0x98 bn_audio_manager.o
 .text._ZN3_bn6assert9show_argsIA23_cEEvPKcS4_S4_iRKT_
                0x08001694       0x50 bn_best_fit_allocator.o
                0x08001694                void _bn::assert::show_args<char [23]>(char const*, char const*, char const*, int, char const (&) [23])
 .text._ZN2bn18best_fit_allocatorD2Ev
                0x080016e4       0x38 bn_best_fit_allocator.o
                0x080016e4                bn::best_fit_allocator::~best_fit_allocator()
                0x080016e4                bn::best_fit_allocator::~best_fit_allocator()
 .text._ZN3_bn6assert9show_argsIA20_ciEEvPKcS4_S4_iRKT_RKT0_
                0x0800171c       0x58 bn_best_fit_allocator.o
                0x0800171c                void _bn::assert::show_args<char [20], int>(char const*, char const*, char const*, int, char const (&) [20], int const&)
 .text._ZN3_bn6assert9show_argsIA14_cEEvPKcS4_S4_iRKT_
                0x08001774       0x50 bn_best_fit_allocator.o
                0x08001774                void _bn::assert::show_args<char [14]>(char const*, char const*, char const*, int, char const (&) [14])
 .text._ZN3_bn6assert9show_argsIA21_cEEvPKcS4_S4_iRKT_
                0x080017c4       0x50 bn_best_fit_allocator.o
                0x080017c4                void _bn::assert::show_args<char [21]>(char const*, char const*, char const*, int, char const (&) [21])
 .text._ZN2bn18best_fit_allocator5resetEPvi
                0x08001814       0xbc bn_best_fit_allocator.o
                0x08001814                bn::best_fit_allocator::reset(void*, int)
 .text._ZN2bn17bg_blocks_manager12_GLOBAL__N_117_hw_commit_offsetEPKtjtPt
                0x080018d0       0x90 bn_bg_blocks_manager.o
 .text._ZN2bn13ostringstream11append_argsIiJA4_ciEEEvRKT_DpRKT0_.isra.0
                0x08001960       0x24 bn_bg_blocks_manager.o
 .text._ZNK2bn18regular_bg_map_ptr2idEv
                0x08001984       0x18 bn_bg_blocks_manager.o
                0x08001984                bn::regular_bg_map_ptr::id() const
 .text._ZNK2bn18regular_bg_map_ptr10dimensionsEv
                0x0800199c       0x20 bn_bg_blocks_manager.o
                0x0800199c                bn::regular_bg_map_ptr::dimensions() const
 .text._ZNK2bn20regular_bg_tiles_ptr3cbbEv
                0x080019bc       0x18 bn_bg_blocks_manager.o
                0x080019bc                bn::regular_bg_tiles_ptr::cbb() const
 .text._ZNK2bn17affine_bg_map_ptr2idEv
                0x080019d4       0x18 bn_bg_blocks_manager.o
                0x080019d4                bn::affine_bg_map_ptr::id() const
 .text._ZNK2bn17affine_bg_map_ptr10dimensionsEv
                0x080019ec       0x20 bn_bg_blocks_manager.o
                0x080019ec                bn::affine_bg_map_ptr::dimensions() const
 .text._ZNK2bn19affine_bg_tiles_ptr3cbbEv
                0x08001a0c       0x18 bn_bg_blocks_manager.o
                0x08001a0c                bn::affine_bg_tiles_ptr::cbb() const
 .text._ZN2bn17bg_blocks_manager15decrease_usagesEi
                0x08001a24       0x98 bn_bg_blocks_manager.o
                0x08001a24                bn::bg_blocks_manager::decrease_usages(int)
 .text._ZN2bn17bg_blocks_manager12_GLOBAL__N_111static_dataD2Ev
                0x08001abc       0x54 bn_bg_blocks_manager.o
 .text._ZN2bn17bg_blocks_manager12_GLOBAL__N_110items_list12insert_afterEiRKNS1_9item_typeE.constprop.0
                0x08001b10      0x26c bn_bg_blocks_manager.o
 .text._ZN2bn17bg_blocks_manager4initEv
                0x08001d7c       0xbc bn_bg_blocks_manager.o
                0x08001d7c                bn::bg_blocks_manager::init()
 .text._ZN2bn17bg_blocks_manager11must_commitEi
                0x08001e38       0x18 bn_bg_blocks_manager.o
                0x08001e38                bn::bg_blocks_manager::must_commit(int)
 .text._ZN2bn17bg_blocks_manager6updateEv
                0x08001e50      0x258 bn_bg_blocks_manager.o
                0x08001e50                bn::bg_blocks_manager::update()
 .text._ZN3_bn6assert9show_argsIJA22_ciA4_ciEEEvPKcS5_S5_iDpRKT_
                0x080020a8       0x5c bn_bg_blocks_manager.o
                0x080020a8                void _bn::assert::show_args<char [22], int, char [4], int>(char const*, char const*, char const*, int, char const (&) [22], int const&, char const (&) [4], int const&)
 .text._ZN3_bn6assert9show_argsIJA58_ciA4_ciEEEvPKcS5_S5_iDpRKT_
                0x08002104       0x5c bn_bg_blocks_manager.o
                0x08002104                void _bn::assert::show_args<char [58], int, char [4], int>(char const*, char const*, char const*, int, char const (&) [58], int const&, char const (&) [4], int const&)
 .text._ZN3_bn6assert9show_argsIA27_ciEEvPKcS4_S4_iRKT_RKT0_
                0x08002160       0x58 bn_bg_blocks_manager.o
                0x08002160                void _bn::assert::show_args<char [27], int>(char const*, char const*, char const*, int, char const (&) [27], int const&)
 .text._ZN2bn17bg_blocks_manager12_GLOBAL__N_110_hw_commitEPKtNS_16compression_typeEibPt
                0x080021b8       0x6c bn_bg_blocks_manager.o
 .text._ZN3_bn6assert9show_argsIA22_ciEEvPKcS4_S4_iRKT_RKT0_
                0x08002224       0x58 bn_bg_blocks_manager.o
                0x08002224                void _bn::assert::show_args<char [22], int>(char const*, char const*, char const*, int, char const (&) [22], int const&)
 .text._ZN3_bn6assert9show_argsIA19_cEEvPKcS4_S4_iRKT_
                0x0800227c       0x50 bn_bg_blocks_manager.o
                0x0800227c                void _bn::assert::show_args<char [19]>(char const*, char const*, char const*, int, char const (&) [19])
 .text._ZN3_bn6assert9show_argsIA31_cEEvPKcS4_S4_iRKT_
                0x080022cc       0x50 bn_bg_blocks_manager.o
                0x080022cc                void _bn::assert::show_args<char [31]>(char const*, char const*, char const*, int, char const (&) [31])
 .text._ZN3_bn6assert9show_argsIA22_cEEvPKcS4_S4_iRKT_
                0x0800231c       0x50 bn_bg_blocks_manager.o
                0x0800231c                void _bn::assert::show_args<char [22]>(char const*, char const*, char const*, int, char const (&) [22])
 .text._ZNK2bn17affine_bg_map_ptr5tilesEv
                0x0800236c       0x48 bn_bg_blocks_manager.o
                0x0800236c                bn::affine_bg_map_ptr::tiles() const
 .text._ZNK2bn18regular_bg_map_ptr5tilesEv
                0x080023b4       0x48 bn_bg_blocks_manager.o
                0x080023b4                bn::regular_bg_map_ptr::tiles() const
 .text._ZNK2bn18regular_bg_map_ptr3bppEv
                0x080023fc       0x4c bn_bg_blocks_manager.o
                0x080023fc                bn::regular_bg_map_ptr::bpp() const
 .text._ZN2bn17bg_blocks_manager21update_affine_map_rowEiii
                0x08002448      0x164 bn_bg_blocks_manager.o
                0x08002448                bn::bg_blocks_manager::update_affine_map_row(int, int, int)
 .text._ZN2bn17bg_blocks_manager28update_affine_map_bottom_rowEiii
                0x080025ac       0x2c bn_bg_blocks_manager.o
                0x080025ac                bn::bg_blocks_manager::update_affine_map_bottom_row(int, int, int)
 .text._ZN2bn17bg_blocks_manager23set_affine_map_positionEiii
                0x080025d8      0x20c bn_bg_blocks_manager.o
                0x080025d8                bn::bg_blocks_manager::set_affine_map_position(int, int, int)
 .text._ZN2bn17bg_blocks_manager21update_affine_map_colEiii
                0x080027e4      0x350 bn_bg_blocks_manager.o
                0x080027e4                bn::bg_blocks_manager::update_affine_map_col(int, int, int)
 .text._ZN2bn17bg_blocks_manager27update_affine_map_right_colEiii
                0x08002b34       0x2c bn_bg_blocks_manager.o
                0x08002b34                bn::bg_blocks_manager::update_affine_map_right_col(int, int, int)
 .text._ZN2bn17bg_blocks_manager22update_regular_map_rowEiii
                0x08002b60      0x17c bn_bg_blocks_manager.o
                0x08002b60                bn::bg_blocks_manager::update_regular_map_row(int, int, int)
 .text._ZN2bn17bg_blocks_manager22update_regular_map_colEiii
                0x08002cdc      0x1f8 bn_bg_blocks_manager.o
                0x08002cdc                bn::bg_blocks_manager::update_regular_map_col(int, int, int)
 .text._ZN2bn17bg_blocks_manager24set_regular_map_positionEiii
                0x08002ed4      0x200 bn_bg_blocks_manager.o
                0x08002ed4                bn::bg_blocks_manager::set_regular_map_position(int, int, int)
 .text._ZN2bn17bg_blocks_manager12_GLOBAL__N_112_commit_itemERKNS1_9item_typeEb
                0x080030d4      0x1ac bn_bg_blocks_manager.o
 .text._ZN2bn17bg_blocks_manager19commit_uncompressedEb
                0x08003280       0x58 bn_bg_blocks_manager.o
                0x08003280                bn::bg_blocks_manager::commit_uncompressed(bool)
 .text._ZN2bn17bg_blocks_manager17commit_compressedEv
                0x080032d8       0x48 bn_bg_blocks_manager.o
                0x080032d8                bn::bg_blocks_manager::commit_compressed()
 .text._ZN3_bn6assert9show_argsIA39_ciEEvPKcS4_S4_iRKT_RKT0_
                0x08003320       0x58 bn_bg_blocks_manager.o
                0x08003320                void _bn::assert::show_args<char [39], int>(char const*, char const*, char const*, int, char const (&) [39], int const&)
 .text.startup._GLOBAL__sub_I__ZN2bn7bg_maps16used_cells_countEv
                0x08003378       0x88 bn_bg_blocks_manager.o
 .text._ZN2bn11bgs_manager12_GLOBAL__N_111static_dataD2Ev
                0x08003400       0x10 bn_bgs_manager.o
 .text._ZN2bn11bgs_manager12_GLOBAL__N_133_update_item_hw_affine_attributesERKNS1_9item_typeE
                0x08003410       0x48 bn_bgs_manager.o
 .text._ZN2bn11bgs_manager4initEv
                0x08003458       0x8c bn_bgs_manager.o
                0x08003458                bn::bgs_manager::init()
 .text._ZN2bn11bgs_manager5hw_idEPv
                0x080034e4        0x8 bn_bgs_manager.o
                0x080034e4                bn::bgs_manager::hw_id(void*)
 .text._ZN2bn11bgs_manager11hw_positionEPv
                0x080034ec        0x4 bn_bgs_manager.o
                0x080034ec                bn::bgs_manager::hw_position(void*)
 .text._ZN2bn11bgs_manager14mat_attributesEPv
                0x080034f0        0x4 bn_bgs_manager.o
                0x080034f0                bn::bgs_manager::mat_attributes(void*)
 .text._ZN2bn11bgs_manager20update_windows_flagsEPj
                0x080034f4       0x7c bn_bgs_manager.o
                0x080034f4                bn::bgs_manager::update_windows_flags(unsigned int*)
 .text._ZN2bn11bgs_manager14update_camerasEv
                0x08003570      0x14c bn_bgs_manager.o
                0x08003570                bn::bgs_manager::update_cameras()
 .text._ZN2bn11bgs_manager36fill_hblank_effect_regular_positionsEiPKNS_7fixed_tILi12EEEPt
                0x080036bc       0x38 bn_bgs_manager.o
                0x080036bc                bn::bgs_manager::fill_hblank_effect_regular_positions(int, bn::fixed_t<12> const*, unsigned short*)
 .text._ZN2bn11bgs_manager45fill_hblank_effect_pivot_horizontal_positionsEPvPKNS_7fixed_tILi12EEEPj
                0x080036f4       0x24 bn_bgs_manager.o
                0x080036f4                bn::bgs_manager::fill_hblank_effect_pivot_horizontal_positions(void*, bn::fixed_t<12> const*, unsigned int*)
 .text._ZN2bn11bgs_manager43fill_hblank_effect_pivot_vertical_positionsEPvPKNS_7fixed_tILi12EEEPj
                0x08003718       0x24 bn_bgs_manager.o
                0x08003718                bn::bgs_manager::fill_hblank_effect_pivot_vertical_positions(void*, bn::fixed_t<12> const*, unsigned int*)
 .text._ZN2bn11bgs_manager6commitEb
                0x0800373c       0x58 bn_bgs_manager.o
                0x0800373c                bn::bgs_manager::commit(bool)
 .text._ZN2bn11bgs_manager4stopEv
                0x08003794       0x28 bn_bgs_manager.o
                0x08003794                bn::bgs_manager::stop()
 .text._ZN3_bn6assert9show_argsIA30_cEEvPKcS4_S4_iRKT_
                0x080037bc       0x50 bn_bgs_manager.o
                0x080037bc                void _bn::assert::show_args<char [30]>(char const*, char const*, char const*, int, char const (&) [30])
 .text._ZN3_bn6assert9show_argsIA27_cEEvPKcS4_S4_iRKT_
                0x0800380c       0x50 bn_bgs_manager.o
                0x0800380c                void _bn::assert::show_args<char [27]>(char const*, char const*, char const*, int, char const (&) [27])
 .text._ZN3_bn6assert9show_argsIA46_cEEvPKcS4_S4_iRKT_
                0x0800385c       0x50 bn_bgs_manager.o
                0x0800385c                void _bn::assert::show_args<char [46]>(char const*, char const*, char const*, int, char const (&) [46])
 .text._ZN2bn11bgs_manager15rebuild_handlesEv.part.0
                0x080038ac      0x1a8 bn_bgs_manager.o
 .text._ZN3_bn6assert9show_argsIA16_cN2bn7fixed_tILi12EEEEEvPKcS7_S7_iRKT_RKT0_
                0x08003a54       0x58 bn_bgs_manager.o
                0x08003a54                void _bn::assert::show_args<char [16], bn::fixed_t<12> >(char const*, char const*, char const*, int, char const (&) [16], bn::fixed_t<12> const&)
 .text._ZN2bn11bgs_manager37fill_hblank_effect_regular_attributesEPvPKNS_21regular_bg_attributesEPt
                0x08003aac      0x108 bn_bgs_manager.o
                0x08003aac                bn::bgs_manager::fill_hblank_effect_regular_attributes(void*, bn::regular_bg_attributes const*, unsigned short*)
 .text._ZN2bn11bgs_manager6updateEv
                0x08003bb4      0x164 bn_bgs_manager.o
                0x08003bb4                bn::bgs_manager::update()
 .text._ZN2bn11bgs_manager15commit_big_mapsEv
                0x08003d18      0x1d0 bn_bgs_manager.o
                0x08003d18                bn::bgs_manager::commit_big_maps()
 .text._ZN2bn11bgs_manager36fill_hblank_effect_affine_attributesEPvPKNS_20affine_bg_attributesEPt
                0x08003ee8      0x10c bn_bgs_manager.o
                0x08003ee8                bn::bgs_manager::fill_hblank_effect_affine_attributes(void*, bn::affine_bg_attributes const*, unsigned short*)
 .text._ZN2bn11bgs_manager11regular_mapEPv
                0x08003ff4       0x34 bn_bgs_manager.o
                0x08003ff4                bn::bgs_manager::regular_map(void*)
 .text._ZN2bn11bgs_manager10affine_mapEPv
                0x08004028       0x34 bn_bgs_manager.o
                0x08004028                bn::bgs_manager::affine_map(void*)
 .text._ZN3_bn6assert9show_argsIA13_cEEvPKcS4_S4_iRKT_
                0x0800405c       0x50 bn_bgs_manager.o
                0x0800405c                void _bn::assert::show_args<char [13]>(char const*, char const*, char const*, int, char const (&) [13])
 .text.startup._GLOBAL__sub_I__ZN2bn3bgs16used_items_countEv
                0x080040ac       0x90 bn_bgs_manager.o
 .text._ZN2bn10camera_ptrC2ERKS0_
                0x0800413c       0x20 bn_cameras_manager.o
                0x0800413c                bn::camera_ptr::camera_ptr(bn::camera_ptr const&)
                0x0800413c                bn::camera_ptr::camera_ptr(bn::camera_ptr const&)
 .text._ZN2bn10camera_ptraSERKS0_
                0x0800415c       0x54 bn_cameras_manager.o
                0x0800415c                bn::camera_ptr::operator=(bn::camera_ptr const&)
 .text._ZN2bn10camera_ptrD2Ev
                0x080041b0       0x38 bn_cameras_manager.o
                0x080041b0                bn::camera_ptr::~camera_ptr()
                0x080041b0                bn::camera_ptr::~camera_ptr()
 .text._ZNK2bn10camera_ptr8positionEv
                0x080041e8       0x14 bn_cameras_manager.o
                0x080041e8                bn::camera_ptr::position() const
 .text._ZN2bn15cameras_manager4initEv
                0x080041fc       0x24 bn_cameras_manager.o
                0x080041fc                bn::cameras_manager::init()
 .text._ZN2bn15cameras_manager6updateEv
                0x08004220       0x28 bn_cameras_manager.o
                0x08004220                bn::cameras_manager::update()
 .text.startup._GLOBAL__sub_I__ZN2bn7cameras16used_items_countEv
                0x08004248       0x24 bn_cameras_manager.o
 .text._ZN2bn4core12_GLOBAL__N_14stopEb
                0x0800426c       0x58 bn_core.o
 .text._ZN2bn4core12_GLOBAL__N_111update_implEv
                0x080042c4      0x114 bn_core.o
 .text._ZN2bn4core6updateEv
                0x080043d8       0x6c bn_core.o
                0x080043d8                bn::core::update()
 .text._ZN2bn4core4initERKNS_8optionalINS_5colorEEERKNS_11string_viewE
                0x08004444      0x12c bn_core.o
                0x08004444                bn::core::init(bn::optional<bn::color> const&, bn::string_view const&)
 .text._ZN2bn4core4initEv
                0x08004570       0x24 bn_core.o
                0x08004570                bn::core::init()
 .text._ZN2bn4core9on_vblankEv
                0x08004594       0x2c bn_core.o
                0x08004594                bn::core::on_vblank()
 .text._ZN2bn11string_viewC2EPKc
                0x080045c0       0x40 bn_core.o
                0x080045c0                bn::string_view::string_view(char const*)
                0x080045c0                bn::string_view::string_view(char const*)
 .text._ZN3_bn6assert12_GLOBAL__N_110_show_implEPKcS3_S3_iRKN2bn11string_viewE
                0x08004600       0x80 bn_core.o
 .text._ZN3_bn6assert4showEPKcS2_S2_iRKN2bn12istring_baseE
                0x08004680       0x18 bn_core.o
                0x08004680                _bn::assert::show(char const*, char const*, char const*, int, bn::istring_base const&)
 .text._ZN3_bn6assert9show_argsIA18_cEEvPKcS4_S4_iRKT_
                0x08004698       0x50 bn_core.o
                0x08004698                void _bn::assert::show_args<char [18]>(char const*, char const*, char const*, int, char const (&) [18])
 .text.startup._GLOBAL__sub_I__ZN2bn4core4initEv
                0x080046e8       0x4c bn_core.o
 .text._ZN2bn15display_manager12_GLOBAL__N_111static_dataD2Ev
                0x08004734       0x34 bn_display_manager.o
 .text._ZN2bn15display_manager12_GLOBAL__N_134_update_rect_windows_hw_boundariesEi
                0x08004768       0x80 bn_display_manager.o
 .text._ZN2bn15display_manager4initEv
                0x080047e8       0xa4 bn_display_manager.o
                0x080047e8                bn::display_manager::init()
 .text._ZN2bn15display_manager8set_modeEi
                0x0800488c       0x1c bn_display_manager.o
                0x0800488c                bn::display_manager::set_mode(int)
 .text._ZN2bn15display_manager14set_bg_enabledEib
                0x080048a8       0x18 bn_display_manager.o
                0x080048a8                bn::display_manager::set_bg_enabled(int, bool)
 .text._ZN2bn15display_manager15disable_all_bgsEv
                0x080048c0       0x14 bn_display_manager.o
                0x080048c0                bn::display_manager::disable_all_bgs()
 .text._ZN2bn15display_manager36fill_mosaic_hblank_effect_attributesEPKNS_17mosaic_attributesEPt
                0x080048d4       0xb4 bn_display_manager.o
                0x080048d4                bn::display_manager::fill_mosaic_hblank_effect_attributes(bn::mosaic_attributes const*, unsigned short*)
 .text._ZN2bn15display_manager27set_blending_top_bg_enabledEib
                0x08004988       0x20 bn_display_manager.o
                0x08004988                bn::display_manager::set_blending_top_bg_enabled(int, bool)
 .text._ZN2bn15display_manager30set_blending_bottom_bg_enabledEib
                0x080049a8       0x20 bn_display_manager.o
                0x080049a8                bn::display_manager::set_blending_bottom_bg_enabled(int, bool)
 .text._ZN2bn15display_manager32blending_transparency_top_weightEv
                0x080049c8       0x18 bn_display_manager.o
                0x080049c8                bn::display_manager::blending_transparency_top_weight()
 .text._ZN2bn15display_manager35blending_transparency_bottom_weightEv
                0x080049e0       0x28 bn_display_manager.o
                0x080049e0                bn::display_manager::blending_transparency_bottom_weight()
 .text._ZN2bn15display_manager51fill_blending_transparency_hblank_effect_attributesEPKNS_32blending_transparency_attributesEPt
                0x08004a08       0x30 bn_display_manager.o
                0x08004a08                bn::display_manager::fill_blending_transparency_hblank_effect_attributes(bn::blending_transparency_attributes const*, unsigned short*)
 .text._ZN2bn15display_manager21blending_fade_enabledEv
                0x08004a38        0xc bn_display_manager.o
                0x08004a38                bn::display_manager::blending_fade_enabled()
 .text._ZN2bn15display_manager39fill_blending_fade_hblank_effect_alphasEPKNS_19blending_fade_alphaEPt
                0x08004a44       0x24 bn_display_manager.o
                0x08004a44                bn::display_manager::fill_blending_fade_hblank_effect_alphas(bn::blending_fade_alpha const*, unsigned short*)
 .text._ZN2bn15display_manager26update_windows_visible_bgsEv
                0x08004a68       0x14 bn_display_manager.o
                0x08004a68                bn::display_manager::update_windows_visible_bgs()
 .text._ZN2bn15display_manager36rect_window_hw_horizontal_boundariesEi
                0x08004a7c       0x14 bn_display_manager.o
                0x08004a7c                bn::display_manager::rect_window_hw_horizontal_boundaries(int)
 .text._ZN2bn15display_manager34rect_window_hw_vertical_boundariesEi
                0x08004a90       0x14 bn_display_manager.o
                0x08004a90                bn::display_manager::rect_window_hw_vertical_boundaries(int)
 .text._ZN2bn15display_manager52fill_rect_window_hblank_effect_horizontal_boundariesERKSt4pairIiiEPKS1_INS_7fixed_tILi12EEES6_EPt
                0x08004aa4      0x13c bn_display_manager.o
                0x08004aa4                bn::display_manager::fill_rect_window_hblank_effect_horizontal_boundaries(std::pair<int, int> const&, std::pair<bn::fixed_t<12>, bn::fixed_t<12> > const*, unsigned short*)
 .text._ZN2bn15display_manager50fill_rect_window_hblank_effect_vertical_boundariesERKSt4pairIiiEPKS1_INS_7fixed_tILi12EEES6_EPt
                0x08004be0      0x13c bn_display_manager.o
                0x08004be0                bn::display_manager::fill_rect_window_hblank_effect_vertical_boundaries(std::pair<int, int> const&, std::pair<bn::fixed_t<12>, bn::fixed_t<12> > const*, unsigned short*)
 .text._ZN2bn15display_manager36fill_green_swap_hblank_effect_statesEPKbPt
                0x08004d1c       0x38 bn_display_manager.o
                0x08004d1c                bn::display_manager::fill_green_swap_hblank_effect_states(bool const*, unsigned short*)
 .text._ZN2bn15display_manager14update_camerasEv
                0x08004d54       0x40 bn_display_manager.o
                0x08004d54                bn::display_manager::update_cameras()
 .text._ZN2bn15display_manager6updateEv
                0x08004d94      0x264 bn_display_manager.o
                0x08004d94                bn::display_manager::update()
 .text._ZN2bn15display_manager6commitEv
                0x08004ff8      0x12c bn_display_manager.o
                0x08004ff8                bn::display_manager::commit()
 .text._ZN2bn15display_manager4stopEv
                0x08005124       0x30 bn_display_manager.o
                0x08005124                bn::display_manager::stop()
 .text._ZN3_bn6assert9show_argsIA66_cEEvPKcS4_S4_iRKT_
                0x08005154       0x50 bn_display_manager.o
                0x08005154                void _bn::assert::show_args<char [66]>(char const*, char const*, char const*, int, char const (&) [66])
 .text.startup._GLOBAL__sub_I__ZNK2bn6window7show_bgERKNS_14regular_bg_ptrE
                0x080051a4       0xa4 bn_display_manager.o
 .text._ZN2bn12gpio_manager5sleepEv
                0x08005248       0x28 bn_gpio_manager.o
                0x08005248                bn::gpio_manager::sleep()
 .text._ZN2bn22hblank_effects_manager12_GLOBAL__N_19item_type18_output_values_ptrEv
                0x08005270       0x40 bn_hblank_effects_manager.o
 .text._ZN2bn22hblank_effects_manager7disableEv
                0x080052b0       0x24 bn_hblank_effects_manager.o
                0x080052b0                bn::hblank_effects_manager::disable()
 .text._ZN2bn22hblank_effects_manager4stopEv
                0x080052d4       0x38 bn_hblank_effects_manager.o
                0x080052d4                bn::hblank_effects_manager::stop()
 .text._ZN2bn22hblank_effects_manager6commitEv
                0x0800530c       0x88 bn_hblank_effects_manager.o
                0x0800530c                bn::hblank_effects_manager::commit()
 .text._ZN2bn22hblank_effects_manager12_GLOBAL__N_110_is_uint32ENS0_12handler_typeE
                0x08005394       0x64 bn_hblank_effects_manager.o
 .text._ZN2bn22hblank_effects_manager12_GLOBAL__N_19item_type12check_updateEv
                0x080053f8     0x1640 bn_hblank_effects_manager.o
 .text._ZN2bn22hblank_effects_manager6updateEv
                0x08006a38      0x1ec bn_hblank_effects_manager.o
                0x08006a38                bn::hblank_effects_manager::update()
 .text._ZN2bn22hblank_effects_manager4initEv
                0x08006c24      0x190 bn_hblank_effects_manager.o
                0x08006c24                bn::hblank_effects_manager::init()
 .text.startup._GLOBAL__sub_I__ZN2bn4hbes10used_countEv
                0x08006db4       0xe8 bn_hblank_effects_manager.o
 .text._ZN2bn12hdma_manager4initEv
                0x08006e9c       0x40 bn_hdma_manager.o
                0x08006e9c                bn::hdma_manager::init()
 .text._ZN2bn12hdma_manager10force_stopEv
                0x08006edc       0x3c bn_hdma_manager.o
                0x08006edc                bn::hdma_manager::force_stop()
 .text._ZN2bn12hdma_manager7disableEv
                0x08006f18       0x30 bn_hdma_manager.o
                0x08006f18                bn::hdma_manager::disable()
 .text._ZN2bn12hdma_manager6updateEv
                0x08006f48       0x6c bn_hdma_manager.o
                0x08006f48                bn::hdma_manager::update()
 .text._ZN2bn12hdma_manager6commitEb
                0x08006fb4      0x120 bn_hdma_manager.o
                0x08006fb4                bn::hdma_manager::commit(bool)
 .text.startup._GLOBAL__sub_I__ZN2bn4hdma7runningEv
                0x080070d4       0x34 bn_hdma_manager.o
 .text._ZN2bn6keypad11any_pressedEv
                0x08007108       0x10 bn_keypad_manager.o
                0x08007108                bn::keypad::any_pressed()
 .text._ZN2bn14keypad_manager4stopEv
                0x08007118        0x4 bn_keypad_manager.o
                0x08007118                bn::keypad_manager::stop()
 .text._ZN2bn14keypad_manager6updateEv
                0x0800711c       0xa8 bn_keypad_manager.o
                0x0800711c                bn::keypad_manager::update()
 .text._ZN2bn14keypad_manager4initERKNS_11string_viewE
                0x080071c4       0x64 bn_keypad_manager.o
                0x080071c4                bn::keypad_manager::init(bn::string_view const&)
 .text._ZN2bn12link_manager4initEv
                0x08007228        0xc bn_link_manager.o
                0x08007228                bn::link_manager::init()
 .text._ZN2bn12link_manager6activeEv
                0x08007234        0xc bn_link_manager.o
                0x08007234                bn::link_manager::active()
 .text._ZN2bn12link_manager7disableEv
                0x08007240       0x18 bn_link_manager.o
                0x08007240                bn::link_manager::disable()
 .text._ZN2bn14memory_manager12_GLOBAL__N_111static_dataD2Ev
                0x08007258       0x10 bn_memory_manager.o
 .text._ZN2bn14memory_manager4initEv
                0x08007268       0x2c bn_memory_manager.o
                0x08007268                bn::memory_manager::init()
 .text.startup._GLOBAL__sub_I__Znwj
                0x08007294       0x20 bn_memory_manager.o
 .text._ZN2bn16palettes_manager12_GLOBAL__N_111static_dataD2Ev
                0x080072b4        0x4 bn_palettes_manager.o
 .text._ZN2bn2hw8palettes9grayscaleEPKNS_5colorEiiPS2_.part.0
                0x080072b8       0x40 bn_palettes_manager.o
 .text._ZN2bn14bg_palette_ptrC2ERKS0_
                0x080072f8       0x2c bn_palettes_manager.o
                0x080072f8                bn::bg_palette_ptr::bg_palette_ptr(bn::bg_palette_ptr const&)
                0x080072f8                bn::bg_palette_ptr::bg_palette_ptr(bn::bg_palette_ptr const&)
 .text._ZNK2bn14bg_palette_ptr3bppEv
                0x08007324       0x20 bn_palettes_manager.o
                0x08007324                bn::bg_palette_ptr::bpp() const
 .text._ZN2bn18sprite_palette_ptrC2ERKS0_
                0x08007344       0x1c bn_palettes_manager.o
                0x08007344                bn::sprite_palette_ptr::sprite_palette_ptr(bn::sprite_palette_ptr const&)
                0x08007344                bn::sprite_palette_ptr::sprite_palette_ptr(bn::sprite_palette_ptr const&)
 .text._ZNK2bn18sprite_palette_ptr3bppEv
                0x08007360       0x1c bn_palettes_manager.o
                0x08007360                bn::sprite_palette_ptr::bpp() const
 .text._ZNK2bn13palettes_bank10log_statusEv
                0x0800737c      0x17c bn_palettes_manager.o
                0x0800737c                bn::palettes_bank::log_status() const
 .text._ZN2bn13palettes_bank10find_bpp_4ERKNS_4spanIKNS_5colorEEEt
                0x080074f8      0x11c bn_palettes_manager.o
                0x080074f8                bn::palettes_bank::find_bpp_4(bn::span<bn::color const> const&, unsigned short)
 .text._ZNK2bn13palettes_bank20retrieve_commit_dataEv
                0x08007614       0x4c bn_palettes_manager.o
                0x08007614                bn::palettes_bank::retrieve_commit_data() const
 .text._ZNK2bn13palettes_bank21_apply_global_effectsEiPNS_5colorE
                0x08007660      0x13c bn_palettes_manager.o
                0x08007660                bn::palettes_bank::_apply_global_effects(int, bn::color*) const
 .text._ZNK2bn13palettes_bank25fill_hblank_effect_colorsEPKNS_5colorEPt
                0x0800779c       0x30 bn_palettes_manager.o
                0x0800779c                bn::palettes_bank::fill_hblank_effect_colors(bn::color const*, unsigned short*) const
 .text._ZNK2bn13palettes_bank7palette13apply_effectsEiPNS_5colorE
                0x080077cc       0xbc bn_palettes_manager.o
                0x080077cc                bn::palettes_bank::palette::apply_effects(int, bn::color*) const
 .text._ZNK2bn13palettes_bank25fill_hblank_effect_colorsEiPKNS_5colorEPt
                0x08007888       0x44 bn_palettes_manager.o
                0x08007888                bn::palettes_bank::fill_hblank_effect_colors(int, bn::color const*, unsigned short*) const
 .text._ZN2bn13palettes_bank15_update_paletteEi
                0x080078cc       0x74 bn_palettes_manager.o
                0x080078cc                bn::palettes_bank::_update_palette(int)
 .text._ZN2bn13palettes_bank6updateEv
                0x08007940      0x134 bn_palettes_manager.o
                0x08007940                bn::palettes_bank::update()
 .text._ZN2bn13palettes_bankC2Ev
                0x08007a74       0xd4 bn_palettes_manager.o
                0x08007a74                bn::palettes_bank::palettes_bank()
                0x08007a74                bn::palettes_bank::palettes_bank()
 .text._ZN2bn16palettes_manager4initERKNS_8optionalINS_5colorEEE
                0x08007b48      0x184 bn_palettes_manager.o
                0x08007b48                bn::palettes_manager::init(bn::optional<bn::color> const&)
 .text._ZN2bn16palettes_manager20sprite_palettes_bankEv
                0x08007ccc        0x8 bn_palettes_manager.o
                0x08007ccc                bn::palettes_manager::sprite_palettes_bank()
 .text._ZN2bn16palettes_manager16bg_palettes_bankEv
                0x08007cd4        0x8 bn_palettes_manager.o
                0x08007cd4                bn::palettes_manager::bg_palettes_bank()
 .text._ZN2bn16palettes_manager6updateEv
                0x08007cdc       0x20 bn_palettes_manager.o
                0x08007cdc                bn::palettes_manager::update()
 .text._ZN2bn16palettes_manager6commitEb
                0x08007cfc      0x108 bn_palettes_manager.o
                0x08007cfc                bn::palettes_manager::commit(bool)
 .text._ZN2bn16palettes_manager4stopEv
                0x08007e04       0x20 bn_palettes_manager.o
                0x08007e04                bn::palettes_manager::stop()
 .text._ZN3_bn6assert9show_argsIA35_cEEvPKcS4_S4_iRKT_
                0x08007e24       0x50 bn_palettes_manager.o
                0x08007e24                void _bn::assert::show_args<char [35]>(char const*, char const*, char const*, int, char const (&) [35])
 .text._ZN2bn13palettes_bank11colors_hashERKNS_4spanIKNS_5colorEEE
                0x08007e74       0x48 bn_palettes_manager.o
                0x08007e74                bn::palettes_bank::colors_hash(bn::span<bn::color const> const&)
 .text._ZN3_bn6assert9show_argsIJA43_ciA38_cA42_cEEEvPKcS6_S6_iDpRKT_
                0x08007ebc       0x68 bn_palettes_manager.o
                0x08007ebc                void _bn::assert::show_args<char [43], int, char [38], char [42]>(char const*, char const*, char const*, int, char const (&) [43], int const&, char const (&) [38], char const (&) [42])
 .text._ZN2bn13palettes_bank12create_bpp_8ERKNS_4spanIKNS_5colorEEENS_16compression_typeEb
                0x08007f24      0x230 bn_palettes_manager.o
                0x08007f24                bn::palettes_bank::create_bpp_8(bn::span<bn::color const> const&, bn::compression_type, bool)
 .text._ZNK2bn19sprite_palette_item10decompressENS_4spanINS_5colorEEE
                0x08008154      0x16c bn_palettes_manager.o
                0x08008154                bn::sprite_palette_item::decompress(bn::span<bn::color>) const
 .text._ZN2bn14iunordered_mapItsNS_15identity_hasherENS_8equal_toItEEE21insert_or_assign_hashEjOSt4pairIKtsE.isra.0
                0x080082c0      0x110 bn_palettes_manager.o
 .text._ZN2bn13palettes_bank12create_bpp_4ERKNS_4spanIKNS_5colorEEEtb
                0x080083d0      0x174 bn_palettes_manager.o
                0x080083d0                bn::palettes_bank::create_bpp_4(bn::span<bn::color const> const&, unsigned short, bool)
 .text._ZN2bn12_GLOBAL__N_112_create_implERKNS_19sprite_palette_itemEb
                0x08008544       0x7c bn_palettes_manager.o
 .text._ZN2bn18sprite_palette_ptr6createERKNS_19sprite_palette_itemE
                0x080085c0       0x48 bn_palettes_manager.o
                0x080085c0                bn::sprite_palette_ptr::create(bn::sprite_palette_item const&)
 .text._ZN2bn13palettes_bank30_erase_bpp_4_indexes_map_indexEt
                0x08008608      0x1e0 bn_palettes_manager.o
                0x08008608                bn::palettes_bank::_erase_bpp_4_indexes_map_index(unsigned short)
 .text._ZN2bn13palettes_bank15decrease_usagesEi
                0x080087e8       0x80 bn_palettes_manager.o
                0x080087e8                bn::palettes_bank::decrease_usages(int)
 .text._ZN2bn14bg_palette_ptraSERKS0_
                0x08008868       0x4c bn_palettes_manager.o
                0x08008868                bn::bg_palette_ptr::operator=(bn::bg_palette_ptr const&)
 .text._ZN2bn14bg_palette_ptrD2Ev
                0x080088b4       0x20 bn_palettes_manager.o
                0x080088b4                bn::bg_palette_ptr::~bg_palette_ptr()
                0x080088b4                bn::bg_palette_ptr::~bg_palette_ptr()
 .text._ZN2bn18sprite_palette_ptrD2Ev
                0x080088d4       0x20 bn_palettes_manager.o
                0x080088d4                bn::sprite_palette_ptr::~sprite_palette_ptr()
                0x080088d4                bn::sprite_palette_ptr::~sprite_palette_ptr()
 .text.startup._GLOBAL__sub_I__ZN2bn11bg_palettes17used_colors_countEv
                0x080088f4       0x34 bn_palettes_manager.o
 .text._ZN2bn26sprite_affine_mats_manager12_GLOBAL__N_119_sprite_double_sizeILi32ELi16EEEbiiiii
                0x08008928       0x84 bn_sprite_affine_mats_manager.o
 .text._ZN2bn26sprite_affine_mats_manager12_GLOBAL__N_119_sprite_double_sizeILi16ELi32EEEbiiiii
                0x080089ac       0x84 bn_sprite_affine_mats_manager.o
 .text._ZN2bn26sprite_affine_mats_manager12_GLOBAL__N_111static_dataD2Ev
                0x08008a30       0x3c bn_sprite_affine_mats_manager.o
 .text._ZNK2bn26sprite_affine_mats_manager12_GLOBAL__N_19item_type18sprite_double_sizeEiRKNS_17sprite_shape_sizeE.isra.0
                0x08008a6c      0x1ac bn_sprite_affine_mats_manager.o
 .text._ZN2bn26sprite_affine_mats_manager12_GLOBAL__N_124_update_flipped_identityEi
                0x08008c18       0xbc bn_sprite_affine_mats_manager.o
 .text._ZNK2bn21sprite_affine_mat_ptr15horizontal_flipEv
                0x08008cd4       0x18 bn_sprite_affine_mats_manager.o
                0x08008cd4                bn::sprite_affine_mat_ptr::horizontal_flip() const
 .text._ZNK2bn21sprite_affine_mat_ptr13vertical_flipEv
                0x08008cec       0x18 bn_sprite_affine_mats_manager.o
                0x08008cec                bn::sprite_affine_mat_ptr::vertical_flip() const
 .text._ZNK2bn21sprite_affine_mat_ptr16flipped_identityEv
                0x08008d04       0x14 bn_sprite_affine_mats_manager.o
                0x08008d04                bn::sprite_affine_mat_ptr::flipped_identity() const
 .text._ZN2bn26sprite_affine_mats_manager13attach_spriteEiRNS_24intrusive_list_node_typeE
                0x08008d18       0x2c bn_sprite_affine_mats_manager.o
                0x08008d18                bn::sprite_affine_mats_manager::attach_sprite(int, bn::intrusive_list_node_type&)
 .text._ZN2bn26sprite_affine_mats_manager18sprite_double_sizeEiRKNS_17sprite_shape_sizeE
                0x08008d44       0x4c bn_sprite_affine_mats_manager.o
                0x08008d44                bn::sprite_affine_mats_manager::sprite_double_size(int, bn::sprite_shape_size const&)
 .text._ZN2bn26sprite_affine_mats_manager20retrieve_commit_dataEv
                0x08008d90       0x38 bn_sprite_affine_mats_manager.o
                0x08008d90                bn::sprite_affine_mats_manager::retrieve_commit_data()
 .text._ZN3_bn6assert9show_argsIA37_cEEvPKcS4_S4_iRKT_
                0x08008dc8       0x50 bn_sprite_affine_mats_manager.o
                0x08008dc8                void _bn::assert::show_args<char [37]>(char const*, char const*, char const*, int, char const (&) [37])
 .text._ZN2bn26sprite_affine_mats_manager9set_scaleEiNS_7fixed_tILi12EEE
                0x08008e18      0x144 bn_sprite_affine_mats_manager.o
                0x08008e18                bn::sprite_affine_mats_manager::set_scale(int, bn::fixed_t<12>)
 .text._ZN2bn21sprite_affine_mat_ptr9set_scaleENS_7fixed_tILi12EEE
                0x08008f5c       0x14 bn_sprite_affine_mats_manager.o
                0x08008f5c                bn::sprite_affine_mat_ptr::set_scale(bn::fixed_t<12>)
 .text._ZN3_bn6assert9show_argsIA16_cEEvPKcS4_S4_iRKT_
                0x08008f70       0x50 bn_sprite_affine_mats_manager.o
                0x08008f70                void _bn::assert::show_args<char [16]>(char const*, char const*, char const*, int, char const (&) [16])
 .text._ZN2bn26sprite_affine_mats_manager12_GLOBAL__N_115_new_item_indexEv
                0x08008fc0       0xd8 bn_sprite_affine_mats_manager.o
 .text._ZN2bn21sprite_affine_mat_ptr6createERKNS_21affine_mat_attributesE
                0x08009098      0x10c bn_sprite_affine_mats_manager.o
                0x08009098                bn::sprite_affine_mat_ptr::create(bn::affine_mat_attributes const&)
 .text._ZN2bn26sprite_affine_mats_manager15decrease_usagesEi.part.0
                0x080091a4       0x70 bn_sprite_affine_mats_manager.o
 .text._ZN2bn21sprite_affine_mat_ptrD2Ev
                0x08009214       0x34 bn_sprite_affine_mats_manager.o
                0x08009214                bn::sprite_affine_mat_ptr::~sprite_affine_mat_ptr()
                0x08009214                bn::sprite_affine_mat_ptr::~sprite_affine_mat_ptr()
 .text._ZN2bn26sprite_affine_mats_manager6updateEv
                0x08009248      0x2fc bn_sprite_affine_mats_manager.o
                0x08009248                bn::sprite_affine_mats_manager::update()
 .text._ZN2bn26sprite_affine_mats_manager4initEPv
                0x08009544      0x108 bn_sprite_affine_mats_manager.o
                0x08009544                bn::sprite_affine_mats_manager::init(void*)
 .text._ZN2bn26sprite_affine_mats_manager14dettach_spriteEiRNS_24intrusive_list_node_typeE
                0x0800964c       0x4c bn_sprite_affine_mats_manager.o
                0x0800964c                bn::sprite_affine_mats_manager::dettach_sprite(int, bn::intrusive_list_node_type&)
 .text.startup._GLOBAL__sub_I__ZN2bn18sprite_affine_mats10used_countEv
                0x08009698       0xb4 bn_sprite_affine_mats_manager.o
 .text._ZN2bn22isprite_animate_action9_set_refsERNS_10sprite_ptrERNS_17sprite_tiles_itemERNS_7ivectorItEE
                0x0800974c        0x4 bn_sprite_animate_actions.o
                0x0800974c                bn::isprite_animate_action::_set_refs(bn::sprite_ptr&, bn::sprite_tiles_item&, bn::ivector<unsigned short>&)
 .text._ZN2bn22isprite_animate_action16set_wait_updatesEi
                0x08009750       0x68 bn_sprite_animate_actions.o
                0x08009750                bn::isprite_animate_action::set_wait_updates(int)
 .text._ZN3_bn6assert9show_argsIA33_ciEEvPKcS4_S4_iRKT_RKT0_
                0x080097b8       0x58 bn_sprite_animate_actions.o
                0x080097b8                void _bn::assert::show_args<char [33], int>(char const*, char const*, char const*, int, char const (&) [33], int const&)
 .text._ZN2bn22isprite_animate_action24_assign_graphics_indexesERKNS_4spanIKtEE
                0x08009810       0x84 bn_sprite_animate_actions.o
                0x08009810                bn::isprite_animate_action::_assign_graphics_indexes(bn::span<unsigned short const> const&)
 .text._ZN2bn22isprite_animate_action6updateEv
                0x08009894       0xb8 bn_sprite_animate_actions.o
                0x08009894                bn::isprite_animate_action::update()
 .text._ZN2bn22isprite_animate_actionaSEOS0_
                0x0800994c       0xc8 bn_sprite_animate_actions.o
                0x0800994c                bn::isprite_animate_action::operator=(bn::isprite_animate_action&&)
 .text._ZN2bn12_GLOBAL__N_114_setup_builderERKNS_21sprite_text_generatorERNS_14sprite_builderE
                0x08009a14       0x68 bn_sprite_text_generator.o
 .text._ZN2bn21sprite_text_generator5_initEv
                0x08009a7c      0x1ac bn_sprite_text_generator.o
                0x08009a7c                bn::sprite_text_generator::_init()
 .text._ZN2bn21sprite_text_generatorC2ERKNS_11sprite_fontE
                0x08009c28       0x38 bn_sprite_text_generator.o
                0x08009c28                bn::sprite_text_generator::sprite_text_generator(bn::sprite_font const&)
                0x08009c28                bn::sprite_text_generator::sprite_text_generator(bn::sprite_font const&)
 .text._ZN3_bn6assert9show_argsIA54_cEEvPKcS4_S4_iRKT_
                0x08009c60       0x50 bn_sprite_text_generator.o
                0x08009c60                void _bn::assert::show_args<char [54]>(char const*, char const*, char const*, int, char const (&) [54])
 .text._ZN3_bn6assert9show_argsIJA25_ciA4_ctEEEvPKcS5_S5_iDpRKT_
                0x08009cb0       0x6c bn_sprite_text_generator.o
                0x08009cb0                void _bn::assert::show_args<char [25], int, char [4], unsigned short>(char const*, char const*, char const*, int, char const (&) [25], int const&, char const (&) [4], unsigned short const&)
 .text._ZN2bn14utf8_characterC2ERKc
                0x08009d1c      0x140 bn_sprite_text_generator.o
                0x08009d1c                bn::utf8_character::utf8_character(char const&)
                0x08009d1c                bn::utf8_character::utf8_character(char const&)
 .text._ZN2bn12_GLOBAL__N_115_graphics_indexEcRKNS_23utf8_characters_map_refEPKcRi.part.0
                0x08009e5c       0x8c bn_sprite_text_generator.o
 .text._ZN3_bn6assert9show_argsIJA20_ccA9_cN2bn11string_viewEA2_cEEEvPKcS8_S8_iDpRKT_
                0x08009ee8       0x70 bn_sprite_text_generator.o
                0x08009ee8                void _bn::assert::show_args<char [20], char, char [9], bn::string_view, char [2]>(char const*, char const*, char const*, int, char const (&) [20], char const&, char const (&) [9], bn::string_view const&, char const (&) [2])
 .text._ZNK2bn21sprite_text_generator5widthERKNS_11string_viewE
                0x08009f58      0x244 bn_sprite_text_generator.o
                0x08009f58                bn::sprite_text_generator::width(bn::string_view const&) const
 .text._ZN3_bn6assert9show_argsIA55_cEEvPKcS4_S4_iRKT_
                0x0800a19c       0x50 bn_sprite_text_generator.o
                0x0800a19c                void _bn::assert::show_args<char [55]>(char const*, char const*, char const*, int, char const (&) [55])
 .text._ZN2bn12_GLOBAL__N_120_build_sprite_assertILNS_11sprite_sizeE2EEEPNS_4tileERKNS_21sprite_text_generatorERKNS_18sprite_palette_ptrERKNS_13fixed_point_tILi12EEERNS_7ivectorINS_10sprite_ptrEEE
                0x0800a1ec      0x1a8 bn_sprite_text_generator.o
 .text._ZN2bn12_GLOBAL__N_120_build_sprite_assertILNS_11sprite_sizeE1EEEPNS_4tileERKNS_21sprite_text_generatorERKNS_18sprite_palette_ptrERKNS_13fixed_point_tILi12EEERNS_7ivectorINS_10sprite_ptrEEE
                0x0800a394      0x1a8 bn_sprite_text_generator.o
 .text._ZN2bn12_GLOBAL__N_19_generateILb0EEEbRKNS_21sprite_text_generatorERKNS_13fixed_point_tILi12EEERKNS_11string_viewERKNS_23utf8_characters_map_refEiibRNS_7ivectorINS_10sprite_ptrEEE.isra.0
                0x0800a53c     0x11c8 bn_sprite_text_generator.o
 .text._ZNK2bn21sprite_text_generator8generateENS_7fixed_tILi12EEES2_RKNS_11string_viewERNS_7ivectorINS_10sprite_ptrEEE
                0x0800b704       0x3c bn_sprite_text_generator.o
                0x0800b704                bn::sprite_text_generator::generate(bn::fixed_t<12>, bn::fixed_t<12>, bn::string_view const&, bn::ivector<bn::sprite_ptr>&) const
 .text._ZNK2bn16sprite_tiles_ptr2idEv
                0x0800b740       0x18 bn_sprite_tiles_manager.o
                0x0800b740                bn::sprite_tiles_ptr::id() const
 .text._ZNK2bn16sprite_tiles_ptr11tiles_countEv
                0x0800b758       0x18 bn_sprite_tiles_manager.o
                0x0800b758                bn::sprite_tiles_ptr::tiles_count() const
 .text._ZN2bn20sprite_tiles_manager10log_statusEv
                0x0800b770      0x1f0 bn_sprite_tiles_manager.o
                0x0800b770                bn::sprite_tiles_manager::log_status()
 .text._ZN2bn20sprite_tiles_manager19commit_uncompressedEb
                0x0800b960       0xdc bn_sprite_tiles_manager.o
                0x0800b960                bn::sprite_tiles_manager::commit_uncompressed(bool)
 .text._ZN3_bn6assert9show_argsIA27_chEEvPKcS4_S4_iRKT_RKT0_
                0x0800ba3c       0x58 bn_sprite_tiles_manager.o
                0x0800ba3c                void _bn::assert::show_args<char [27], unsigned char>(char const*, char const*, char const*, int, char const (&) [27], unsigned char const&)
 .text._ZN3_bn6assert9show_argsIJA44_cPKN2bn4tileEA4_cS6_EEEvPKcS9_S9_iDpRKT_
                0x0800ba94       0x6c bn_sprite_tiles_manager.o
                0x0800ba94                void _bn::assert::show_args<char [44], bn::tile const*, char [4], bn::tile const*>(char const*, char const*, char const*, int, char const (&) [44], bn::tile const* const&, char const (&) [4], bn::tile const* const&)
 .text._ZN3_bn6assert9show_argsIJA46_ciA4_cjEEEvPKcS5_S5_iDpRKT_
                0x0800bb00       0x6c bn_sprite_tiles_manager.o
                0x0800bb00                void _bn::assert::show_args<char [46], int, char [4], unsigned int>(char const*, char const*, char const*, int, char const (&) [46], int const&, char const (&) [4], unsigned int const&)
 .text._ZN2bn20sprite_tiles_manager12_GLOBAL__N_110_hw_commitEPKNS_4tileENS_16compression_typeEii
                0x0800bb6c       0x9c bn_sprite_tiles_manager.o
 .text._ZN2bn20sprite_tiles_manager17commit_compressedEv
                0x0800bc08       0x68 bn_sprite_tiles_manager.o
                0x0800bc08                bn::sprite_tiles_manager::commit_compressed()
 .text._ZN3_bn6assert9show_argsIJA28_cA15_cPKN2bn4tileEA16_ciA34_cNS4_11string_viewEEEEvPKcSC_SC_iDpRKT_
                0x0800bc70       0x84 bn_sprite_tiles_manager.o
                0x0800bc70                void _bn::assert::show_args<char [28], char [15], bn::tile const*, char [16], int, char [34], bn::string_view>(char const*, char const*, char const*, int, char const (&) [28], char const (&) [15], bn::tile const* const&, char const (&) [16], int const&, char const (&) [34], bn::string_view const&)
 .text._ZN3_bn6assert9show_argsIJA44_ciA34_cN2bn11string_viewEEEEvPKcS7_S7_iDpRKT_
                0x0800bcf4       0x68 bn_sprite_tiles_manager.o
                0x0800bcf4                void _bn::assert::show_args<char [44], int, char [34], bn::string_view>(char const*, char const*, char const*, int, char const (&) [44], int const&, char const (&) [34], bn::string_view const&)
 .text._ZN2bn20sprite_tiles_manager4initEv
                0x0800bd5c      0x190 bn_sprite_tiles_manager.o
                0x0800bd5c                bn::sprite_tiles_manager::init()
 .text._ZN2bn20sprite_tiles_manager12_GLOBAL__N_122_insert_to_commit_itemEiRNS1_9item_typeE.part.0
                0x0800beec       0x6c bn_sprite_tiles_manager.o
 .text._ZN2bn20sprite_tiles_manager12_GLOBAL__N_117_insert_free_itemEiPt
                0x0800bf58       0xcc bn_sprite_tiles_manager.o
 .text._ZN2bn20sprite_tiles_manager12_GLOBAL__N_116_erase_free_itemEi
                0x0800c024       0xe4 bn_sprite_tiles_manager.o
 .text._ZN2bn20sprite_tiles_manager12_GLOBAL__N_121_erase_to_commit_itemEiRNS1_9item_typeE.part.0
                0x0800c108       0xa4 bn_sprite_tiles_manager.o
 .text._ZN2bn20sprite_tiles_manager15decrease_usagesEi
                0x0800c1ac      0x13c bn_sprite_tiles_manager.o
                0x0800c1ac                bn::sprite_tiles_manager::decrease_usages(int)
 .text._ZN2bn16sprite_tiles_ptrD2Ev
                0x0800c2e8       0x18 bn_sprite_tiles_manager.o
                0x0800c2e8                bn::sprite_tiles_ptr::~sprite_tiles_ptr()
                0x0800c2e8                bn::sprite_tiles_ptr::~sprite_tiles_ptr()
 .text._ZN2bn20sprite_tiles_manager12_GLOBAL__N_110_find_implEPKNS_4tileENS_16compression_typeEi
                0x0800c300      0x28c bn_sprite_tiles_manager.o
 .text._ZN2bn20sprite_tiles_manager4vramEi
                0x0800c58c       0x4c bn_sprite_tiles_manager.o
                0x0800c58c                bn::sprite_tiles_manager::vram(int)
 .text._ZN2bn16sprite_tiles_ptr4vramEv
                0x0800c5d8       0x14 bn_sprite_tiles_manager.o
                0x0800c5d8                bn::sprite_tiles_ptr::vram()
 .text._ZNK2bn17sprite_tiles_item10find_tilesEi
                0x0800c5ec       0xc8 bn_sprite_tiles_manager.o
                0x0800c5ec                bn::sprite_tiles_item::find_tiles(int) const
 .text._ZN2bn20sprite_tiles_manager12_GLOBAL__N_122_insert_items_map_itemEPKNS_4tileEi
                0x0800c6b4       0xc0 bn_sprite_tiles_manager.o
 .text._ZN2bn20sprite_tiles_manager12_GLOBAL__N_121_erase_items_map_itemEPKNS_4tileE
                0x0800c774      0x220 bn_sprite_tiles_manager.o
 .text._ZN2bn20sprite_tiles_manager12_GLOBAL__N_112_create_itemEiPKNS_4tileENS_16compression_typeEib
                0x0800c994      0x1d0 bn_sprite_tiles_manager.o
 .text._ZN2bn20sprite_tiles_manager12_GLOBAL__N_114_allocate_implEi
                0x0800cb64       0xf8 bn_sprite_tiles_manager.o
 .text._ZN2bn20sprite_tiles_manager8allocateEiNS_8bpp_modeE
                0x0800cc5c       0xc4 bn_sprite_tiles_manager.o
                0x0800cc5c                bn::sprite_tiles_manager::allocate(int, bn::bpp_mode)
 .text._ZN2bn16sprite_tiles_ptr8allocateEiNS_8bpp_modeE
                0x0800cd20       0x18 bn_sprite_tiles_manager.o
                0x0800cd20                bn::sprite_tiles_ptr::allocate(int, bn::bpp_mode)
 .text._ZN2bn20sprite_tiles_manager6updateEv
                0x0800cd38      0x1b0 bn_sprite_tiles_manager.o
                0x0800cd38                bn::sprite_tiles_manager::update()
 .text._ZN2bn20sprite_tiles_manager12_GLOBAL__N_112_create_implEPKNS_4tileENS_16compression_typeEi
                0x0800cee8      0x1fc bn_sprite_tiles_manager.o
 .text._ZN2bn20sprite_tiles_manager6createERKNS_4spanIKNS_4tileEEENS_16compression_typeE
                0x0800d0e4       0x90 bn_sprite_tiles_manager.o
                0x0800d0e4                bn::sprite_tiles_manager::create(bn::span<bn::tile const> const&, bn::compression_type)
 .text._ZN2bn16sprite_tiles_ptr6createERKNS_17sprite_tiles_itemE
                0x0800d174       0x84 bn_sprite_tiles_manager.o
                0x0800d174                bn::sprite_tiles_ptr::create(bn::sprite_tiles_item const&)
 .text._ZN2bn16sprite_tiles_ptr6createERKNS_17sprite_tiles_itemEi
                0x0800d1f8       0xbc bn_sprite_tiles_manager.o
                0x0800d1f8                bn::sprite_tiles_ptr::create(bn::sprite_tiles_item const&, int)
 .text.startup._GLOBAL__sub_I__ZN2bn12sprite_tiles16used_tiles_countEv
                0x0800d2b4      0x12c bn_sprite_tiles_manager.o
 .text._ZN2bn15sprites_manager12_GLOBAL__N_132_always_update_indexes_to_commitERKNS_20sprites_manager_itemE
                0x0800d3e0       0x48 bn_sprites_manager.o
 .text._ZN2bn15sprites_manager12_GLOBAL__N_111static_dataD2Ev
                0x0800d428       0x44 bn_sprites_manager.o
 .text._ZN2bn13ostringstream11append_argsIiJA4_ciEEEvRKT_DpRKT0_.isra.0
                0x0800d46c       0x24 bn_sprites_manager.o
 .text._ZN2bn15sprites_manager12_GLOBAL__N_123_update_item_dimensionsERNS_20sprites_manager_itemE
                0x0800d490       0xcc bn_sprites_manager.o
 .text._ZN2bn10sprite_ptrC2ERKS0_
                0x0800d55c        0xc bn_sprites_manager.o
                0x0800d55c                bn::sprite_ptr::sprite_ptr(bn::sprite_ptr const&)
                0x0800d55c                bn::sprite_ptr::sprite_ptr(bn::sprite_ptr const&)
 .text._ZN2bn10sprite_ptr11set_visibleEb
                0x0800d568       0x64 bn_sprites_manager.o
                0x0800d568                bn::sprite_ptr::set_visible(bool)
 .text._ZN2bn15sprites_manager4initEv
                0x0800d5cc       0xd0 bn_sprites_manager.o
                0x0800d5cc                bn::sprites_manager::init()
 .text._ZN2bn15sprites_manager5hw_idEPv
                0x0800d69c        0x8 bn_sprites_manager.o
                0x0800d69c                bn::sprites_manager::hw_id(void*)
 .text._ZN2bn15sprites_manager5shapeEPv
                0x0800d6a4        0x8 bn_sprites_manager.o
                0x0800d6a4                bn::sprites_manager::shape(void*)
 .text._ZN2bn15sprites_manager4sizeEPv
                0x0800d6ac        0x8 bn_sprites_manager.o
                0x0800d6ac                bn::sprites_manager::size(void*)
 .text._ZN2bn15sprites_manager10shape_sizeEPv
                0x0800d6b4       0x14 bn_sprites_manager.o
                0x0800d6b4                bn::sprites_manager::shape_size(void*)
 .text._ZN2bn15sprites_manager11hw_positionEPv
                0x0800d6c8        0x4 bn_sprites_manager.o
                0x0800d6c8                bn::sprites_manager::hw_position(void*)
 .text._ZN2bn15sprites_manager9view_modeEPv
                0x0800d6cc        0xc bn_sprites_manager.o
                0x0800d6cc                bn::sprites_manager::view_mode(void*)
 .text._ZN2bn15sprites_manager10affine_matEPv
                0x0800d6d8        0x4 bn_sprites_manager.o
                0x0800d6d8                bn::sprites_manager::affine_mat(void*)
 .text._ZN2bn15sprites_manager22reserved_handles_countEv
                0x0800d6dc       0x10 bn_sprites_manager.o
                0x0800d6dc                bn::sprites_manager::reserved_handles_count()
 .text._ZN2bn15sprites_manager39fill_hblank_effect_horizontal_positionsEPviPKNS_7fixed_tILi12EEEPt
                0x0800d6ec       0x44 bn_sprites_manager.o
                0x0800d6ec                bn::sprites_manager::fill_hblank_effect_horizontal_positions(void*, int, bn::fixed_t<12> const*, unsigned short*)
 .text._ZN2bn15sprites_manager37fill_hblank_effect_vertical_positionsEPviPKNS_7fixed_tILi12EEEPt
                0x0800d730       0x44 bn_sprites_manager.o
                0x0800d730                bn::sprites_manager::fill_hblank_effect_vertical_positions(void*, int, bn::fixed_t<12> const*, unsigned short*)
 .text._ZN2bn15sprites_manager35fill_hblank_effect_first_attributesEiNS_12sprite_shapeENS_8bpp_modeEiPKNS_23sprite_first_attributesEPt
                0x0800d774      0x108 bn_sprites_manager.o
                0x0800d774                bn::sprites_manager::fill_hblank_effect_first_attributes(int, bn::sprite_shape, bn::bpp_mode, int, bn::sprite_first_attributes const*, unsigned short*)
 .text._ZN2bn15sprites_manager44fill_hblank_effect_regular_second_attributesEPviNS_11sprite_sizeEPKNS_32sprite_regular_second_attributesEPt
                0x0800d87c       0x60 bn_sprites_manager.o
                0x0800d87c                bn::sprites_manager::fill_hblank_effect_regular_second_attributes(void*, int, bn::sprite_size, bn::sprite_regular_second_attributes const*, unsigned short*)
 .text._ZN2bn15sprites_manager43fill_hblank_effect_affine_second_attributesEPviNS_11sprite_sizeEPKNS_31sprite_affine_second_attributesEPt
                0x0800d8dc       0x58 bn_sprites_manager.o
                0x0800d8dc                bn::sprites_manager::fill_hblank_effect_affine_second_attributes(void*, int, bn::sprite_size, bn::sprite_affine_second_attributes const*, unsigned short*)
 .text._ZN2bn15sprites_manager14update_camerasEv
                0x0800d934       0x20 bn_sprites_manager.o
                0x0800d934                bn::sprites_manager::update_cameras()
 .text._ZN2bn15sprites_manager23update_auto_double_sizeEPv
                0x0800d954       0x2c bn_sprites_manager.o
                0x0800d954                bn::sprites_manager::update_auto_double_size(void*)
 .text._ZN2bn15sprites_manager6commitEb
                0x0800d980       0xa4 bn_sprites_manager.o
                0x0800d980                bn::sprites_manager::commit(bool)
 .text._ZN2bn14sprite_builder20set_blending_enabledEb
                0x0800da24       0x3c bn_sprites_manager.o
                0x0800da24                bn::sprite_builder::set_blending_enabled(bool)
 .text._ZNK2bn17sprite_shape_size6heightEv.isra.0
                0x0800da60       0xd0 bn_sprites_manager.o
 .text._ZNK2bn17sprite_shape_size5widthEv.isra.0
                0x0800db30       0xcc bn_sprites_manager.o
 .text._ZN2bn15sprites_manager12_GLOBAL__N_118_remove_affine_matERNS_20sprites_manager_itemE
                0x0800dbfc       0xe8 bn_sprites_manager.o
 .text._ZN2bn15sprites_manager42remove_identity_affine_mat_when_not_neededEPv
                0x0800dce4        0xc bn_sprites_manager.o
                0x0800dce4                bn::sprites_manager::remove_identity_affine_mat_when_not_needed(void*)
 .text._ZN2bn14sprite_builder15release_paletteEv
                0x0800dcf0       0x6c bn_sprites_manager.o
                0x0800dcf0                bn::sprite_builder::release_palette()
 .text._ZN2bn14sprite_builder13release_tilesEv
                0x0800dd5c       0x6c bn_sprites_manager.o
                0x0800dd5c                bn::sprite_builder::release_tiles()
 .text._ZN2bn15sprites_manager7paletteEPv
                0x0800ddc8       0x34 bn_sprites_manager.o
                0x0800ddc8                bn::sprites_manager::palette(void*)
 .text._ZN2bn20sprites_manager_item13_builder_initERKNS_14sprite_builderE
                0x0800ddfc      0x36c bn_sprites_manager.o
                0x0800ddfc                bn::sprites_manager_item::_builder_init(bn::sprite_builder const&)
 .text._ZNK2bn20sprites_manager_item15new_double_sizeEi.part.0
                0x0800e168       0x30 bn_sprites_manager.o
 .text._ZN2bn15sprites_manager12_GLOBAL__N_118_assign_affine_matEbRNS_20sprites_manager_itemEONS_21sprite_affine_mat_ptrE
                0x0800e198      0x120 bn_sprites_manager.o
 .text._ZN2bn15sprites_manager18set_new_affine_matEPvRNS_21affine_mat_attributesE
                0x0800e2b8       0x94 bn_sprites_manager.o
                0x0800e2b8                bn::sprites_manager::set_new_affine_mat(void*, bn::affine_mat_attributes&)
 .text._ZN2bn10sprite_ptr20set_double_size_modeENS_23sprite_double_size_modeE
                0x0800e34c       0x94 bn_sprites_manager.o
                0x0800e34c                bn::sprite_ptr::set_double_size_mode(bn::sprite_double_size_mode)
 .text._ZN2bn14sprite_builder11set_z_orderEi
                0x0800e3e0       0x48 bn_sprites_manager.o
                0x0800e3e0                bn::sprite_builder::set_z_order(int)
 .text._ZN2bn14sprite_builderC2ERKNS_17sprite_shape_sizeENS_16sprite_tiles_ptrENS_18sprite_palette_ptrE
                0x0800e428      0x274 bn_sprites_manager.o
                0x0800e428                bn::sprite_builder::sprite_builder(bn::sprite_shape_size const&, bn::sprite_tiles_ptr, bn::sprite_palette_ptr)
                0x0800e428                bn::sprite_builder::sprite_builder(bn::sprite_shape_size const&, bn::sprite_tiles_ptr, bn::sprite_palette_ptr)
 .text._ZN2bn15sprites_manager9set_tilesEPvONS_16sprite_tiles_ptrE
                0x0800e69c      0x268 bn_sprites_manager.o
                0x0800e69c                bn::sprites_manager::set_tiles(void*, bn::sprite_tiles_ptr&&)
 .text._ZN2bn10sprite_ptr9set_tilesERKNS_17sprite_tiles_itemEi
                0x0800e904       0x80 bn_sprites_manager.o
                0x0800e904                bn::sprite_ptr::set_tiles(bn::sprite_tiles_item const&, int)
 .text._ZN2bn14sprite_builder15set_bg_priorityEi
                0x0800e984       0x38 bn_sprites_manager.o
                0x0800e984                bn::sprite_builder::set_bg_priority(int)
 .text._ZN2bn15sprites_manager6updateEv
                0x0800e9bc      0x150 bn_sprites_manager.o
                0x0800e9bc                bn::sprites_manager::update()
 .text._ZN3_bn6assert9show_argsIJA27_ciA4_ciEEEvPKcS5_S5_iDpRKT_
                0x0800eb0c       0x5c bn_sprites_manager.o
                0x0800eb0c                void _bn::assert::show_args<char [27], int, char [4], int>(char const*, char const*, char const*, int, char const (&) [27], int const&, char const (&) [4], int const&)
 .text._ZN2bn15sprites_manager35fill_hblank_effect_third_attributesENS_17sprite_shape_sizeEPKNS_23sprite_third_attributesEPt
                0x0800eb68      0x2f0 bn_sprites_manager.o
                0x0800eb68                bn::sprites_manager::fill_hblank_effect_third_attributes(bn::sprite_shape_size, bn::sprite_third_attributes const*, unsigned short*)
 .text._ZN2bn14sorted_sprites6sorter6insertERNS_20sprites_manager_itemE
                0x0800ee58      0x170 bn_sprites_manager.o
                0x0800ee58                bn::sorted_sprites::sorter::insert(bn::sprites_manager_item&)
 .text._ZN2bn15sprites_manager6createEONS_14sprite_builderE
                0x0800efc8      0x190 bn_sprites_manager.o
                0x0800efc8                bn::sprites_manager::create(bn::sprite_builder&&)
 .text._ZN2bn10sprite_ptr6createEONS_14sprite_builderE
                0x0800f158       0x14 bn_sprites_manager.o
                0x0800f158                bn::sprite_ptr::create(bn::sprite_builder&&)
 .text._ZN2bn15sprites_manager6createERKNS_13fixed_point_tILi12EEERKNS_17sprite_shape_sizeEONS_16sprite_tiles_ptrEONS_18sprite_palette_ptrE
                0x0800f16c      0x1dc bn_sprites_manager.o
                0x0800f16c                bn::sprites_manager::create(bn::fixed_point_t<12> const&, bn::sprite_shape_size const&, bn::sprite_tiles_ptr&&, bn::sprite_palette_ptr&&)
 .text._ZNK2bn11sprite_item13create_spriteENS_7fixed_tILi12EEES2_
                0x0800f348       0x44 bn_sprites_manager.o
                0x0800f348                bn::sprite_item::create_sprite(bn::fixed_t<12>, bn::fixed_t<12>) const
 .text._ZN2bn15sprites_manager15decrease_usagesEPv
                0x0800f38c      0x180 bn_sprites_manager.o
                0x0800f38c                bn::sprites_manager::decrease_usages(void*)
 .text._ZN2bn10sprite_ptrD2Ev
                0x0800f50c       0x18 bn_sprites_manager.o
                0x0800f50c                bn::sprite_ptr::~sprite_ptr()
                0x0800f50c                bn::sprite_ptr::~sprite_ptr()
 .text._ZN2bn10sprite_ptr9set_scaleENS_7fixed_tILi12EEE
                0x0800f524       0xbc bn_sprites_manager.o
                0x0800f524                bn::sprite_ptr::set_scale(bn::fixed_t<12>)
 .text.startup._GLOBAL__sub_I__ZN2bn7sprites16used_items_countEv
                0x0800f5e0       0xac bn_sprites_manager.o
 .text._ZN2bn13ostringstreamC2ERNS_12istring_baseE
                0x0800f68c        0x8 bn_sstream.o
                0x0800f68c                bn::ostringstream::ostringstream(bn::istring_base&)
                0x0800f68c                bn::ostringstream::ostringstream(bn::istring_base&)
 .text._ZNK2bn13ostringstream4sizeEv
                0x0800f694        0x8 bn_sstream.o
                0x0800f694                bn::ostringstream::size() const
 .text._ZN2bn13ostringstream6appendEPKc
                0x0800f69c       0xa4 bn_sstream.o
                0x0800f69c                bn::ostringstream::append(char const*)
 .text._ZN2bn13ostringstream6appendEi
                0x0800f740       0xa4 bn_sstream.o
                0x0800f740                bn::ostringstream::append(int)
 .text._ZN2bn13ostringstream6appendERKNS_11string_viewE
                0x0800f7e4       0xb8 bn_sstream.o
                0x0800f7e4                bn::ostringstream::append(bn::string_view const&)
 .text._ZN2bn13ostringstream6appendEj
                0x0800f89c       0xa4 bn_sstream.o
                0x0800f89c                bn::ostringstream::append(unsigned int)
 .text._ZN2bn13ostringstream6appendEPKv
                0x0800f940       0xfc bn_sstream.o
                0x0800f940                bn::ostringstream::append(void const*)
 .text._ZN2bn13ostringstream16_append_fractionEji
                0x0800fa3c      0x104 bn_sstream.o
                0x0800fa3c                bn::ostringstream::_append_fraction(unsigned int, int)
 .text._ZN2bn13ostringstream6appendEc
                0x0800fb40       0x44 bn_sstream.o
                0x0800fb40                bn::ostringstream::append(char)
 .text._ZN2bn18igeneric_pool_baseC2EPci
                0x0800fb84       0x10 bn_translation_unit.o
                0x0800fb84                bn::igeneric_pool_base::igeneric_pool_base(char*, int)
                0x0800fb84                bn::igeneric_pool_base::igeneric_pool_base(char*, int)
 .text._ZN2bn18igeneric_pool_base5_freeEPc
                0x0800fb94       0x10 bn_translation_unit.o
                0x0800fb94                bn::igeneric_pool_base::_free(char*)
 .text._ZN2bn5timerC2Ev
                0x0800fba4       0x24 bn_translation_unit.o
                0x0800fba4                bn::timer::timer()
                0x0800fba4                bn::timer::timer()
 .text._ZNK2bn5timer13elapsed_ticksEv
                0x0800fbc8       0x28 bn_translation_unit.o
                0x0800fbc8                bn::timer::elapsed_ticks() const
 .text._ZN2bn5timer7restartEv
                0x0800fbf0       0x24 bn_translation_unit.o
                0x0800fbf0                bn::timer::restart()
 .text._ZN2bn3logERKNS_12istring_baseE
                0x0800fc14       0x58 bn_translation_unit.o
                0x0800fc14                bn::log(bn::istring_base const&)
 .text._ZN2bn18igeneric_pool_baseD2Ev
                0x0800fc6c       0x30 bn_translation_unit.o
                0x0800fc6c                bn::igeneric_pool_base::~igeneric_pool_base()
                0x0800fc6c                bn::igeneric_pool_base::~igeneric_pool_base()
 .text._ZN2bn18igeneric_pool_base9_allocateEv
                0x0800fc9c       0x48 bn_translation_unit.o
                0x0800fc9c                bn::igeneric_pool_base::_allocate()
 .text._ZN2bn2hw5audio12_GLOBAL__N_111static_dataD2Ev
                0x0800fce4       0x18 bn_hw_audio.o
 .text._ZN2bn2hw5audio12_GLOBAL__N_17_commitEv
                0x0800fcfc       0x48 bn_hw_audio.o
 .text._ZN2bn2hw5audio12_GLOBAL__N_115_vblank_handlerEv
                0x0800fd44       0x24 bn_hw_audio.o
 .text._ZN2bn2hw5audio4initEv
                0x0800fd68       0x9c bn_hw_audio.o
                0x0800fd68                bn::hw::audio::init()
 .text._ZN2bn2hw5audio7disableEv
                0x0800fe04       0x34 bn_hw_audio.o
                0x0800fe04                bn::hw::audio::disable()
 .text._ZN2bn2hw5audio13music_playingEv
                0x0800fe38       0x20 bn_hw_audio.o
                0x0800fe38                bn::hw::audio::music_playing()
 .text._ZN2bn2hw5audio10play_musicEib
                0x0800fe58       0x1c bn_hw_audio.o
                0x0800fe58                bn::hw::audio::play_music(int, bool)
 .text._ZN2bn2hw5audio10stop_musicEv
                0x0800fe74       0x18 bn_hw_audio.o
                0x0800fe74                bn::hw::audio::stop_music()
 .text._ZN2bn2hw5audio11pause_musicEv
                0x0800fe8c       0x18 bn_hw_audio.o
                0x0800fe8c                bn::hw::audio::pause_music()
 .text._ZN2bn2hw5audio12resume_musicEv
                0x0800fea4       0x18 bn_hw_audio.o
                0x0800fea4                bn::hw::audio::resume_music()
 .text._ZN2bn2hw5audio17dmg_music_playingEv
                0x0800febc       0x2c bn_hw_audio.o
                0x0800febc                bn::hw::audio::dmg_music_playing()
 .text._ZN2bn2hw5audio14stop_dmg_musicEv
                0x0800fee8       0x28 bn_hw_audio.o
                0x0800fee8                bn::hw::audio::stop_dmg_music()
 .text._ZN2bn2hw5audio15pause_dmg_musicEv
                0x0800ff10       0x28 bn_hw_audio.o
                0x0800ff10                bn::hw::audio::pause_dmg_music()
 .text._ZN2bn2hw5audio16resume_dmg_musicEv
                0x0800ff38       0x28 bn_hw_audio.o
                0x0800ff38                bn::hw::audio::resume_dmg_music()
 .text._ZN2bn2hw5audio18dmg_music_positionERiS2_
                0x0800ff60       0x2c bn_hw_audio.o
                0x0800ff60                bn::hw::audio::dmg_music_position(int&, int&)
 .text._ZN2bn2hw5audio6updateEv
                0x0800ff8c       0x14 bn_hw_audio.o
                0x0800ff8c                bn::hw::audio::update()
 .text._ZN3_bn6assert9show_argsIA47_ciEEvPKcS4_S4_iRKT_RKT0_
                0x0800ffa0       0x58 bn_hw_audio.o
                0x0800ffa0                void _bn::assert::show_args<char [47], int>(char const*, char const*, char const*, int, char const (&) [47], int const&)
 .text._ZN2bn2hw5audio14play_dmg_musicEPKvNS_14dmg_music_typeEib
                0x0800fff8       0x8c bn_hw_audio.o
                0x0800fff8                bn::hw::audio::play_dmg_music(void const*, bn::dmg_music_type, int, bool)
 .text._ZN2bn2hw5audio22set_dmg_music_positionEii
                0x08010084       0x54 bn_hw_audio.o
                0x08010084                bn::hw::audio::set_dmg_music_position(int, int)
 .text._ZN2bn2hw5audio20set_dmg_music_volumeEii
                0x080100d8       0x40 bn_hw_audio.o
                0x080100d8                bn::hw::audio::set_dmg_music_volume(int, int)
 .text._ZN3_bn6assert9show_argsIA20_cjEEvPKcS4_S4_iRKT_RKT0_
                0x08010118       0x58 bn_hw_audio.o
                0x08010118                void _bn::assert::show_args<char [20], unsigned int>(char const*, char const*, char const*, int, char const (&) [20], unsigned int const&)
 .text._ZN2bn2hw5audio6commitEv
                0x08010170       0x58 bn_hw_audio.o
                0x08010170                bn::hw::audio::commit()
 .text._ZN2bn2hw5audio12_GLOBAL__N_119_add_sound_to_queueEit
                0x080101c8       0xa0 bn_hw_audio.o
 .text._ZN2bn2hw5audio12_GLOBAL__N_123_erase_sound_from_queueEt
                0x08010268       0x90 bn_hw_audio.o
 .text._ZN2bn2hw5audio10stop_soundEt
                0x080102f8       0x20 bn_hw_audio.o
                0x080102f8                bn::hw::audio::stop_sound(unsigned short)
 .text._ZN2bn2hw5audio13release_soundEt
                0x08010318       0x20 bn_hw_audio.o
                0x08010318                bn::hw::audio::release_sound(unsigned short)
 .text._ZN2bn2hw5audio15stop_all_soundsEv
                0x08010338       0x6c bn_hw_audio.o
                0x08010338                bn::hw::audio::stop_all_sounds()
 .text._ZN2bn2hw5audio12_GLOBAL__N_119_check_sounds_queueEv.part.0
                0x080103a4       0x98 bn_hw_audio.o
 .text._ZN2bn2hw5audio10play_soundEiiiii
                0x0801043c       0x48 bn_hw_audio.o
                0x0801043c                bn::hw::audio::play_sound(int, int, int, int, int)
 .text._ZN2bn2hw5audio10play_soundEii
                0x08010484       0x34 bn_hw_audio.o
                0x08010484                bn::hw::audio::play_sound(int, int)
 .text._ZN2bn2hw5audio19update_sounds_queueEv
                0x080104b8       0x90 bn_hw_audio.o
                0x080104b8                bn::hw::audio::update_sounds_queue()
 .text.startup._GLOBAL__sub_I__ZN2bn2hw5audio4initEv
                0x08010548       0x40 bn_hw_audio.o
 .text.__libc_init_array
                0x08010588       0x50 bn_hw_common.bn_noflto.o
                0x08010588                __libc_init_array
 .text.__aeabi_atexit
                0x080105d8        0x4 bn_hw_common.bn_noflto.o
                0x080105d8                __aeabi_atexit
 .text._ZN3_bn6assert9show_argsIA40_cEEvPKcS4_S4_iRKT_
                0x080105dc       0x50 bn_hw_common.bn_noflto.o
                0x080105dc                void _bn::assert::show_args<char [40]>(char const*, char const*, char const*, int, char const (&) [40])
 .text.__aeabi_idiv0
                0x0801062c       0x24 bn_hw_common.bn_noflto.o
                0x0801062c                __aeabi_idiv0
 .text._ZN2bn2hw4gpio4initEv
                0x08010650        0x8 bn_hw_gpio.bn_noflto.o
                0x08010650                bn::hw::gpio::init()
 .text._ZN2bn2hw4link12_GLOBAL__N_119_resetStateCallbackEv
                0x08010658       0x4c bn_hw_link.o
 .text._ZN2bn2hw4link4initEv
                0x080106a4      0x120 bn_hw_link.o
                0x080106a4                bn::hw::link::init()
 .text._ZN2bn2hw4link6activeEv
                0x080107c4       0x10 bn_hw_link.o
                0x080107c4                bn::hw::link::active()
 .text._ZN2bn2hw4link7disableEv
                0x080107d4       0x6c bn_hw_link.o
                0x080107d4                bn::hw::link::disable()
 .text._ZN2bn2hw4link6commitEv
                0x08010840       0x30 bn_hw_link.o
                0x08010840                bn::hw::link::commit()
 .text._ZN2bn2hw4link11_timer_intrEv
                0x08010870       0xf8 bn_hw_link.o
                0x08010870                bn::hw::link::_timer_intr()
 .text._ZN2bn2hw4link12_serial_intrEv
                0x08010968      0x1bc bn_hw_link.o
                0x08010968                bn::hw::link::_serial_intr()
 .text._ZN2bn2hw4link12_GLOBAL__N_117_sendDataCallbackEv
                0x08010b24       0xe4 bn_hw_link.o
 .text._ZN2bn2hw4link12_GLOBAL__N_124_receiveResponseCallbackERKNS_2lc12LinkResponseE
                0x08010c08      0x15c bn_hw_link.o
 .text.startup._GLOBAL__sub_I__ZN2bn2hw4link4initEv
                0x08010d64       0x68 bn_hw_link.o
 .text._ZN2bn2hw6memory4initEv
                0x08010dcc        0x4 bn_hw_memory.o
                0x08010dcc                bn::hw::memory::init()
 .text._ZN2bn2hw8palettes8contrastEPKNS_5colorEiiPS2_
                0x08010dd0       0x18 bn_hw_palettes.o
                0x08010dd0                bn::hw::palettes::contrast(bn::color const*, int, int, bn::color*)
 .text._ZN2bn2hw8palettes9intensityEPKNS_5colorEiiPS2_
                0x08010de8       0x18 bn_hw_palettes.o
                0x08010de8                bn::hw::palettes::intensity(bn::color const*, int, int, bn::color*)
 .text._ZN2bn2hw8palettes9hue_shiftEPKNS_5colorEiiPS2_
                0x08010e00      0x154 bn_hw_palettes.o
                0x08010e00                bn::hw::palettes::hue_shift(bn::color const*, int, int, bn::color*)
 .text._ZN2bn2hw8palettes6rotateEPKNS_5colorEiiPS2_
                0x08010f54       0x2c bn_hw_palettes.o
                0x08010f54                bn::hw::palettes::rotate(bn::color const*, int, int, bn::color*)
 .text._ZN2bn2hw4show5errorERKNS_11system_fontERKNS_11string_viewES7_S7_iS7_S7_
                0x08010f80      0x418 bn_hw_show.o
                0x08010f80                bn::hw::show::error(bn::system_font const&, bn::string_view const&, bn::string_view const&, bn::string_view const&, int, bn::string_view const&, bn::string_view const&)
 .text._ZN2bn2hw4sram4initEv
                0x08011398       0x18 bn_hw_sram.bn_noflto.o
                0x08011398                bn::hw::sram::init()
 .text._ZN2bn11system_fontC2Ev
                0x080113b0       0x18 bn_hw_system_font.o
                0x080113b0                bn::system_font::system_font()
                0x080113b0                bn::system_font::system_font()
 .text._ZNK2bn11system_font8tte_fontEv
                0x080113c8        0x4 bn_hw_system_font.o
                0x080113c8                bn::system_font::tte_font() const
 .text._ZN2bn2hw4text5parseEPKvRNS_5arrayIcLi32EEE
                0x080113cc       0x30 bn_hw_text.o
                0x080113cc                bn::hw::text::parse(void const*, bn::array<char, 32>&)
 .text._ZN2bn2hw4text5parseEjRNS_5arrayIcLi32EEE
                0x080113fc       0xa0 bn_hw_text.o
                0x080113fc                bn::hw::text::parse(unsigned int, bn::array<char, 32>&)
 .text._ZN2bn2hw4text5parseEiRNS_5arrayIcLi32EEE
                0x0801149c       0xbc bn_hw_text.o
                0x0801149c                bn::hw::text::parse(int, bn::array<char, 32>&)
 .text._Z7VgmStopv
                0x08011558       0xc0 vgm.o
                0x08011558                VgmStop()
 .text._Z7VgmPlayPKhb
                0x08011618       0x28 vgm.o
                0x08011618                VgmPlay(unsigned char const*, bool)
 .text._Z13VgmIntrVblankv
                0x08011640       0x80 vgm.o
                0x08011640                VgmIntrVblank()
 .text._Z9VgmActivev
                0x080116c0       0x10 vgm.o
                0x080116c0                VgmActive()
 .text._Z16VgmGetOffsetPlayv
                0x080116d0        0xc vgm.o
                0x080116d0                VgmGetOffsetPlay()
 .text._Z16VgmSetOffsetPlayj
                0x080116dc       0x10 vgm.o
                0x080116dc                VgmSetOffsetPlay(unsigned int)
 .text._Z8VgmPausev
                0x080116ec       0x20 vgm.o
                0x080116ec                VgmPause()
 .text._Z9VgmResumev
                0x0801170c       0x18 vgm.o
                0x0801170c                VgmResume()
 .text.clr_grayscale
                0x08011724       0x7c tonc_color.o
                0x08011724                clr_grayscale
 .text.sbmp16_rect
                0x080117a0       0x6c tonc_sbmp16.o
                0x080117a0                sbmp16_rect
 .text.bmp16_drawg_b1cts
                0x0801180c       0xb0 bmp16_drawg_b1cs.o
                0x0801180c                bmp16_drawg_b1cts
 .text.bmp16_erase
                0x080118bc       0x24 tte_init_bmp.o
                0x080118bc                bmp16_erase
 .text.tte_init_bmp
                0x080118e0       0x60 tte_init_bmp.o
                0x080118e0                tte_init_bmp
 .text.dummy_drawg
                0x08011940        0x4 tte_main.o
                0x08011940                dummy_drawg
 .text.dummy_erase
                0x08011944        0x4 tte_main.o
                0x08011944                dummy_erase
 .text.tte_init_base
                0x08011948       0x68 tte_main.o
                0x08011948                tte_init_base
 .text.utf8_decode_char
                0x080119b0       0xb4 tte_main.o
                0x080119b0                utf8_decode_char
 .text.tte_write
                0x08011a64       0xe8 tte_main.o
                0x08011a64                tte_write
 .text.tte_get_text_size
                0x08011b4c       0xa4 tte_main.o
                0x08011b4c                tte_get_text_size
 .text.tte_set_margins
                0x08011bf0       0x18 tte_main.o
                0x08011bf0                tte_set_margins
 .text.IRQ_Init
                0x08011c08       0x48 interrupts_gba.o
                0x08011c08                IRQ_Init
 .text.IRQ_SetHandler
                0x08011c50        0xc interrupts_gba.o
                0x08011c50                IRQ_SetHandler
 .text.IRQ_Enable
                0x08011c5c       0x60 interrupts_gba.o
                0x08011c5c                IRQ_Enable
 .text.IRQ_Disable
                0x08011cbc       0x5c interrupts_gba.o
                0x08011cbc                IRQ_Disable
 .text.channel3_refresh_registers
                0x08011d18       0xd0 gbt_player.o
 .text.gbt_refresh_pattern_ptr
                0x08011de8       0x84 gbt_player.o
 .text.gbt_ch1234_nop
                0x08011e6c        0x4 gbt_player.o
 .text.gbt_ch1234_speed
                0x08011e70       0x10 gbt_player.o
 .text.gbt_ch1234_jump_pattern
                0x08011e80       0x14 gbt_player.o
 .text.gbt_ch1234_jump_position
                0x08011e94       0x1c gbt_player.o
 .text.gbt_ch1234_event
                0x08011eb0       0x24 gbt_player.o
 .text.gbt_ch1_pan
                0x08011ed4       0x10 gbt_player.o
 .text.gbt_ch1_cut_note
                0x08011ee4       0x10 gbt_player.o
 .text.gbt_ch1_arpeggio
                0x08011ef4       0x34 gbt_player.o
 .text.gbt_ch1_vibrato
                0x08011f28       0x20 gbt_player.o
 .text.gbt_ch1_volslide
                0x08011f48       0x10 gbt_player.o
 .text.gbt_ch2_pan
                0x08011f58       0x10 gbt_player.o
 .text.gbt_ch2_cut_note
                0x08011f68       0x10 gbt_player.o
 .text.gbt_ch2_arpeggio
                0x08011f78       0x34 gbt_player.o
 .text.gbt_ch2_vibrato
                0x08011fac       0x20 gbt_player.o
 .text.gbt_ch2_volslide
                0x08011fcc       0x10 gbt_player.o
 .text.gbt_ch3_pan
                0x08011fdc       0x10 gbt_player.o
 .text.gbt_ch3_cut_note
                0x08011fec       0x10 gbt_player.o
 .text.gbt_ch3_arpeggio
                0x08011ffc       0x34 gbt_player.o
 .text.gbt_ch3_vibrato
                0x08012030       0x20 gbt_player.o
 .text.gbt_ch4_pan
                0x08012050       0x14 gbt_player.o
 .text.gbt_ch4_cut_note
                0x08012064       0x10 gbt_player.o
 .text.gbt_ch4_volslide
                0x08012074       0x10 gbt_player.o
 .text.gbt_update_refresh_panning
                0x08012084       0x50 gbt_player.o
 .text.gbt_run_startup_commands.part.0
                0x080120d4       0xd0 gbt_player.o
 .text.gbt_update_effects_internal
                0x080121a4      0x2cc gbt_player.o
 .text.gbt_play
                0x08012470      0x1dc gbt_player.o
                0x08012470                gbt_play
 .text.gbt_volume
                0x0801264c       0x68 gbt_player.o
                0x0801264c                gbt_volume
 .text.gbt_is_playing
                0x080126b4        0xc gbt_player.o
                0x080126b4                gbt_is_playing
 .text.gbt_pause
                0x080126c0       0x48 gbt_player.o
                0x080126c0                gbt_pause
 .text.gbt_loop
                0x08012708        0xc gbt_player.o
                0x08012708                gbt_loop
 .text.gbt_stop
                0x08012714       0x24 gbt_player.o
                0x08012714                gbt_stop
 .text.gbt_update
                0x08012738      0x678 gbt_player.o
                0x08012738                gbt_update
 .text.gbt_get_position_unsafe